86.134.118.70 - - [04/Oct/2024:01:38:01 +0000] "GET /v1-list-pomodoro-history?startDate=2024-10-04&endDate=2024-10-05 HTTP/1.1" 304 0 "https://time.fyi/" "Mozilla/5.0 (Macintosh; Intel Mac OS X 10_15_7) AppleWebKit/537.36 (KHTML, like Gecko) Chrome/128.0.0.0 Safari/537.36"
86.134.118.70 - - [04/Oct/2024:01:38:02 +0000] "GET /v1-list-previous-pending-tasks/66d4b1d0a92bedb5aa316f75?date=2024-10-04 HTTP/1.1" 304 0 "https://time.fyi/" "Mozilla/5.0 (Macintosh; Intel Mac OS X 10_15_7) AppleWebKit/537.36 (KHTML, like Gecko) Chrome/128.0.0.0 Safari/537.36"
86.134.118.70 - - [04/Oct/2024:01:38:03 +0000] "GET /v1-me HTTP/1.1" 304 0 "https://time.fyi/" "Mozilla/5.0 (Macintosh; Intel Mac OS X 10_15_7) AppleWebKit/537.36 (KHTML, like Gecko) Chrome/128.0.0.0 Safari/537.36"
86.134.118.70 - - [04/Oct/2024:01:38:03 +0000] "GET /v1-list-workspaces HTTP/1.1" 304 0 "https://time.fyi/" "Mozilla/5.0 (Macintosh; Intel Mac OS X 10_15_7) AppleWebKit/537.36 (KHTML, like Gecko) Chrome/128.0.0.0 Safari/537.36"
86.134.118.70 - - [04/Oct/2024:01:38:03 +0000] "GET /v1-list-projects/66d4b1d0a92bedb5aa316f73 HTTP/1.1" 304 0 "https://time.fyi/" "Mozilla/5.0 (Macintosh; Intel Mac OS X 10_15_7) AppleWebKit/537.36 (KHTML, like Gecko) Chrome/128.0.0.0 Safari/537.36"
86.134.118.70 - - [04/Oct/2024:01:38:03 +0000] "GET /v1-list-all-tasks/66d4b1d0a92bedb5aa316f75?status=all&date=2024-10-04 HTTP/1.1" 304 0 "https://time.fyi/" "Mozilla/5.0 (Macintosh; Intel Mac OS X 10_15_7) AppleWebKit/537.36 (KHTML, like Gecko) Chrome/128.0.0.0 Safari/537.36"
86.134.118.70 - - [04/Oct/2024:01:38:03 +0000] "GET /v1-list-pomodoro-history?startDate=2024-10-04&endDate=2024-10-05 HTTP/1.1" 304 0 "https://time.fyi/" "Mozilla/5.0 (Macintosh; Intel Mac OS X 10_15_7) AppleWebKit/537.36 (KHTML, like Gecko) Chrome/128.0.0.0 Safari/537.36"
86.134.118.70 - - [04/Oct/2024:01:38:03 +0000] "GET /v1-list-previous-pending-tasks/66d4b1d0a92bedb5aa316f75?date=2024-10-04 HTTP/1.1" 304 0 "https://time.fyi/" "Mozilla/5.0 (Macintosh; Intel Mac OS X 10_15_7) AppleWebKit/537.36 (KHTML, like Gecko) Chrome/128.0.0.0 Safari/537.36"
159.89.185.30 - - [04/Oct/2024:01:38:04 +0000] "GET /v1-health HTTP/1.1" 200 51 "-" "DigitalOcean Uptime Probe 0.22.0 (https://digitalocean.com)"
178.128.94.113 - - [04/Oct/2024:01:38:18 +0000] "GET /v1-health HTTP/1.1" 200 51 "-" "DigitalOcean Uptime Probe 0.22.0 (https://digitalocean.com)"
142.93.136.176 - - [04/Oct/2024:01:38:22 +0000] "GET /v1-health HTTP/1.1" 200 51 "-" "DigitalOcean Uptime Probe 0.22.0 (https://digitalocean.com)"
138.68.248.85 - - [04/Oct/2024:01:38:22 +0000] "GET /v1-health HTTP/1.1" 200 51 "-" "DigitalOcean Uptime Probe 0.22.0 (https://digitalocean.com)"
185.12.59.118 - - [04/Oct/2024:01:38:23 +0000] "GET / HTTP/1.1" 400 264 "-" "-"
159.89.185.30 - - [04/Oct/2024:01:39:04 +0000] "GET /v1-health HTTP/1.1" 200 51 "-" "DigitalOcean Uptime Probe 0.22.0 (https://digitalocean.com)"
86.134.118.70 - - [04/Oct/2024:01:39:10 +0000] "GET /v1-me HTTP/1.1" 304 0 "https://time.fyi/" "Mozilla/5.0 (Macintosh; Intel Mac OS X 10_15_7) AppleWebKit/537.36 (KHTML, like Gecko) Chrome/128.0.0.0 Safari/537.36"
86.134.118.70 - - [04/Oct/2024:01:39:10 +0000] "GET /v1-me HTTP/1.1" 304 0 "https://time.fyi/" "Mozilla/5.0 (Macintosh; Intel Mac OS X 10_15_7) AppleWebKit/537.36 (KHTML, like Gecko) Chrome/128.0.0.0 Safari/537.36"
86.134.118.70 - - [04/Oct/2024:01:39:11 +0000] "GET /v1-list-workspaces HTTP/1.1" 304 0 "https://time.fyi/" "Mozilla/5.0 (Macintosh; Intel Mac OS X 10_15_7) AppleWebKit/537.36 (KHTML, like Gecko) Chrome/128.0.0.0 Safari/537.36"
86.134.118.70 - - [04/Oct/2024:01:39:11 +0000] "GET /v1-list-projects/66d4b1d0a92bedb5aa316f73 HTTP/1.1" 304 0 "https://time.fyi/" "Mozilla/5.0 (Macintosh; Intel Mac OS X 10_15_7) AppleWebKit/537.36 (KHTML, like Gecko) Chrome/128.0.0.0 Safari/537.36"
86.134.118.70 - - [04/Oct/2024:01:39:11 +0000] "GET /v1-list-all-tasks/66d4b1d0a92bedb5aa316f75?status=all&date=2024-10-04 HTTP/1.1" 304 0 "https://time.fyi/" "Mozilla/5.0 (Macintosh; Intel Mac OS X 10_15_7) AppleWebKit/537.36 (KHTML, like Gecko) Chrome/128.0.0.0 Safari/537.36"
86.134.118.70 - - [04/Oct/2024:01:39:11 +0000] "GET /v1-list-pomodoro-history?startDate=2024-10-04&endDate=2024-10-05 HTTP/1.1" 304 0 "https://time.fyi/" "Mozilla/5.0 (Macintosh; Intel Mac OS X 10_15_7) AppleWebKit/537.36 (KHTML, like Gecko) Chrome/128.0.0.0 Safari/537.36"
86.134.118.70 - - [04/Oct/2024:01:39:11 +0000] "GET /v1-list-previous-pending-tasks/66d4b1d0a92bedb5aa316f75?date=2024-10-04 HTTP/1.1" 304 0 "https://time.fyi/" "Mozilla/5.0 (Macintosh; Intel Mac OS X 10_15_7) AppleWebKit/537.36 (KHTML, like Gecko) Chrome/128.0.0.0 Safari/537.36"
86.134.118.70 - - [04/Oct/2024:01:39:12 +0000] "GET /v1-me HTTP/1.1" 304 0 "https://time.fyi/" "Mozilla/5.0 (Macintosh; Intel Mac OS X 10_15_7) AppleWebKit/537.36 (KHTML, like Gecko) Chrome/128.0.0.0 Safari/537.36"
86.134.118.70 - - [04/Oct/2024:01:39:12 +0000] "GET /v1-list-workspaces HTTP/1.1" 304 0 "https://time.fyi/" "Mozilla/5.0 (Macintosh; Intel Mac OS X 10_15_7) AppleWebKit/537.36 (KHTML, like Gecko) Chrome/128.0.0.0 Safari/537.36"
86.134.118.70 - - [04/Oct/2024:01:39:12 +0000] "GET /v1-list-projects/66d4b1d0a92bedb5aa316f73 HTTP/1.1" 304 0 "https://time.fyi/" "Mozilla/5.0 (Macintosh; Intel Mac OS X 10_15_7) AppleWebKit/537.36 (KHTML, like Gecko) Chrome/128.0.0.0 Safari/537.36"
86.134.118.70 - - [04/Oct/2024:01:39:12 +0000] "GET /v1-list-all-tasks/66d4b1d0a92bedb5aa316f75?status=all&date=2024-10-04 HTTP/1.1" 304 0 "https://time.fyi/" "Mozilla/5.0 (Macintosh; Intel Mac OS X 10_15_7) AppleWebKit/537.36 (KHTML, like Gecko) Chrome/128.0.0.0 Safari/537.36"
86.134.118.70 - - [04/Oct/2024:01:39:12 +0000] "GET /v1-list-pomodoro-history?startDate=2024-10-04&endDate=2024-10-05 HTTP/1.1" 304 0 "https://time.fyi/" "Mozilla/5.0 (Macintosh; Intel Mac OS X 10_15_7) AppleWebKit/537.36 (KHTML, like Gecko) Chrome/128.0.0.0 Safari/537.36"
86.134.118.70 - - [04/Oct/2024:01:39:13 +0000] "GET /v1-list-previous-pending-tasks/66d4b1d0a92bedb5aa316f75?date=2024-10-04 HTTP/1.1" 304 0 "https://time.fyi/" "Mozilla/5.0 (Macintosh; Intel Mac OS X 10_15_7) AppleWebKit/537.36 (KHTML, like Gecko) Chrome/128.0.0.0 Safari/537.36"
178.128.94.113 - - [04/Oct/2024:01:39:18 +0000] "GET /v1-health HTTP/1.1" 200 51 "-" "DigitalOcean Uptime Probe 0.22.0 (https://digitalocean.com)"
142.93.136.176 - - [04/Oct/2024:01:39:22 +0000] "GET /v1-health HTTP/1.1" 200 51 "-" "DigitalOcean Uptime Probe 0.22.0 (https://digitalocean.com)"
138.68.248.85 - - [04/Oct/2024:01:39:22 +0000] "GET /v1-health HTTP/1.1" 200 51 "-" "DigitalOcean Uptime Probe 0.22.0 (https://digitalocean.com)"
167.172.171.89 - - [04/Oct/2024:01:39:39 +0000] "GET /v1-health HTTP/1.1" 200 51 "-" "Mozilla/5.0 (Windows NT 10.0; Win64; x64) AppleWebKit/537.36 (KHTML, like Gecko) Chrome/129.0.0.0 Safari/537.36 (StatusCake)"
159.89.185.30 - - [04/Oct/2024:01:40:04 +0000] "GET /v1-health HTTP/1.1" 200 51 "-" "DigitalOcean Uptime Probe 0.22.0 (https://digitalocean.com)"
185.16.39.118 - - [04/Oct/2024:01:40:06 +0000] "GET / HTTP/1.1" 200 409 "-" "Mozilla/5.0 (Windows NT 10.0; Win64; x64) AppleWebKit/537.36 (KHTML, like Gecko) Chrome/90.0.4430.85 Safari/537.36 Edg/90.0.818.46"
178.128.94.113 - - [04/Oct/2024:01:40:18 +0000] "GET /v1-health HTTP/1.1" 200 51 "-" "DigitalOcean Uptime Probe 0.22.0 (https://digitalocean.com)"
142.93.136.176 - - [04/Oct/2024:01:40:22 +0000] "GET /v1-health HTTP/1.1" 200 51 "-" "DigitalOcean Uptime Probe 0.22.0 (https://digitalocean.com)"
138.68.248.85 - - [04/Oct/2024:01:40:22 +0000] "GET /v1-health HTTP/1.1" 200 51 "-" "DigitalOcean Uptime Probe 0.22.0 (https://digitalocean.com)"
159.89.185.30 - - [04/Oct/2024:01:41:04 +0000] "GET /v1-health HTTP/1.1" 200 51 "-" "DigitalOcean Uptime Probe 0.22.0 (https://digitalocean.com)"
86.134.118.70 - - [04/Oct/2024:01:41:07 +0000] "GET /v1-me HTTP/1.1" 304 0 "https://time.fyi/" "Mozilla/5.0 (Macintosh; Intel Mac OS X 10_15_7) AppleWebKit/537.36 (KHTML, like Gecko) Chrome/128.0.0.0 Safari/537.36"
86.134.118.70 - - [04/Oct/2024:01:41:07 +0000] "GET /v1-list-workspaces HTTP/1.1" 304 0 "https://time.fyi/" "Mozilla/5.0 (Macintosh; Intel Mac OS X 10_15_7) AppleWebKit/537.36 (KHTML, like Gecko) Chrome/128.0.0.0 Safari/537.36"
86.134.118.70 - - [04/Oct/2024:01:41:07 +0000] "GET /v1-list-projects/66d4b1d0a92bedb5aa316f73 HTTP/1.1" 304 0 "https://time.fyi/" "Mozilla/5.0 (Macintosh; Intel Mac OS X 10_15_7) AppleWebKit/537.36 (KHTML, like Gecko) Chrome/128.0.0.0 Safari/537.36"
86.134.118.70 - - [04/Oct/2024:01:41:07 +0000] "GET /v1-list-all-tasks/66d4b1d0a92bedb5aa316f75?status=all&date=2024-10-04 HTTP/1.1" 304 0 "https://time.fyi/" "Mozilla/5.0 (Macintosh; Intel Mac OS X 10_15_7) AppleWebKit/537.36 (KHTML, like Gecko) Chrome/128.0.0.0 Safari/537.36"
86.134.118.70 - - [04/Oct/2024:01:41:07 +0000] "GET /v1-list-pomodoro-history?startDate=2024-10-04&endDate=2024-10-05 HTTP/1.1" 304 0 "https://time.fyi/" "Mozilla/5.0 (Macintosh; Intel Mac OS X 10_15_7) AppleWebKit/537.36 (KHTML, like Gecko) Chrome/128.0.0.0 Safari/537.36"
86.134.118.70 - - [04/Oct/2024:01:41:08 +0000] "GET /v1-list-previous-pending-tasks/66d4b1d0a92bedb5aa316f75?date=2024-10-04 HTTP/1.1" 304 0 "https://time.fyi/" "Mozilla/5.0 (Macintosh; Intel Mac OS X 10_15_7) AppleWebKit/537.36 (KHTML, like Gecko) Chrome/128.0.0.0 Safari/537.36"
86.134.118.70 - - [04/Oct/2024:01:41:08 +0000] "GET /v1-me HTTP/1.1" 304 0 "https://time.fyi/" "Mozilla/5.0 (Macintosh; Intel Mac OS X 10_15_7) AppleWebKit/537.36 (KHTML, like Gecko) Chrome/128.0.0.0 Safari/537.36"
86.134.118.70 - - [04/Oct/2024:01:41:08 +0000] "GET /v1-list-workspaces HTTP/1.1" 304 0 "https://time.fyi/" "Mozilla/5.0 (Macintosh; Intel Mac OS X 10_15_7) AppleWebKit/537.36 (KHTML, like Gecko) Chrome/128.0.0.0 Safari/537.36"
86.134.118.70 - - [04/Oct/2024:01:41:08 +0000] "GET /v1-list-projects/66d4b1d0a92bedb5aa316f73 HTTP/1.1" 304 0 "https://time.fyi/" "Mozilla/5.0 (Macintosh; Intel Mac OS X 10_15_7) AppleWebKit/537.36 (KHTML, like Gecko) Chrome/128.0.0.0 Safari/537.36"
86.134.118.70 - - [04/Oct/2024:01:41:09 +0000] "GET /v1-list-all-tasks/66d4b1d0a92bedb5aa316f75?status=all&date=2024-10-04 HTTP/1.1" 304 0 "https://time.fyi/" "Mozilla/5.0 (Macintosh; Intel Mac OS X 10_15_7) AppleWebKit/537.36 (KHTML, like Gecko) Chrome/128.0.0.0 Safari/537.36"
86.134.118.70 - - [04/Oct/2024:01:41:09 +0000] "GET /v1-list-pomodoro-history?startDate=2024-10-04&endDate=2024-10-05 HTTP/1.1" 304 0 "https://time.fyi/" "Mozilla/5.0 (Macintosh; Intel Mac OS X 10_15_7) AppleWebKit/537.36 (KHTML, like Gecko) Chrome/128.0.0.0 Safari/537.36"
86.134.118.70 - - [04/Oct/2024:01:41:09 +0000] "GET /v1-list-previous-pending-tasks/66d4b1d0a92bedb5aa316f75?date=2024-10-04 HTTP/1.1" 304 0 "https://time.fyi/" "Mozilla/5.0 (Macintosh; Intel Mac OS X 10_15_7) AppleWebKit/537.36 (KHTML, like Gecko) Chrome/128.0.0.0 Safari/537.36"
86.134.118.70 - - [04/Oct/2024:01:41:09 +0000] "GET /v1-me HTTP/1.1" 304 0 "https://time.fyi/" "Mozilla/5.0 (Macintosh; Intel Mac OS X 10_15_7) AppleWebKit/537.36 (KHTML, like Gecko) Chrome/128.0.0.0 Safari/537.36"
86.134.118.70 - - [04/Oct/2024:01:41:09 +0000] "GET /v1-list-workspaces HTTP/1.1" 304 0 "https://time.fyi/" "Mozilla/5.0 (Macintosh; Intel Mac OS X 10_15_7) AppleWebKit/537.36 (KHTML, like Gecko) Chrome/128.0.0.0 Safari/537.36"
86.134.118.70 - - [04/Oct/2024:01:41:10 +0000] "GET /v1-list-projects/66d4b1d0a92bedb5aa316f73 HTTP/1.1" 304 0 "https://time.fyi/" "Mozilla/5.0 (Macintosh; Intel Mac OS X 10_15_7) AppleWebKit/537.36 (KHTML, like Gecko) Chrome/128.0.0.0 Safari/537.36"
86.134.118.70 - - [04/Oct/2024:01:41:10 +0000] "GET /v1-list-all-tasks/66d4b1d0a92bedb5aa316f75?status=all&date=2024-10-04 HTTP/1.1" 304 0 "https://time.fyi/" "Mozilla/5.0 (Macintosh; Intel Mac OS X 10_15_7) AppleWebKit/537.36 (KHTML, like Gecko) Chrome/128.0.0.0 Safari/537.36"
86.134.118.70 - - [04/Oct/2024:01:41:10 +0000] "GET /v1-list-pomodoro-history?startDate=2024-10-04&endDate=2024-10-05 HTTP/1.1" 304 0 "https://time.fyi/" "Mozilla/5.0 (Macintosh; Intel Mac OS X 10_15_7) AppleWebKit/537.36 (KHTML, like Gecko) Chrome/128.0.0.0 Safari/537.36"
86.134.118.70 - - [04/Oct/2024:01:41:10 +0000] "GET /v1-list-previous-pending-tasks/66d4b1d0a92bedb5aa316f75?date=2024-10-04 HTTP/1.1" 304 0 "https://time.fyi/" "Mozilla/5.0 (Macintosh; Intel Mac OS X 10_15_7) AppleWebKit/537.36 (KHTML, like Gecko) Chrome/128.0.0.0 Safari/537.36"
86.134.118.70 - - [04/Oct/2024:01:41:11 +0000] "GET /v1-me HTTP/1.1" 304 0 "https://time.fyi/" "Mozilla/5.0 (Macintosh; Intel Mac OS X 10_15_7) AppleWebKit/537.36 (KHTML, like Gecko) Chrome/128.0.0.0 Safari/537.36"
86.134.118.70 - - [04/Oct/2024:01:41:11 +0000] "GET /v1-list-workspaces HTTP/1.1" 304 0 "https://time.fyi/" "Mozilla/5.0 (Macintosh; Intel Mac OS X 10_15_7) AppleWebKit/537.36 (KHTML, like Gecko) Chrome/128.0.0.0 Safari/537.36"
86.134.118.70 - - [04/Oct/2024:01:41:11 +0000] "GET /v1-list-projects/66d4b1d0a92bedb5aa316f73 HTTP/1.1" 304 0 "https://time.fyi/" "Mozilla/5.0 (Macintosh; Intel Mac OS X 10_15_7) AppleWebKit/537.36 (KHTML, like Gecko) Chrome/128.0.0.0 Safari/537.36"
86.134.118.70 - - [04/Oct/2024:01:41:12 +0000] "GET /v1-list-all-tasks/66d4b1d0a92bedb5aa316f75?status=all&date=2024-10-04 HTTP/1.1" 304 0 "https://time.fyi/" "Mozilla/5.0 (Macintosh; Intel Mac OS X 10_15_7) AppleWebKit/537.36 (KHTML, like Gecko) Chrome/128.0.0.0 Safari/537.36"
86.134.118.70 - - [04/Oct/2024:01:41:12 +0000] "GET /v1-list-pomodoro-history?startDate=2024-10-04&endDate=2024-10-05 HTTP/1.1" 304 0 "https://time.fyi/" "Mozilla/5.0 (Macintosh; Intel Mac OS X 10_15_7) AppleWebKit/537.36 (KHTML, like Gecko) Chrome/128.0.0.0 Safari/537.36"
86.134.118.70 - - [04/Oct/2024:01:41:12 +0000] "GET /v1-list-previous-pending-tasks/66d4b1d0a92bedb5aa316f75?date=2024-10-04 HTTP/1.1" 304 0 "https://time.fyi/" "Mozilla/5.0 (Macintosh; Intel Mac OS X 10_15_7) AppleWebKit/537.36 (KHTML, like Gecko) Chrome/128.0.0.0 Safari/537.36"
178.128.94.113 - - [04/Oct/2024:01:41:18 +0000] "GET /v1-health HTTP/1.1" 200 51 "-" "DigitalOcean Uptime Probe 0.22.0 (https://digitalocean.com)"
142.93.136.176 - - [04/Oct/2024:01:41:22 +0000] "GET /v1-health HTTP/1.1" 200 51 "-" "DigitalOcean Uptime Probe 0.22.0 (https://digitalocean.com)"
138.68.248.85 - - [04/Oct/2024:01:41:22 +0000] "GET /v1-health HTTP/1.1" 200 51 "-" "DigitalOcean Uptime Probe 0.22.0 (https://digitalocean.com)"
86.134.118.70 - - [04/Oct/2024:01:41:22 +0000] "GET /v1-me HTTP/1.1" 304 0 "https://time.fyi/" "Mozilla/5.0 (Macintosh; Intel Mac OS X 10_15_7) AppleWebKit/537.36 (KHTML, like Gecko) Chrome/128.0.0.0 Safari/537.36"
86.134.118.70 - - [04/Oct/2024:01:41:22 +0000] "GET /v1-list-workspaces HTTP/1.1" 304 0 "https://time.fyi/" "Mozilla/5.0 (Macintosh; Intel Mac OS X 10_15_7) AppleWebKit/537.36 (KHTML, like Gecko) Chrome/128.0.0.0 Safari/537.36"
86.134.118.70 - - [04/Oct/2024:01:41:23 +0000] "GET /v1-list-projects/66d4b1d0a92bedb5aa316f73 HTTP/1.1" 304 0 "https://time.fyi/" "Mozilla/5.0 (Macintosh; Intel Mac OS X 10_15_7) AppleWebKit/537.36 (KHTML, like Gecko) Chrome/128.0.0.0 Safari/537.36"
86.134.118.70 - - [04/Oct/2024:01:41:23 +0000] "GET /v1-list-all-tasks/66d4b1d0a92bedb5aa316f75?status=all&date=2024-10-04 HTTP/1.1" 304 0 "https://time.fyi/" "Mozilla/5.0 (Macintosh; Intel Mac OS X 10_15_7) AppleWebKit/537.36 (KHTML, like Gecko) Chrome/128.0.0.0 Safari/537.36"
86.134.118.70 - - [04/Oct/2024:01:41:23 +0000] "GET /v1-list-pomodoro-history?startDate=2024-10-04&endDate=2024-10-05 HTTP/1.1" 304 0 "https://time.fyi/" "Mozilla/5.0 (Macintosh; Intel Mac OS X 10_15_7) AppleWebKit/537.36 (KHTML, like Gecko) Chrome/128.0.0.0 Safari/537.36"
86.134.118.70 - - [04/Oct/2024:01:41:23 +0000] "GET /v1-list-previous-pending-tasks/66d4b1d0a92bedb5aa316f75?date=2024-10-04 HTTP/1.1" 304 0 "https://time.fyi/" "Mozilla/5.0 (Macintosh; Intel Mac OS X 10_15_7) AppleWebKit/537.36 (KHTML, like Gecko) Chrome/128.0.0.0 Safari/537.36"
86.134.118.70 - - [04/Oct/2024:01:41:24 +0000] "GET /v1-me HTTP/1.1" 304 0 "https://time.fyi/" "Mozilla/5.0 (Macintosh; Intel Mac OS X 10_15_7) AppleWebKit/537.36 (KHTML, like Gecko) Chrome/128.0.0.0 Safari/537.36"
86.134.118.70 - - [04/Oct/2024:01:41:24 +0000] "GET /v1-list-workspaces HTTP/1.1" 304 0 "https://time.fyi/" "Mozilla/5.0 (Macintosh; Intel Mac OS X 10_15_7) AppleWebKit/537.36 (KHTML, like Gecko) Chrome/128.0.0.0 Safari/537.36"
86.134.118.70 - - [04/Oct/2024:01:41:24 +0000] "GET /v1-list-projects/66d4b1d0a92bedb5aa316f73 HTTP/1.1" 304 0 "https://time.fyi/" "Mozilla/5.0 (Macintosh; Intel Mac OS X 10_15_7) AppleWebKit/537.36 (KHTML, like Gecko) Chrome/128.0.0.0 Safari/537.36"
86.134.118.70 - - [04/Oct/2024:01:41:25 +0000] "GET /v1-list-all-tasks/66d4b1d0a92bedb5aa316f75?status=all&date=2024-10-04 HTTP/1.1" 304 0 "https://time.fyi/" "Mozilla/5.0 (Macintosh; Intel Mac OS X 10_15_7) AppleWebKit/537.36 (KHTML, like Gecko) Chrome/128.0.0.0 Safari/537.36"
86.134.118.70 - - [04/Oct/2024:01:41:25 +0000] "GET /v1-list-pomodoro-history?startDate=2024-10-04&endDate=2024-10-05 HTTP/1.1" 304 0 "https://time.fyi/" "Mozilla/5.0 (Macintosh; Intel Mac OS X 10_15_7) AppleWebKit/537.36 (KHTML, like Gecko) Chrome/128.0.0.0 Safari/537.36"
86.134.118.70 - - [04/Oct/2024:01:41:25 +0000] "GET /v1-list-previous-pending-tasks/66d4b1d0a92bedb5aa316f75?date=2024-10-04 HTTP/1.1" 304 0 "https://time.fyi/" "Mozilla/5.0 (Macintosh; Intel Mac OS X 10_15_7) AppleWebKit/537.36 (KHTML, like Gecko) Chrome/128.0.0.0 Safari/537.36"
86.134.118.70 - - [04/Oct/2024:01:41:28 +0000] "OPTIONS /v1-list-sound-presets HTTP/1.1" 200 8 "https://time.fyi/" "Mozilla/5.0 (Macintosh; Intel Mac OS X 10_15_7) AppleWebKit/537.36 (KHTML, like Gecko) Chrome/128.0.0.0 Safari/537.36"
86.134.118.70 - - [04/Oct/2024:01:41:28 +0000] "GET /v1-list-sound-presets HTTP/1.1" 200 819 "https://time.fyi/" "Mozilla/5.0 (Macintosh; Intel Mac OS X 10_15_7) AppleWebKit/537.36 (KHTML, like Gecko) Chrome/128.0.0.0 Safari/537.36"
86.134.118.70 - - [04/Oct/2024:01:41:32 +0000] "GET /v1-me HTTP/1.1" 304 0 "https://time.fyi/" "Mozilla/5.0 (Macintosh; Intel Mac OS X 10_15_7) AppleWebKit/537.36 (KHTML, like Gecko) Chrome/128.0.0.0 Safari/537.36"
86.134.118.70 - - [04/Oct/2024:01:41:32 +0000] "GET /v1-list-workspaces HTTP/1.1" 304 0 "https://time.fyi/" "Mozilla/5.0 (Macintosh; Intel Mac OS X 10_15_7) AppleWebKit/537.36 (KHTML, like Gecko) Chrome/128.0.0.0 Safari/537.36"
86.134.118.70 - - [04/Oct/2024:01:41:32 +0000] "GET /v1-list-projects/66d4b1d0a92bedb5aa316f73 HTTP/1.1" 304 0 "https://time.fyi/" "Mozilla/5.0 (Macintosh; Intel Mac OS X 10_15_7) AppleWebKit/537.36 (KHTML, like Gecko) Chrome/128.0.0.0 Safari/537.36"
86.134.118.70 - - [04/Oct/2024:01:41:32 +0000] "GET /v1-list-all-tasks/66d4b1d0a92bedb5aa316f75?status=all&date=2024-10-04 HTTP/1.1" 304 0 "https://time.fyi/" "Mozilla/5.0 (Macintosh; Intel Mac OS X 10_15_7) AppleWebKit/537.36 (KHTML, like Gecko) Chrome/128.0.0.0 Safari/537.36"
86.134.118.70 - - [04/Oct/2024:01:41:32 +0000] "GET /v1-list-pomodoro-history?startDate=2024-10-04&endDate=2024-10-05 HTTP/1.1" 304 0 "https://time.fyi/" "Mozilla/5.0 (Macintosh; Intel Mac OS X 10_15_7) AppleWebKit/537.36 (KHTML, like Gecko) Chrome/128.0.0.0 Safari/537.36"
86.134.118.70 - - [04/Oct/2024:01:41:33 +0000] "GET /v1-list-previous-pending-tasks/66d4b1d0a92bedb5aa316f75?date=2024-10-04 HTTP/1.1" 304 0 "https://time.fyi/" "Mozilla/5.0 (Macintosh; Intel Mac OS X 10_15_7) AppleWebKit/537.36 (KHTML, like Gecko) Chrome/128.0.0.0 Safari/537.36"
86.134.118.70 - - [04/Oct/2024:01:41:44 +0000] "GET /v1-me HTTP/1.1" 304 0 "https://time.fyi/" "Mozilla/5.0 (Macintosh; Intel Mac OS X 10_15_7) AppleWebKit/537.36 (KHTML, like Gecko) Chrome/128.0.0.0 Safari/537.36"
86.134.118.70 - - [04/Oct/2024:01:41:44 +0000] "GET /v1-list-workspaces HTTP/1.1" 304 0 "https://time.fyi/" "Mozilla/5.0 (Macintosh; Intel Mac OS X 10_15_7) AppleWebKit/537.36 (KHTML, like Gecko) Chrome/128.0.0.0 Safari/537.36"
86.134.118.70 - - [04/Oct/2024:01:41:45 +0000] "GET /v1-list-projects/66d4b1d0a92bedb5aa316f73 HTTP/1.1" 304 0 "https://time.fyi/" "Mozilla/5.0 (Macintosh; Intel Mac OS X 10_15_7) AppleWebKit/537.36 (KHTML, like Gecko) Chrome/128.0.0.0 Safari/537.36"
86.134.118.70 - - [04/Oct/2024:01:41:45 +0000] "GET /v1-list-all-tasks/66d4b1d0a92bedb5aa316f75?status=all&date=2024-10-04 HTTP/1.1" 304 0 "https://time.fyi/" "Mozilla/5.0 (Macintosh; Intel Mac OS X 10_15_7) AppleWebKit/537.36 (KHTML, like Gecko) Chrome/128.0.0.0 Safari/537.36"
86.134.118.70 - - [04/Oct/2024:01:41:45 +0000] "GET /v1-list-pomodoro-history?startDate=2024-10-04&endDate=2024-10-05 HTTP/1.1" 304 0 "https://time.fyi/" "Mozilla/5.0 (Macintosh; Intel Mac OS X 10_15_7) AppleWebKit/537.36 (KHTML, like Gecko) Chrome/128.0.0.0 Safari/537.36"
86.134.118.70 - - [04/Oct/2024:01:41:45 +0000] "GET /v1-list-previous-pending-tasks/66d4b1d0a92bedb5aa316f75?date=2024-10-04 HTTP/1.1" 304 0 "https://time.fyi/" "Mozilla/5.0 (Macintosh; Intel Mac OS X 10_15_7) AppleWebKit/537.36 (KHTML, like Gecko) Chrome/128.0.0.0 Safari/537.36"
86.134.118.70 - - [04/Oct/2024:01:41:46 +0000] "GET /v1-me HTTP/1.1" 304 0 "https://time.fyi/" "Mozilla/5.0 (Macintosh; Intel Mac OS X 10_15_7) AppleWebKit/537.36 (KHTML, like Gecko) Chrome/128.0.0.0 Safari/537.36"
86.134.118.70 - - [04/Oct/2024:01:41:46 +0000] "GET /v1-list-workspaces HTTP/1.1" 304 0 "https://time.fyi/" "Mozilla/5.0 (Macintosh; Intel Mac OS X 10_15_7) AppleWebKit/537.36 (KHTML, like Gecko) Chrome/128.0.0.0 Safari/537.36"
86.134.118.70 - - [04/Oct/2024:01:41:46 +0000] "GET /v1-list-projects/66d4b1d0a92bedb5aa316f73 HTTP/1.1" 304 0 "https://time.fyi/" "Mozilla/5.0 (Macintosh; Intel Mac OS X 10_15_7) AppleWebKit/537.36 (KHTML, like Gecko) Chrome/128.0.0.0 Safari/537.36"
86.134.118.70 - - [04/Oct/2024:01:41:46 +0000] "GET /v1-list-all-tasks/66d4b1d0a92bedb5aa316f75?status=all&date=2024-10-04 HTTP/1.1" 304 0 "https://time.fyi/" "Mozilla/5.0 (Macintosh; Intel Mac OS X 10_15_7) AppleWebKit/537.36 (KHTML, like Gecko) Chrome/128.0.0.0 Safari/537.36"
86.134.118.70 - - [04/Oct/2024:01:41:46 +0000] "GET /v1-list-pomodoro-history?startDate=2024-10-04&endDate=2024-10-05 HTTP/1.1" 304 0 "https://time.fyi/" "Mozilla/5.0 (Macintosh; Intel Mac OS X 10_15_7) AppleWebKit/537.36 (KHTML, like Gecko) Chrome/128.0.0.0 Safari/537.36"
86.134.118.70 - - [04/Oct/2024:01:41:46 +0000] "GET /v1-list-previous-pending-tasks/66d4b1d0a92bedb5aa316f75?date=2024-10-04 HTTP/1.1" 304 0 "https://time.fyi/" "Mozilla/5.0 (Macintosh; Intel Mac OS X 10_15_7) AppleWebKit/537.36 (KHTML, like Gecko) Chrome/128.0.0.0 Safari/537.36"
103.72.212.62 - - [04/Oct/2024:01:41:47 +0000] "OPTIONS /v1-me HTTP/1.1" 200 8 "https://time.fyi/" "Mozilla/5.0 (Macintosh; Intel Mac OS X 10_15_7) AppleWebKit/537.36 (KHTML, like Gecko) Chrome/129.0.0.0 Safari/537.36"
103.72.212.62 - - [04/Oct/2024:01:41:48 +0000] "GET /v1-me HTTP/1.1" 304 0 "https://time.fyi/" "Mozilla/5.0 (Macintosh; Intel Mac OS X 10_15_7) AppleWebKit/537.36 (KHTML, like Gecko) Chrome/129.0.0.0 Safari/537.36"
103.72.212.62 - - [04/Oct/2024:01:41:48 +0000] "OPTIONS /v1-list-my-timezones HTTP/1.1" 200 8 "https://time.fyi/" "Mozilla/5.0 (Macintosh; Intel Mac OS X 10_15_7) AppleWebKit/537.36 (KHTML, like Gecko) Chrome/129.0.0.0 Safari/537.36"
103.72.212.62 - - [04/Oct/2024:01:41:48 +0000] "GET /v1-me HTTP/1.1" 304 0 "https://time.fyi/" "Mozilla/5.0 (Macintosh; Intel Mac OS X 10_15_7) AppleWebKit/537.36 (KHTML, like Gecko) Chrome/129.0.0.0 Safari/537.36"
103.72.212.62 - - [04/Oct/2024:01:41:49 +0000] "GET /v1-list-my-timezones HTTP/1.1" 304 0 "https://time.fyi/" "Mozilla/5.0 (Macintosh; Intel Mac OS X 10_15_7) AppleWebKit/537.36 (KHTML, like Gecko) Chrome/129.0.0.0 Safari/537.36"
103.72.212.62 - - [04/Oct/2024:01:41:49 +0000] "OPTIONS /v1-list-timezone-teams HTTP/1.1" 200 8 "https://time.fyi/" "Mozilla/5.0 (Macintosh; Intel Mac OS X 10_15_7) AppleWebKit/537.36 (KHTML, like Gecko) Chrome/129.0.0.0 Safari/537.36"
103.72.212.62 - - [04/Oct/2024:01:41:50 +0000] "GET /v1-list-timezone-teams HTTP/1.1" 304 0 "https://time.fyi/" "Mozilla/5.0 (Macintosh; Intel Mac OS X 10_15_7) AppleWebKit/537.36 (KHTML, like Gecko) Chrome/129.0.0.0 Safari/537.36"
103.72.212.62 - - [04/Oct/2024:01:41:52 +0000] "GET /v1-me HTTP/1.1" 304 0 "https://time.fyi/" "Mozilla/5.0 (Macintosh; Intel Mac OS X 10_15_7) AppleWebKit/537.36 (KHTML, like Gecko) Chrome/129.0.0.0 Safari/537.36"
103.72.212.62 - - [04/Oct/2024:01:41:52 +0000] "GET /v1-list-timezone-teams HTTP/1.1" 304 0 "https://time.fyi/" "Mozilla/5.0 (Macintosh; Intel Mac OS X 10_15_7) AppleWebKit/537.36 (KHTML, like Gecko) Chrome/129.0.0.0 Safari/537.36"
103.72.212.62 - - [04/Oct/2024:01:41:52 +0000] "OPTIONS /v1-get-timezone-team/novu-rrg2fr HTTP/1.1" 200 8 "https://time.fyi/" "Mozilla/5.0 (Macintosh; Intel Mac OS X 10_15_7) AppleWebKit/537.36 (KHTML, like Gecko) Chrome/129.0.0.0 Safari/537.36"
103.72.212.62 - - [04/Oct/2024:01:41:53 +0000] "GET /v1-get-timezone-team/novu-rrg2fr HTTP/1.1" 200 481 "https://time.fyi/" "Mozilla/5.0 (Macintosh; Intel Mac OS X 10_15_7) AppleWebKit/537.36 (KHTML, like Gecko) Chrome/129.0.0.0 Safari/537.36"
159.89.185.30 - - [04/Oct/2024:01:42:04 +0000] "GET /v1-health HTTP/1.1" 200 51 "-" "DigitalOcean Uptime Probe 0.22.0 (https://digitalocean.com)"
86.134.118.70 - - [04/Oct/2024:01:42:12 +0000] "GET /v1-me HTTP/1.1" 304 0 "https://time.fyi/" "Mozilla/5.0 (Macintosh; Intel Mac OS X 10_15_7) AppleWebKit/537.36 (KHTML, like Gecko) Chrome/128.0.0.0 Safari/537.36"
86.134.118.70 - - [04/Oct/2024:01:42:12 +0000] "GET /v1-list-workspaces HTTP/1.1" 304 0 "https://time.fyi/" "Mozilla/5.0 (Macintosh; Intel Mac OS X 10_15_7) AppleWebKit/537.36 (KHTML, like Gecko) Chrome/128.0.0.0 Safari/537.36"
86.134.118.70 - - [04/Oct/2024:01:42:12 +0000] "GET /v1-list-projects/66d4b1d0a92bedb5aa316f73 HTTP/1.1" 304 0 "https://time.fyi/" "Mozilla/5.0 (Macintosh; Intel Mac OS X 10_15_7) AppleWebKit/537.36 (KHTML, like Gecko) Chrome/128.0.0.0 Safari/537.36"
86.134.118.70 - - [04/Oct/2024:01:42:12 +0000] "GET /v1-list-all-tasks/66d4b1d0a92bedb5aa316f75?status=all&date=2024-10-04 HTTP/1.1" 304 0 "https://time.fyi/" "Mozilla/5.0 (Macintosh; Intel Mac OS X 10_15_7) AppleWebKit/537.36 (KHTML, like Gecko) Chrome/128.0.0.0 Safari/537.36"
86.134.118.70 - - [04/Oct/2024:01:42:12 +0000] "GET /v1-list-pomodoro-history?startDate=2024-10-04&endDate=2024-10-05 HTTP/1.1" 304 0 "https://time.fyi/" "Mozilla/5.0 (Macintosh; Intel Mac OS X 10_15_7) AppleWebKit/537.36 (KHTML, like Gecko) Chrome/128.0.0.0 Safari/537.36"
86.134.118.70 - - [04/Oct/2024:01:42:12 +0000] "GET /v1-list-previous-pending-tasks/66d4b1d0a92bedb5aa316f75?date=2024-10-04 HTTP/1.1" 304 0 "https://time.fyi/" "Mozilla/5.0 (Macintosh; Intel Mac OS X 10_15_7) AppleWebKit/537.36 (KHTML, like Gecko) Chrome/128.0.0.0 Safari/537.36"
103.72.212.62 - - [04/Oct/2024:01:42:16 +0000] "GET /v1-me HTTP/1.1" 304 0 "https://time.fyi/" "Mozilla/5.0 (Macintosh; Intel Mac OS X 10_15_7) AppleWebKit/537.36 (KHTML, like Gecko) Chrome/129.0.0.0 Safari/537.36"
103.72.212.62 - - [04/Oct/2024:01:42:16 +0000] "GET /v1-list-timezone-teams HTTP/1.1" 304 0 "https://time.fyi/" "Mozilla/5.0 (Macintosh; Intel Mac OS X 10_15_7) AppleWebKit/537.36 (KHTML, like Gecko) Chrome/129.0.0.0 Safari/537.36"
103.72.212.62 - - [04/Oct/2024:01:42:17 +0000] "GET /v1-get-timezone-team/novu-rrg2fr HTTP/1.1" 304 0 "https://time.fyi/" "Mozilla/5.0 (Macintosh; Intel Mac OS X 10_15_7) AppleWebKit/537.36 (KHTML, like Gecko) Chrome/129.0.0.0 Safari/537.36"
178.128.94.113 - - [04/Oct/2024:01:42:18 +0000] "GET /v1-health HTTP/1.1" 200 51 "-" "DigitalOcean Uptime Probe 0.22.0 (https://digitalocean.com)"
142.93.136.176 - - [04/Oct/2024:01:42:22 +0000] "GET /v1-health HTTP/1.1" 200 51 "-" "DigitalOcean Uptime Probe 0.22.0 (https://digitalocean.com)"
138.68.248.85 - - [04/Oct/2024:01:42:22 +0000] "GET /v1-health HTTP/1.1" 200 51 "-" "DigitalOcean Uptime Probe 0.22.0 (https://digitalocean.com)"
103.72.212.62 - - [04/Oct/2024:01:42:29 +0000] "GET /v1-me HTTP/1.1" 304 0 "https://time.fyi/" "Mozilla/5.0 (Macintosh; Intel Mac OS X 10_15_7) AppleWebKit/537.36 (KHTML, like Gecko) Chrome/129.0.0.0 Safari/537.36"
103.72.212.62 - - [04/Oct/2024:01:42:29 +0000] "OPTIONS /v1-list-workspaces HTTP/1.1" 200 8 "https://time.fyi/" "Mozilla/5.0 (Macintosh; Intel Mac OS X 10_15_7) AppleWebKit/537.36 (KHTML, like Gecko) Chrome/129.0.0.0 Safari/537.36"
103.72.212.62 - - [04/Oct/2024:01:42:30 +0000] "GET /v1-list-workspaces HTTP/1.1" 304 0 "https://time.fyi/" "Mozilla/5.0 (Macintosh; Intel Mac OS X 10_15_7) AppleWebKit/537.36 (KHTML, like Gecko) Chrome/129.0.0.0 Safari/537.36"
103.72.212.62 - - [04/Oct/2024:01:42:30 +0000] "OPTIONS /v1-list-projects/66d4b1d5a92bedb5aa316f85 HTTP/1.1" 200 8 "https://time.fyi/" "Mozilla/5.0 (Macintosh; Intel Mac OS X 10_15_7) AppleWebKit/537.36 (KHTML, like Gecko) Chrome/129.0.0.0 Safari/537.36"
103.72.212.62 - - [04/Oct/2024:01:42:30 +0000] "GET /v1-list-projects/66d4b1d5a92bedb5aa316f85 HTTP/1.1" 304 0 "https://time.fyi/" "Mozilla/5.0 (Macintosh; Intel Mac OS X 10_15_7) AppleWebKit/537.36 (KHTML, like Gecko) Chrome/129.0.0.0 Safari/537.36"
103.72.212.62 - - [04/Oct/2024:01:42:31 +0000] "OPTIONS /v1-list-all-tasks/66d4b1d5a92bedb5aa316f87?status=all&date=2024-10-04 HTTP/1.1" 200 8 "https://time.fyi/" "Mozilla/5.0 (Macintosh; Intel Mac OS X 10_15_7) AppleWebKit/537.36 (KHTML, like Gecko) Chrome/129.0.0.0 Safari/537.36"
103.72.212.62 - - [04/Oct/2024:01:42:31 +0000] "OPTIONS /v1-list-pomodoro-history?startDate=2024-10-04&endDate=2024-10-05 HTTP/1.1" 200 8 "https://time.fyi/" "Mozilla/5.0 (Macintosh; Intel Mac OS X 10_15_7) AppleWebKit/537.36 (KHTML, like Gecko) Chrome/129.0.0.0 Safari/537.36"
103.72.212.62 - - [04/Oct/2024:01:42:31 +0000] "GET /v1-list-all-tasks/66d4b1d5a92bedb5aa316f87?status=all&date=2024-10-04 HTTP/1.1" 200 2 "https://time.fyi/" "Mozilla/5.0 (Macintosh; Intel Mac OS X 10_15_7) AppleWebKit/537.36 (KHTML, like Gecko) Chrome/129.0.0.0 Safari/537.36"
103.72.212.62 - - [04/Oct/2024:01:42:31 +0000] "GET /v1-list-pomodoro-history?startDate=2024-10-04&endDate=2024-10-05 HTTP/1.1" 200 2 "https://time.fyi/" "Mozilla/5.0 (Macintosh; Intel Mac OS X 10_15_7) AppleWebKit/537.36 (KHTML, like Gecko) Chrome/129.0.0.0 Safari/537.36"
103.72.212.62 - - [04/Oct/2024:01:42:31 +0000] "OPTIONS /v1-list-previous-pending-tasks/66d4b1d5a92bedb5aa316f87?date=2024-10-04 HTTP/1.1" 200 8 "https://time.fyi/" "Mozilla/5.0 (Macintosh; Intel Mac OS X 10_15_7) AppleWebKit/537.36 (KHTML, like Gecko) Chrome/129.0.0.0 Safari/537.36"
103.72.212.62 - - [04/Oct/2024:01:42:32 +0000] "GET /v1-list-previous-pending-tasks/66d4b1d5a92bedb5aa316f87?date=2024-10-04 HTTP/1.1" 200 109 "https://time.fyi/" "Mozilla/5.0 (Macintosh; Intel Mac OS X 10_15_7) AppleWebKit/537.36 (KHTML, like Gecko) Chrome/129.0.0.0 Safari/537.36"
159.89.185.30 - - [04/Oct/2024:01:43:04 +0000] "GET /v1-health HTTP/1.1" 200 51 "-" "DigitalOcean Uptime Probe 0.22.0 (https://digitalocean.com)"
178.128.94.113 - - [04/Oct/2024:01:43:18 +0000] "GET /v1-health HTTP/1.1" 200 51 "-" "DigitalOcean Uptime Probe 0.22.0 (https://digitalocean.com)"
142.93.136.176 - - [04/Oct/2024:01:43:22 +0000] "GET /v1-health HTTP/1.1" 200 51 "-" "DigitalOcean Uptime Probe 0.22.0 (https://digitalocean.com)"
138.68.248.85 - - [04/Oct/2024:01:43:22 +0000] "GET /v1-health HTTP/1.1" 200 51 "-" "DigitalOcean Uptime Probe 0.22.0 (https://digitalocean.com)"
159.89.185.30 - - [04/Oct/2024:01:44:04 +0000] "GET /v1-health HTTP/1.1" 200 51 "-" "DigitalOcean Uptime Probe 0.22.0 (https://digitalocean.com)"
178.128.94.113 - - [04/Oct/2024:01:44:18 +0000] "GET /v1-health HTTP/1.1" 200 51 "-" "DigitalOcean Uptime Probe 0.22.0 (https://digitalocean.com)"
142.93.136.176 - - [04/Oct/2024:01:44:22 +0000] "GET /v1-health HTTP/1.1" 200 51 "-" "DigitalOcean Uptime Probe 0.22.0 (https://digitalocean.com)"
138.68.248.85 - - [04/Oct/2024:01:44:22 +0000] "GET /v1-health HTTP/1.1" 200 51 "-" "DigitalOcean Uptime Probe 0.22.0 (https://digitalocean.com)"
45.63.121.159 - - [04/Oct/2024:01:44:44 +0000] "GET /v1-health HTTP/1.1" 200 51 "-" "Mozilla/5.0 (Windows NT 10.0; Win64; x64) AppleWebKit/537.36 (KHTML, like Gecko) Chrome/129.0.0.0 Safari/537.36 (StatusCake)"
159.89.185.30 - - [04/Oct/2024:01:45:04 +0000] "GET /v1-health HTTP/1.1" 200 51 "-" "DigitalOcean Uptime Probe 0.22.0 (https://digitalocean.com)"
20.204.74.136 - - [04/Oct/2024:01:45:07 +0000] "GET / HTTP/1.1" 404 48 "-" "Mozilla/5.0 (Macintosh; Intel Mac OS X 10_12_1) AppleWebKit/537.36 (KHTML, like Gecko) Chrome/54.0.2840.98 Safari/537.36"
178.128.94.113 - - [04/Oct/2024:01:45:18 +0000] "GET /v1-health HTTP/1.1" 200 51 "-" "DigitalOcean Uptime Probe 0.22.0 (https://digitalocean.com)"
142.93.136.176 - - [04/Oct/2024:01:45:22 +0000] "GET /v1-health HTTP/1.1" 200 51 "-" "DigitalOcean Uptime Probe 0.22.0 (https://digitalocean.com)"
138.68.248.85 - - [04/Oct/2024:01:45:22 +0000] "GET /v1-health HTTP/1.1" 200 51 "-" "DigitalOcean Uptime Probe 0.22.0 (https://digitalocean.com)"
86.134.118.70 - - [04/Oct/2024:01:45:31 +0000] "GET /v1-me HTTP/1.1" 304 0 "https://time.fyi/" "Mozilla/5.0 (Macintosh; Intel Mac OS X 10_15_7) AppleWebKit/537.36 (KHTML, like Gecko) Chrome/128.0.0.0 Safari/537.36"
86.134.118.70 - - [04/Oct/2024:01:45:31 +0000] "GET /v1-list-workspaces HTTP/1.1" 304 0 "https://time.fyi/" "Mozilla/5.0 (Macintosh; Intel Mac OS X 10_15_7) AppleWebKit/537.36 (KHTML, like Gecko) Chrome/128.0.0.0 Safari/537.36"
86.134.118.70 - - [04/Oct/2024:01:45:32 +0000] "GET /v1-list-projects/66d4b1d0a92bedb5aa316f73 HTTP/1.1" 304 0 "https://time.fyi/" "Mozilla/5.0 (Macintosh; Intel Mac OS X 10_15_7) AppleWebKit/537.36 (KHTML, like Gecko) Chrome/128.0.0.0 Safari/537.36"
86.134.118.70 - - [04/Oct/2024:01:45:32 +0000] "GET /v1-list-all-tasks/66d4b1d0a92bedb5aa316f75?status=all&date=2024-10-04 HTTP/1.1" 304 0 "https://time.fyi/" "Mozilla/5.0 (Macintosh; Intel Mac OS X 10_15_7) AppleWebKit/537.36 (KHTML, like Gecko) Chrome/128.0.0.0 Safari/537.36"
86.134.118.70 - - [04/Oct/2024:01:45:32 +0000] "GET /v1-list-pomodoro-history?startDate=2024-10-04&endDate=2024-10-05 HTTP/1.1" 304 0 "https://time.fyi/" "Mozilla/5.0 (Macintosh; Intel Mac OS X 10_15_7) AppleWebKit/537.36 (KHTML, like Gecko) Chrome/128.0.0.0 Safari/537.36"
86.134.118.70 - - [04/Oct/2024:01:45:32 +0000] "GET /v1-list-previous-pending-tasks/66d4b1d0a92bedb5aa316f75?date=2024-10-04 HTTP/1.1" 304 0 "https://time.fyi/" "Mozilla/5.0 (Macintosh; Intel Mac OS X 10_15_7) AppleWebKit/537.36 (KHTML, like Gecko) Chrome/128.0.0.0 Safari/537.36"
86.134.118.70 - - [04/Oct/2024:01:45:37 +0000] "GET /v1-me HTTP/1.1" 304 0 "https://time.fyi/" "Mozilla/5.0 (Macintosh; Intel Mac OS X 10_15_7) AppleWebKit/537.36 (KHTML, like Gecko) Chrome/128.0.0.0 Safari/537.36"
86.134.118.70 - - [04/Oct/2024:01:45:37 +0000] "GET /v1-list-workspaces HTTP/1.1" 304 0 "https://time.fyi/" "Mozilla/5.0 (Macintosh; Intel Mac OS X 10_15_7) AppleWebKit/537.36 (KHTML, like Gecko) Chrome/128.0.0.0 Safari/537.36"
86.134.118.70 - - [04/Oct/2024:01:45:37 +0000] "GET /v1-list-projects/66d4b1d0a92bedb5aa316f73 HTTP/1.1" 304 0 "https://time.fyi/" "Mozilla/5.0 (Macintosh; Intel Mac OS X 10_15_7) AppleWebKit/537.36 (KHTML, like Gecko) Chrome/128.0.0.0 Safari/537.36"
86.134.118.70 - - [04/Oct/2024:01:45:37 +0000] "GET /v1-list-all-tasks/66d4b1d0a92bedb5aa316f75?status=all&date=2024-10-04 HTTP/1.1" 304 0 "https://time.fyi/" "Mozilla/5.0 (Macintosh; Intel Mac OS X 10_15_7) AppleWebKit/537.36 (KHTML, like Gecko) Chrome/128.0.0.0 Safari/537.36"
86.134.118.70 - - [04/Oct/2024:01:45:37 +0000] "GET /v1-list-pomodoro-history?startDate=2024-10-04&endDate=2024-10-05 HTTP/1.1" 304 0 "https://time.fyi/" "Mozilla/5.0 (Macintosh; Intel Mac OS X 10_15_7) AppleWebKit/537.36 (KHTML, like Gecko) Chrome/128.0.0.0 Safari/537.36"
86.134.118.70 - - [04/Oct/2024:01:45:38 +0000] "GET /v1-list-previous-pending-tasks/66d4b1d0a92bedb5aa316f75?date=2024-10-04 HTTP/1.1" 304 0 "https://time.fyi/" "Mozilla/5.0 (Macintosh; Intel Mac OS X 10_15_7) AppleWebKit/537.36 (KHTML, like Gecko) Chrome/128.0.0.0 Safari/537.36"
159.89.185.30 - - [04/Oct/2024:01:46:04 +0000] "GET /v1-health HTTP/1.1" 200 51 "-" "DigitalOcean Uptime Probe 0.22.0 (https://digitalocean.com)"
178.128.94.113 - - [04/Oct/2024:01:46:18 +0000] "GET /v1-health HTTP/1.1" 200 51 "-" "DigitalOcean Uptime Probe 0.22.0 (https://digitalocean.com)"
142.93.136.176 - - [04/Oct/2024:01:46:22 +0000] "GET /v1-health HTTP/1.1" 200 51 "-" "DigitalOcean Uptime Probe 0.22.0 (https://digitalocean.com)"
138.68.248.85 - - [04/Oct/2024:01:46:22 +0000] "GET /v1-health HTTP/1.1" 200 51 "-" "DigitalOcean Uptime Probe 0.22.0 (https://digitalocean.com)"
159.89.185.30 - - [04/Oct/2024:01:47:04 +0000] "GET /v1-health HTTP/1.1" 200 51 "-" "DigitalOcean Uptime Probe 0.22.0 (https://digitalocean.com)"
178.128.94.113 - - [04/Oct/2024:01:47:18 +0000] "GET /v1-health HTTP/1.1" 200 51 "-" "DigitalOcean Uptime Probe 0.22.0 (https://digitalocean.com)"
142.93.136.176 - - [04/Oct/2024:01:47:22 +0000] "GET /v1-health HTTP/1.1" 200 51 "-" "DigitalOcean Uptime Probe 0.22.0 (https://digitalocean.com)"
138.68.248.85 - - [04/Oct/2024:01:47:22 +0000] "GET /v1-health HTTP/1.1" 200 51 "-" "DigitalOcean Uptime Probe 0.22.0 (https://digitalocean.com)"
159.89.185.30 - - [04/Oct/2024:01:48:04 +0000] "GET /v1-health HTTP/1.1" 200 51 "-" "DigitalOcean Uptime Probe 0.22.0 (https://digitalocean.com)"
86.134.118.70 - - [04/Oct/2024:01:48:06 +0000] "GET /v1-me HTTP/1.1" 304 0 "https://time.fyi/" "Mozilla/5.0 (Macintosh; Intel Mac OS X 10_15_7) AppleWebKit/537.36 (KHTML, like Gecko) Chrome/128.0.0.0 Safari/537.36"
86.134.118.70 - - [04/Oct/2024:01:48:06 +0000] "GET /v1-list-workspaces HTTP/1.1" 304 0 "https://time.fyi/" "Mozilla/5.0 (Macintosh; Intel Mac OS X 10_15_7) AppleWebKit/537.36 (KHTML, like Gecko) Chrome/128.0.0.0 Safari/537.36"
86.134.118.70 - - [04/Oct/2024:01:48:07 +0000] "GET /v1-list-projects/66d4b1d0a92bedb5aa316f73 HTTP/1.1" 304 0 "https://time.fyi/" "Mozilla/5.0 (Macintosh; Intel Mac OS X 10_15_7) AppleWebKit/537.36 (KHTML, like Gecko) Chrome/128.0.0.0 Safari/537.36"
86.134.118.70 - - [04/Oct/2024:01:48:07 +0000] "GET /v1-list-all-tasks/66d4b1d0a92bedb5aa316f75?status=all&date=2024-10-04 HTTP/1.1" 304 0 "https://time.fyi/" "Mozilla/5.0 (Macintosh; Intel Mac OS X 10_15_7) AppleWebKit/537.36 (KHTML, like Gecko) Chrome/128.0.0.0 Safari/537.36"
86.134.118.70 - - [04/Oct/2024:01:48:07 +0000] "GET /v1-list-pomodoro-history?startDate=2024-10-04&endDate=2024-10-05 HTTP/1.1" 304 0 "https://time.fyi/" "Mozilla/5.0 (Macintosh; Intel Mac OS X 10_15_7) AppleWebKit/537.36 (KHTML, like Gecko) Chrome/128.0.0.0 Safari/537.36"
86.134.118.70 - - [04/Oct/2024:01:48:07 +0000] "GET /v1-list-previous-pending-tasks/66d4b1d0a92bedb5aa316f75?date=2024-10-04 HTTP/1.1" 304 0 "https://time.fyi/" "Mozilla/5.0 (Macintosh; Intel Mac OS X 10_15_7) AppleWebKit/537.36 (KHTML, like Gecko) Chrome/128.0.0.0 Safari/537.36"
45.79.181.179 - - [04/Oct/2024:01:48:10 +0000] "\x16\x03\x01\x00\xEA\x01\x00\x00\xE6\x03\x03/e\xD9\xB1R" 400 166 "-" "-"
178.128.94.113 - - [04/Oct/2024:01:48:18 +0000] "GET /v1-health HTTP/1.1" 200 51 "-" "DigitalOcean Uptime Probe 0.22.0 (https://digitalocean.com)"
142.93.136.176 - - [04/Oct/2024:01:48:22 +0000] "GET /v1-health HTTP/1.1" 200 51 "-" "DigitalOcean Uptime Probe 0.22.0 (https://digitalocean.com)"
138.68.248.85 - - [04/Oct/2024:01:48:22 +0000] "GET /v1-health HTTP/1.1" 200 51 "-" "DigitalOcean Uptime Probe 0.22.0 (https://digitalocean.com)"
103.72.212.62 - - [04/Oct/2024:01:48:51 +0000] "GET /v1-me HTTP/1.1" 304 0 "https://time.fyi/" "Mozilla/5.0 (Macintosh; Intel Mac OS X 10_15_7) AppleWebKit/537.36 (KHTML, like Gecko) Chrome/129.0.0.0 Safari/537.36"
103.72.212.62 - - [04/Oct/2024:01:48:51 +0000] "OPTIONS /v1-list-timer-presets HTTP/1.1" 200 8 "https://time.fyi/" "Mozilla/5.0 (Macintosh; Intel Mac OS X 10_15_7) AppleWebKit/537.36 (KHTML, like Gecko) Chrome/129.0.0.0 Safari/537.36"
103.72.212.62 - - [04/Oct/2024:01:48:51 +0000] "GET /v1-list-timer-presets HTTP/1.1" 200 2 "https://time.fyi/" "Mozilla/5.0 (Macintosh; Intel Mac OS X 10_15_7) AppleWebKit/537.36 (KHTML, like Gecko) Chrome/129.0.0.0 Safari/537.36"
103.72.212.62 - - [04/Oct/2024:01:48:55 +0000] "GET /v1-me HTTP/1.1" 304 0 "https://time.fyi/" "Mozilla/5.0 (Macintosh; Intel Mac OS X 10_15_7) AppleWebKit/537.36 (KHTML, like Gecko) Chrome/129.0.0.0 Safari/537.36"
103.72.212.62 - - [04/Oct/2024:01:49:00 +0000] "GET /v1-list-timer-presets HTTP/1.1" 304 0 "https://time.fyi/" "Mozilla/5.0 (Macintosh; Intel Mac OS X 10_15_7) AppleWebKit/537.36 (KHTML, like Gecko) Chrome/129.0.0.0 Safari/537.36"
103.72.212.62 - - [04/Oct/2024:01:49:00 +0000] "GET /v1-me HTTP/1.1" 304 0 "https://time.fyi/" "Mozilla/5.0 (Macintosh; Intel Mac OS X 10_15_7) AppleWebKit/537.36 (KHTML, like Gecko) Chrome/129.0.0.0 Safari/537.36"
159.89.185.30 - - [04/Oct/2024:01:49:04 +0000] "GET /v1-health HTTP/1.1" 200 51 "-" "DigitalOcean Uptime Probe 0.22.0 (https://digitalocean.com)"
178.128.94.113 - - [04/Oct/2024:01:49:18 +0000] "GET /v1-health HTTP/1.1" 200 51 "-" "DigitalOcean Uptime Probe 0.22.0 (https://digitalocean.com)"
142.93.136.176 - - [04/Oct/2024:01:49:22 +0000] "GET /v1-health HTTP/1.1" 200 51 "-" "DigitalOcean Uptime Probe 0.22.0 (https://digitalocean.com)"
138.68.248.85 - - [04/Oct/2024:01:49:22 +0000] "GET /v1-health HTTP/1.1" 200 51 "-" "DigitalOcean Uptime Probe 0.22.0 (https://digitalocean.com)"
103.72.212.62 - - [04/Oct/2024:01:49:39 +0000] "OPTIONS /v1-upsert-timer-preset HTTP/1.1" 200 4 "https://time.fyi/" "Mozilla/5.0 (Macintosh; Intel Mac OS X 10_15_7) AppleWebKit/537.36 (KHTML, like Gecko) Chrome/129.0.0.0 Safari/537.36"
103.72.212.62 - - [04/Oct/2024:01:49:40 +0000] "POST /v1-upsert-timer-preset HTTP/1.1" 200 209 "https://time.fyi/" "Mozilla/5.0 (Macintosh; Intel Mac OS X 10_15_7) AppleWebKit/537.36 (KHTML, like Gecko) Chrome/129.0.0.0 Safari/537.36"
103.72.212.62 - - [04/Oct/2024:01:49:41 +0000] "GET /v1-list-timer-presets HTTP/1.1" 200 211 "https://time.fyi/" "Mozilla/5.0 (Macintosh; Intel Mac OS X 10_15_7) AppleWebKit/537.36 (KHTML, like Gecko) Chrome/129.0.0.0 Safari/537.36"
149.28.124.140 - - [04/Oct/2024:01:49:49 +0000] "GET /v1-health HTTP/1.1" 200 51 "-" "Mozilla/5.0 (Windows NT 10.0; Win64; x64) AppleWebKit/537.36 (KHTML, like Gecko) Chrome/129.0.0.0 Safari/537.36 (StatusCake)"
159.89.185.30 - - [04/Oct/2024:01:50:04 +0000] "GET /v1-health HTTP/1.1" 200 51 "-" "DigitalOcean Uptime Probe 0.22.0 (https://digitalocean.com)"
103.72.212.62 - - [04/Oct/2024:01:50:07 +0000] "GET /v1-me HTTP/1.1" 304 0 "https://time.fyi/" "Mozilla/5.0 (Macintosh; Intel Mac OS X 10_15_7) AppleWebKit/537.36 (KHTML, like Gecko) Chrome/129.0.0.0 Safari/537.36"
103.72.212.62 - - [04/Oct/2024:01:50:08 +0000] "GET /v1-me HTTP/1.1" 304 0 "https://time.fyi/" "Mozilla/5.0 (Macintosh; Intel Mac OS X 10_15_7) AppleWebKit/537.36 (KHTML, like Gecko) Chrome/129.0.0.0 Safari/537.36"
103.72.212.62 - - [04/Oct/2024:01:50:09 +0000] "GET /v1-list-workspaces HTTP/1.1" 304 0 "https://time.fyi/" "Mozilla/5.0 (Macintosh; Intel Mac OS X 10_15_7) AppleWebKit/537.36 (KHTML, like Gecko) Chrome/129.0.0.0 Safari/537.36"
103.72.212.62 - - [04/Oct/2024:01:50:09 +0000] "GET /v1-list-projects/66d4b1d5a92bedb5aa316f85 HTTP/1.1" 304 0 "https://time.fyi/" "Mozilla/5.0 (Macintosh; Intel Mac OS X 10_15_7) AppleWebKit/537.36 (KHTML, like Gecko) Chrome/129.0.0.0 Safari/537.36"
103.72.212.62 - - [04/Oct/2024:01:50:09 +0000] "GET /v1-list-all-tasks/66d4b1d5a92bedb5aa316f87?status=all&date=2024-10-04 HTTP/1.1" 304 0 "https://time.fyi/" "Mozilla/5.0 (Macintosh; Intel Mac OS X 10_15_7) AppleWebKit/537.36 (KHTML, like Gecko) Chrome/129.0.0.0 Safari/537.36"
103.72.212.62 - - [04/Oct/2024:01:50:10 +0000] "GET /v1-list-pomodoro-history?startDate=2024-10-04&endDate=2024-10-05 HTTP/1.1" 304 0 "https://time.fyi/" "Mozilla/5.0 (Macintosh; Intel Mac OS X 10_15_7) AppleWebKit/537.36 (KHTML, like Gecko) Chrome/129.0.0.0 Safari/537.36"
103.72.212.62 - - [04/Oct/2024:01:50:10 +0000] "GET /v1-list-previous-pending-tasks/66d4b1d5a92bedb5aa316f87?date=2024-10-04 HTTP/1.1" 304 0 "https://time.fyi/" "Mozilla/5.0 (Macintosh; Intel Mac OS X 10_15_7) AppleWebKit/537.36 (KHTML, like Gecko) Chrome/129.0.0.0 Safari/537.36"
178.128.94.113 - - [04/Oct/2024:01:50:18 +0000] "GET /v1-health HTTP/1.1" 200 51 "-" "DigitalOcean Uptime Probe 0.22.0 (https://digitalocean.com)"
142.93.136.176 - - [04/Oct/2024:01:50:22 +0000] "GET /v1-health HTTP/1.1" 200 51 "-" "DigitalOcean Uptime Probe 0.22.0 (https://digitalocean.com)"
138.68.248.85 - - [04/Oct/2024:01:50:22 +0000] "GET /v1-health HTTP/1.1" 200 51 "-" "DigitalOcean Uptime Probe 0.22.0 (https://digitalocean.com)"
80.82.77.202 - - [04/Oct/2024:01:51:02 +0000] "\x16\x03\x02\x01o\x01\x00\x01k\x03\x02RH\xC5\x1A#\xF7:N\xDF\xE2\xB4\x82/\xFF\x09T\x9F\xA7\xC4y\xB0h\xC6\x13\x8C\xA4\x1C=\x22\xE1\x1A\x98 \x84\xB4,\x85\xAFn\xE3Y\xBBbhl\xFF(=':\xA9\x82\xD9o\xC8\xA2\xD7\x93\x98\xB4\xEF\x80\xE5\xB9\x90\x00(\xC0" 400 166 "-" "-"
159.89.185.30 - - [04/Oct/2024:01:51:04 +0000] "GET /v1-health HTTP/1.1" 200 51 "-" "DigitalOcean Uptime Probe 0.22.0 (https://digitalocean.com)"
178.128.94.113 - - [04/Oct/2024:01:51:18 +0000] "GET /v1-health HTTP/1.1" 200 51 "-" "DigitalOcean Uptime Probe 0.22.0 (https://digitalocean.com)"
142.93.136.176 - - [04/Oct/2024:01:51:22 +0000] "GET /v1-health HTTP/1.1" 200 51 "-" "DigitalOcean Uptime Probe 0.22.0 (https://digitalocean.com)"
138.68.248.85 - - [04/Oct/2024:01:51:22 +0000] "GET /v1-health HTTP/1.1" 200 51 "-" "DigitalOcean Uptime Probe 0.22.0 (https://digitalocean.com)"
86.134.118.70 - - [04/Oct/2024:01:51:59 +0000] "GET /v1-me HTTP/1.1" 304 0 "https://time.fyi/" "Mozilla/5.0 (Macintosh; Intel Mac OS X 10_15_7) AppleWebKit/537.36 (KHTML, like Gecko) Chrome/128.0.0.0 Safari/537.36"
86.134.118.70 - - [04/Oct/2024:01:51:59 +0000] "GET /v1-list-workspaces HTTP/1.1" 304 0 "https://time.fyi/" "Mozilla/5.0 (Macintosh; Intel Mac OS X 10_15_7) AppleWebKit/537.36 (KHTML, like Gecko) Chrome/128.0.0.0 Safari/537.36"
86.134.118.70 - - [04/Oct/2024:01:51:59 +0000] "GET /v1-list-projects/66d4b1d0a92bedb5aa316f73 HTTP/1.1" 304 0 "https://time.fyi/" "Mozilla/5.0 (Macintosh; Intel Mac OS X 10_15_7) AppleWebKit/537.36 (KHTML, like Gecko) Chrome/128.0.0.0 Safari/537.36"
86.134.118.70 - - [04/Oct/2024:01:51:59 +0000] "GET /v1-list-all-tasks/66d4b1d0a92bedb5aa316f75?status=all&date=2024-10-04 HTTP/1.1" 304 0 "https://time.fyi/" "Mozilla/5.0 (Macintosh; Intel Mac OS X 10_15_7) AppleWebKit/537.36 (KHTML, like Gecko) Chrome/128.0.0.0 Safari/537.36"
86.134.118.70 - - [04/Oct/2024:01:51:59 +0000] "GET /v1-list-pomodoro-history?startDate=2024-10-04&endDate=2024-10-05 HTTP/1.1" 304 0 "https://time.fyi/" "Mozilla/5.0 (Macintosh; Intel Mac OS X 10_15_7) AppleWebKit/537.36 (KHTML, like Gecko) Chrome/128.0.0.0 Safari/537.36"
86.134.118.70 - - [04/Oct/2024:01:51:59 +0000] "GET /v1-list-previous-pending-tasks/66d4b1d0a92bedb5aa316f75?date=2024-10-04 HTTP/1.1" 304 0 "https://time.fyi/" "Mozilla/5.0 (Macintosh; Intel Mac OS X 10_15_7) AppleWebKit/537.36 (KHTML, like Gecko) Chrome/128.0.0.0 Safari/537.36"
159.89.185.30 - - [04/Oct/2024:01:52:04 +0000] "GET /v1-health HTTP/1.1" 200 51 "-" "DigitalOcean Uptime Probe 0.22.0 (https://digitalocean.com)"
178.128.94.113 - - [04/Oct/2024:01:52:18 +0000] "GET /v1-health HTTP/1.1" 200 51 "-" "DigitalOcean Uptime Probe 0.22.0 (https://digitalocean.com)"
142.93.136.176 - - [04/Oct/2024:01:52:22 +0000] "GET /v1-health HTTP/1.1" 200 51 "-" "DigitalOcean Uptime Probe 0.22.0 (https://digitalocean.com)"
138.68.248.85 - - [04/Oct/2024:01:52:22 +0000] "GET /v1-health HTTP/1.1" 200 51 "-" "DigitalOcean Uptime Probe 0.22.0 (https://digitalocean.com)"
159.89.185.30 - - [04/Oct/2024:01:53:04 +0000] "GET /v1-health HTTP/1.1" 200 51 "-" "DigitalOcean Uptime Probe 0.22.0 (https://digitalocean.com)"
178.128.94.113 - - [04/Oct/2024:01:53:18 +0000] "GET /v1-health HTTP/1.1" 200 51 "-" "DigitalOcean Uptime Probe 0.22.0 (https://digitalocean.com)"
142.93.136.176 - - [04/Oct/2024:01:53:22 +0000] "GET /v1-health HTTP/1.1" 200 51 "-" "DigitalOcean Uptime Probe 0.22.0 (https://digitalocean.com)"
138.68.248.85 - - [04/Oct/2024:01:53:22 +0000] "GET /v1-health HTTP/1.1" 200 51 "-" "DigitalOcean Uptime Probe 0.22.0 (https://digitalocean.com)"
159.89.185.30 - - [04/Oct/2024:01:54:04 +0000] "GET /v1-health HTTP/1.1" 200 51 "-" "DigitalOcean Uptime Probe 0.22.0 (https://digitalocean.com)"
178.128.94.113 - - [04/Oct/2024:01:54:18 +0000] "GET /v1-health HTTP/1.1" 200 51 "-" "DigitalOcean Uptime Probe 0.22.0 (https://digitalocean.com)"
142.93.136.176 - - [04/Oct/2024:01:54:22 +0000] "GET /v1-health HTTP/1.1" 200 51 "-" "DigitalOcean Uptime Probe 0.22.0 (https://digitalocean.com)"
138.68.248.85 - - [04/Oct/2024:01:54:22 +0000] "GET /v1-health HTTP/1.1" 200 51 "-" "DigitalOcean Uptime Probe 0.22.0 (https://digitalocean.com)"
108.61.197.147 - - [04/Oct/2024:01:54:54 +0000] "GET /v1-health HTTP/1.1" 200 51 "-" "Mozilla/5.0 (Windows NT 10.0; Win64; x64) AppleWebKit/537.36 (KHTML, like Gecko) Chrome/129.0.0.0 Safari/537.36 (StatusCake)"
159.89.185.30 - - [04/Oct/2024:01:55:04 +0000] "GET /v1-health HTTP/1.1" 200 51 "-" "DigitalOcean Uptime Probe 0.22.0 (https://digitalocean.com)"
178.128.94.113 - - [04/Oct/2024:01:55:18 +0000] "GET /v1-health HTTP/1.1" 200 51 "-" "DigitalOcean Uptime Probe 0.22.0 (https://digitalocean.com)"
142.93.136.176 - - [04/Oct/2024:01:55:22 +0000] "GET /v1-health HTTP/1.1" 200 51 "-" "DigitalOcean Uptime Probe 0.22.0 (https://digitalocean.com)"
138.68.248.85 - - [04/Oct/2024:01:55:22 +0000] "GET /v1-health HTTP/1.1" 200 51 "-" "DigitalOcean Uptime Probe 0.22.0 (https://digitalocean.com)"
159.89.185.30 - - [04/Oct/2024:01:56:04 +0000] "GET /v1-health HTTP/1.1" 200 51 "-" "DigitalOcean Uptime Probe 0.22.0 (https://digitalocean.com)"
178.128.94.113 - - [04/Oct/2024:01:56:18 +0000] "GET /v1-health HTTP/1.1" 200 51 "-" "DigitalOcean Uptime Probe 0.22.0 (https://digitalocean.com)"
142.93.136.176 - - [04/Oct/2024:01:56:22 +0000] "GET /v1-health HTTP/1.1" 200 51 "-" "DigitalOcean Uptime Probe 0.22.0 (https://digitalocean.com)"
138.68.248.85 - - [04/Oct/2024:01:56:22 +0000] "GET /v1-health HTTP/1.1" 200 51 "-" "DigitalOcean Uptime Probe 0.22.0 (https://digitalocean.com)"
