178.128.94.113 - - [04/Oct/2024:03:01:18 +0000] "GET /v1-health HTTP/1.1" 200 51 "-" "DigitalOcean Uptime Probe 0.22.0 (https://digitalocean.com)"
142.93.136.176 - - [04/Oct/2024:03:01:22 +0000] "GET /v1-health HTTP/1.1" 200 51 "-" "DigitalOcean Uptime Probe 0.22.0 (https://digitalocean.com)"
138.68.248.85 - - [04/Oct/2024:03:01:22 +0000] "GET /v1-health HTTP/1.1" 200 51 "-" "DigitalOcean Uptime Probe 0.22.0 (https://digitalocean.com)"
143.110.222.166 - - [04/Oct/2024:03:01:52 +0000] "GET / HTTP/1.1" 200 409 "-" "Mozilla/5.0 (iPhone; CPU iPhone OS 16_1 like Mac OS X) AppleWebKit/605.1.15 (KHTML, like Gecko) Version/16.1 Mobile/15E148 Safari/604.1"
143.110.222.166 - - [04/Oct/2024:03:02:03 +0000] "GET / HTTP/1.1" 200 409 "-" "Mozilla/5.0 (iPhone; CPU iPhone OS 16_1 like Mac OS X) AppleWebKit/605.1.15 (KHTML, like Gecko) Version/16.1 Mobile/15E148 Safari/604.1"
159.89.185.30 - - [04/Oct/2024:03:02:04 +0000] "GET /v1-health HTTP/1.1" 200 51 "-" "DigitalOcean Uptime Probe 0.22.0 (https://digitalocean.com)"
178.128.94.113 - - [04/Oct/2024:03:02:18 +0000] "GET /v1-health HTTP/1.1" 200 51 "-" "DigitalOcean Uptime Probe 0.22.0 (https://digitalocean.com)"
142.93.136.176 - - [04/Oct/2024:03:02:22 +0000] "GET /v1-health HTTP/1.1" 200 51 "-" "DigitalOcean Uptime Probe 0.22.0 (https://digitalocean.com)"
138.68.248.85 - - [04/Oct/2024:03:02:22 +0000] "GET /v1-health HTTP/1.1" 200 51 "-" "DigitalOcean Uptime Probe 0.22.0 (https://digitalocean.com)"
159.89.185.30 - - [04/Oct/2024:03:03:04 +0000] "GET /v1-health HTTP/1.1" 200 51 "-" "DigitalOcean Uptime Probe 0.22.0 (https://digitalocean.com)"
178.128.94.113 - - [04/Oct/2024:03:03:18 +0000] "GET /v1-health HTTP/1.1" 200 51 "-" "DigitalOcean Uptime Probe 0.22.0 (https://digitalocean.com)"
142.93.136.176 - - [04/Oct/2024:03:03:22 +0000] "GET /v1-health HTTP/1.1" 200 51 "-" "DigitalOcean Uptime Probe 0.22.0 (https://digitalocean.com)"
138.68.248.85 - - [04/Oct/2024:03:03:22 +0000] "GET /v1-health HTTP/1.1" 200 51 "-" "DigitalOcean Uptime Probe 0.22.0 (https://digitalocean.com)"
159.89.185.30 - - [04/Oct/2024:03:04:04 +0000] "GET /v1-health HTTP/1.1" 200 51 "-" "DigitalOcean Uptime Probe 0.22.0 (https://digitalocean.com)"
178.128.94.113 - - [04/Oct/2024:03:04:18 +0000] "GET /v1-health HTTP/1.1" 200 51 "-" "DigitalOcean Uptime Probe 0.22.0 (https://digitalocean.com)"
142.93.136.176 - - [04/Oct/2024:03:04:22 +0000] "GET /v1-health HTTP/1.1" 200 51 "-" "DigitalOcean Uptime Probe 0.22.0 (https://digitalocean.com)"
138.68.248.85 - - [04/Oct/2024:03:04:22 +0000] "GET /v1-health HTTP/1.1" 200 51 "-" "DigitalOcean Uptime Probe 0.22.0 (https://digitalocean.com)"
159.89.185.30 - - [04/Oct/2024:03:05:04 +0000] "GET /v1-health HTTP/1.1" 200 51 "-" "DigitalOcean Uptime Probe 0.22.0 (https://digitalocean.com)"
178.128.94.113 - - [04/Oct/2024:03:05:18 +0000] "GET /v1-health HTTP/1.1" 200 51 "-" "DigitalOcean Uptime Probe 0.22.0 (https://digitalocean.com)"
142.93.136.176 - - [04/Oct/2024:03:05:22 +0000] "GET /v1-health HTTP/1.1" 200 51 "-" "DigitalOcean Uptime Probe 0.22.0 (https://digitalocean.com)"
138.68.248.85 - - [04/Oct/2024:03:05:22 +0000] "GET /v1-health HTTP/1.1" 200 51 "-" "DigitalOcean Uptime Probe 0.22.0 (https://digitalocean.com)"
143.110.177.18 - - [04/Oct/2024:03:05:53 +0000] "GET /v1-health HTTP/1.1" 200 51 "-" "Mozilla/5.0 (Windows NT 10.0; Win64; x64) AppleWebKit/537.36 (KHTML, like Gecko) Chrome/129.0.0.0 Safari/537.36 (StatusCake)"
159.89.185.30 - - [04/Oct/2024:03:06:04 +0000] "GET /v1-health HTTP/1.1" 200 51 "-" "DigitalOcean Uptime Probe 0.22.0 (https://digitalocean.com)"
178.128.94.113 - - [04/Oct/2024:03:06:18 +0000] "GET /v1-health HTTP/1.1" 200 51 "-" "DigitalOcean Uptime Probe 0.22.0 (https://digitalocean.com)"
142.93.136.176 - - [04/Oct/2024:03:06:22 +0000] "GET /v1-health HTTP/1.1" 200 51 "-" "DigitalOcean Uptime Probe 0.22.0 (https://digitalocean.com)"
138.68.248.85 - - [04/Oct/2024:03:06:22 +0000] "GET /v1-health HTTP/1.1" 200 51 "-" "DigitalOcean Uptime Probe 0.22.0 (https://digitalocean.com)"
159.89.185.30 - - [04/Oct/2024:03:07:04 +0000] "GET /v1-health HTTP/1.1" 200 51 "-" "DigitalOcean Uptime Probe 0.22.0 (https://digitalocean.com)"
178.128.94.113 - - [04/Oct/2024:03:07:18 +0000] "GET /v1-health HTTP/1.1" 200 51 "-" "DigitalOcean Uptime Probe 0.22.0 (https://digitalocean.com)"
142.93.136.176 - - [04/Oct/2024:03:07:22 +0000] "GET /v1-health HTTP/1.1" 200 51 "-" "DigitalOcean Uptime Probe 0.22.0 (https://digitalocean.com)"
138.68.248.85 - - [04/Oct/2024:03:07:22 +0000] "GET /v1-health HTTP/1.1" 200 51 "-" "DigitalOcean Uptime Probe 0.22.0 (https://digitalocean.com)"
159.89.185.30 - - [04/Oct/2024:03:08:04 +0000] "GET /v1-health HTTP/1.1" 200 51 "-" "DigitalOcean Uptime Probe 0.22.0 (https://digitalocean.com)"
178.128.94.113 - - [04/Oct/2024:03:08:18 +0000] "GET /v1-health HTTP/1.1" 200 51 "-" "DigitalOcean Uptime Probe 0.22.0 (https://digitalocean.com)"
142.93.136.176 - - [04/Oct/2024:03:08:22 +0000] "GET /v1-health HTTP/1.1" 200 51 "-" "DigitalOcean Uptime Probe 0.22.0 (https://digitalocean.com)"
138.68.248.85 - - [04/Oct/2024:03:08:22 +0000] "GET /v1-health HTTP/1.1" 200 51 "-" "DigitalOcean Uptime Probe 0.22.0 (https://digitalocean.com)"
159.89.185.30 - - [04/Oct/2024:03:09:04 +0000] "GET /v1-health HTTP/1.1" 200 51 "-" "DigitalOcean Uptime Probe 0.22.0 (https://digitalocean.com)"
178.128.94.113 - - [04/Oct/2024:03:09:18 +0000] "GET /v1-health HTTP/1.1" 200 51 "-" "DigitalOcean Uptime Probe 0.22.0 (https://digitalocean.com)"
142.93.136.176 - - [04/Oct/2024:03:09:22 +0000] "GET /v1-health HTTP/1.1" 200 51 "-" "DigitalOcean Uptime Probe 0.22.0 (https://digitalocean.com)"
138.68.248.85 - - [04/Oct/2024:03:09:22 +0000] "GET /v1-health HTTP/1.1" 200 51 "-" "DigitalOcean Uptime Probe 0.22.0 (https://digitalocean.com)"
159.89.185.30 - - [04/Oct/2024:03:10:04 +0000] "GET /v1-health HTTP/1.1" 200 51 "-" "DigitalOcean Uptime Probe 0.22.0 (https://digitalocean.com)"
178.128.94.113 - - [04/Oct/2024:03:10:18 +0000] "GET /v1-health HTTP/1.1" 200 51 "-" "DigitalOcean Uptime Probe 0.22.0 (https://digitalocean.com)"
142.93.136.176 - - [04/Oct/2024:03:10:22 +0000] "GET /v1-health HTTP/1.1" 200 51 "-" "DigitalOcean Uptime Probe 0.22.0 (https://digitalocean.com)"
138.68.248.85 - - [04/Oct/2024:03:10:22 +0000] "GET /v1-health HTTP/1.1" 200 51 "-" "DigitalOcean Uptime Probe 0.22.0 (https://digitalocean.com)"
135.125.244.52 - - [04/Oct/2024:03:10:55 +0000] "GET /.env HTTP/1.1" 404 48 "-" "Mozilla/5.0 (X11; Linux x86_64) AppleWebKit/537.36 (KHTML, like Gecko) Chrome/81.0.4044.129 Safari/537.36"
135.125.244.52 - - [04/Oct/2024:03:10:56 +0000] "POST / HTTP/1.1" 404 48 "-" "Mozilla/5.0 (X11; Linux x86_64) AppleWebKit/537.36 (KHTML, like Gecko) Chrome/81.0.4044.129 Safari/537.36"
167.172.171.89 - - [04/Oct/2024:03:10:57 +0000] "GET /v1-health HTTP/1.1" 200 51 "-" "Mozilla/5.0 (Windows NT 10.0; Win64; x64) AppleWebKit/537.36 (KHTML, like Gecko) Chrome/129.0.0.0 Safari/537.36 (StatusCake)"
159.89.185.30 - - [04/Oct/2024:03:11:04 +0000] "GET /v1-health HTTP/1.1" 200 51 "-" "DigitalOcean Uptime Probe 0.22.0 (https://digitalocean.com)"
178.128.94.113 - - [04/Oct/2024:03:11:18 +0000] "GET /v1-health HTTP/1.1" 200 51 "-" "DigitalOcean Uptime Probe 0.22.0 (https://digitalocean.com)"
142.93.136.176 - - [04/Oct/2024:03:11:22 +0000] "GET /v1-health HTTP/1.1" 200 51 "-" "DigitalOcean Uptime Probe 0.22.0 (https://digitalocean.com)"
138.68.248.85 - - [04/Oct/2024:03:11:22 +0000] "GET /v1-health HTTP/1.1" 200 51 "-" "DigitalOcean Uptime Probe 0.22.0 (https://digitalocean.com)"
159.89.185.30 - - [04/Oct/2024:03:12:04 +0000] "GET /v1-health HTTP/1.1" 200 51 "-" "DigitalOcean Uptime Probe 0.22.0 (https://digitalocean.com)"
178.128.94.113 - - [04/Oct/2024:03:12:18 +0000] "GET /v1-health HTTP/1.1" 200 51 "-" "DigitalOcean Uptime Probe 0.22.0 (https://digitalocean.com)"
142.93.136.176 - - [04/Oct/2024:03:12:22 +0000] "GET /v1-health HTTP/1.1" 200 51 "-" "DigitalOcean Uptime Probe 0.22.0 (https://digitalocean.com)"
138.68.248.85 - - [04/Oct/2024:03:12:22 +0000] "GET /v1-health HTTP/1.1" 200 51 "-" "DigitalOcean Uptime Probe 0.22.0 (https://digitalocean.com)"
159.89.185.30 - - [04/Oct/2024:03:13:04 +0000] "GET /v1-health HTTP/1.1" 200 51 "-" "DigitalOcean Uptime Probe 0.22.0 (https://digitalocean.com)"
178.128.94.113 - - [04/Oct/2024:03:13:18 +0000] "GET /v1-health HTTP/1.1" 200 51 "-" "DigitalOcean Uptime Probe 0.22.0 (https://digitalocean.com)"
142.93.136.176 - - [04/Oct/2024:03:13:22 +0000] "GET /v1-health HTTP/1.1" 200 51 "-" "DigitalOcean Uptime Probe 0.22.0 (https://digitalocean.com)"
138.68.248.85 - - [04/Oct/2024:03:13:22 +0000] "GET /v1-health HTTP/1.1" 200 51 "-" "DigitalOcean Uptime Probe 0.22.0 (https://digitalocean.com)"
36.141.34.62 - - [04/Oct/2024:03:13:42 +0000] "POST /cgi-bin/.%2e/.%2e/.%2e/.%2e/.%2e/.%2e/.%2e/.%2e/.%2e/.%2e/bin/sh HTTP/1.1" 400 166 "-" "-"
36.141.34.62 - - [04/Oct/2024:03:13:46 +0000] "POST /cgi-bin/%%32%65%%32%65/%%32%65%%32%65/%%32%65%%32%65/%%32%65%%32%65/%%32%65%%32%65/%%32%65%%32%65/%%32%65%%32%65/bin/sh HTTP/1.1" 400 166 "-" "-"
152.58.26.123 - - [04/Oct/2024:03:13:47 +0000] "OPTIONS /v1-github-login HTTP/1.1" 200 4 "https://time.fyi/" "Mozilla/5.0 (Windows NT 10.0; Win64; x64) AppleWebKit/537.36 (KHTML, like Gecko) Chrome/129.0.0.0 Safari/537.36"
152.58.26.123 - - [04/Oct/2024:03:13:48 +0000] "POST /v1-github-login HTTP/1.1" 200 339 "https://time.fyi/" "Mozilla/5.0 (Windows NT 10.0; Win64; x64) AppleWebKit/537.36 (KHTML, like Gecko) Chrome/129.0.0.0 Safari/537.36"
36.141.34.62 - - [04/Oct/2024:03:13:48 +0000] "POST /hello.world?%ADd+allow_url_include%3d1+%ADd+auto_prepend_file%3dphp://input HTTP/1.1" 404 48 "-" "Custom-AsyncHttpClient"
36.141.34.62 - - [04/Oct/2024:03:13:50 +0000] "GET /vendor/phpunit/phpunit/src/Util/PHP/eval-stdin.php HTTP/1.1" 404 48 "-" "Custom-AsyncHttpClient"
36.141.34.62 - - [04/Oct/2024:03:13:52 +0000] "GET /vendor/phpunit/phpunit/Util/PHP/eval-stdin.php HTTP/1.1" 404 48 "-" "Custom-AsyncHttpClient"
152.58.26.123 - - [04/Oct/2024:03:13:53 +0000] "OPTIONS /v1-github-callback?provider=github&code=0b9794fb9627e54cf70e&state=Shii2yEa-S6iihq9FBTfVEj-BrMZT9eVCC-olvqaQOM HTTP/1.1" 200 8 "https://time.fyi/" "Mozilla/5.0 (Windows NT 10.0; Win64; x64) AppleWebKit/537.36 (KHTML, like Gecko) Chrome/129.0.0.0 Safari/537.36"
36.141.34.62 - - [04/Oct/2024:03:13:54 +0000] "GET /vendor/phpunit/src/Util/PHP/eval-stdin.php HTTP/1.1" 404 48 "-" "Custom-AsyncHttpClient"
152.58.26.123 - - [04/Oct/2024:03:13:54 +0000] "GET /v1-github-callback?provider=github&code=0b9794fb9627e54cf70e&state=Shii2yEa-S6iihq9FBTfVEj-BrMZT9eVCC-olvqaQOM HTTP/1.1" 200 228 "https://time.fyi/" "Mozilla/5.0 (Windows NT 10.0; Win64; x64) AppleWebKit/537.36 (KHTML, like Gecko) Chrome/129.0.0.0 Safari/537.36"
36.141.34.62 - - [04/Oct/2024:03:13:55 +0000] "GET /vendor/phpunit/Util/PHP/eval-stdin.php HTTP/1.1" 404 48 "-" "Custom-AsyncHttpClient"
152.58.26.123 - - [04/Oct/2024:03:13:56 +0000] "OPTIONS /v1-me HTTP/1.1" 200 8 "https://time.fyi/" "Mozilla/5.0 (Windows NT 10.0; Win64; x64) AppleWebKit/537.36 (KHTML, like Gecko) Chrome/129.0.0.0 Safari/537.36"
152.58.26.123 - - [04/Oct/2024:03:13:56 +0000] "OPTIONS /v1-list-workspaces HTTP/1.1" 200 8 "https://time.fyi/" "Mozilla/5.0 (Windows NT 10.0; Win64; x64) AppleWebKit/537.36 (KHTML, like Gecko) Chrome/129.0.0.0 Safari/537.36"
152.58.26.123 - - [04/Oct/2024:03:13:56 +0000] "GET /v1-me HTTP/1.1" 200 214 "https://time.fyi/" "Mozilla/5.0 (Windows NT 10.0; Win64; x64) AppleWebKit/537.36 (KHTML, like Gecko) Chrome/129.0.0.0 Safari/537.36"
152.58.26.123 - - [04/Oct/2024:03:13:56 +0000] "GET /v1-list-workspaces HTTP/1.1" 200 185 "https://time.fyi/" "Mozilla/5.0 (Windows NT 10.0; Win64; x64) AppleWebKit/537.36 (KHTML, like Gecko) Chrome/129.0.0.0 Safari/537.36"
36.141.34.62 - - [04/Oct/2024:03:13:57 +0000] "GET /vendor/phpunit/phpunit/LICENSE/eval-stdin.php HTTP/1.1" 404 48 "-" "Custom-AsyncHttpClient"
152.58.26.123 - - [04/Oct/2024:03:13:57 +0000] "OPTIONS /v1-list-projects/66ff5d7265c85844abd1b08b HTTP/1.1" 200 8 "https://time.fyi/" "Mozilla/5.0 (Windows NT 10.0; Win64; x64) AppleWebKit/537.36 (KHTML, like Gecko) Chrome/129.0.0.0 Safari/537.36"
152.58.26.123 - - [04/Oct/2024:03:13:57 +0000] "GET /v1-list-projects/66ff5d7265c85844abd1b08b HTTP/1.1" 200 225 "https://time.fyi/" "Mozilla/5.0 (Windows NT 10.0; Win64; x64) AppleWebKit/537.36 (KHTML, like Gecko) Chrome/129.0.0.0 Safari/537.36"
152.58.26.123 - - [04/Oct/2024:03:13:58 +0000] "OPTIONS /v1-list-all-tasks/66ff5d7265c85844abd1b08d?status=all&date=2024-10-03 HTTP/1.1" 200 8 "https://time.fyi/" "Mozilla/5.0 (Windows NT 10.0; Win64; x64) AppleWebKit/537.36 (KHTML, like Gecko) Chrome/129.0.0.0 Safari/537.36"
152.58.26.123 - - [04/Oct/2024:03:13:58 +0000] "OPTIONS /v1-list-all-tasks/66ff5d7265c85844abd1b08d?status=all&date=2024-10-06 HTTP/1.1" 200 8 "https://time.fyi/" "Mozilla/5.0 (Windows NT 10.0; Win64; x64) AppleWebKit/537.36 (KHTML, like Gecko) Chrome/129.0.0.0 Safari/537.36"
152.58.26.123 - - [04/Oct/2024:03:13:58 +0000] "GET /v1-list-all-tasks/66ff5d7265c85844abd1b08d?status=all&date=2024-10-03 HTTP/1.1" 200 2 "https://time.fyi/" "Mozilla/5.0 (Windows NT 10.0; Win64; x64) AppleWebKit/537.36 (KHTML, like Gecko) Chrome/129.0.0.0 Safari/537.36"
152.58.26.123 - - [04/Oct/2024:03:13:58 +0000] "OPTIONS /v1-list-all-tasks/66ff5d7265c85844abd1b08d?status=all&date=2024-10-04 HTTP/1.1" 200 8 "https://time.fyi/" "Mozilla/5.0 (Windows NT 10.0; Win64; x64) AppleWebKit/537.36 (KHTML, like Gecko) Chrome/129.0.0.0 Safari/537.36"
152.58.26.123 - - [04/Oct/2024:03:13:59 +0000] "OPTIONS /v1-list-all-tasks/66ff5d7265c85844abd1b08d?status=all&date=2024-10-05 HTTP/1.1" 200 8 "https://time.fyi/" "Mozilla/5.0 (Windows NT 10.0; Win64; x64) AppleWebKit/537.36 (KHTML, like Gecko) Chrome/129.0.0.0 Safari/537.36"
152.58.26.123 - - [04/Oct/2024:03:13:59 +0000] "GET /v1-list-all-tasks/66ff5d7265c85844abd1b08d?status=all&date=2024-10-06 HTTP/1.1" 200 2 "https://time.fyi/" "Mozilla/5.0 (Windows NT 10.0; Win64; x64) AppleWebKit/537.36 (KHTML, like Gecko) Chrome/129.0.0.0 Safari/537.36"
36.141.34.62 - - [04/Oct/2024:03:13:59 +0000] "GET /vendor/vendor/phpunit/phpunit/src/Util/PHP/eval-stdin.php HTTP/1.1" 404 48 "-" "Custom-AsyncHttpClient"
152.58.26.123 - - [04/Oct/2024:03:13:59 +0000] "GET /v1-list-all-tasks/66ff5d7265c85844abd1b08d?status=all&date=2024-10-04 HTTP/1.1" 200 2 "https://time.fyi/" "Mozilla/5.0 (Windows NT 10.0; Win64; x64) AppleWebKit/537.36 (KHTML, like Gecko) Chrome/129.0.0.0 Safari/537.36"
152.58.26.123 - - [04/Oct/2024:03:13:59 +0000] "GET /v1-list-all-tasks/66ff5d7265c85844abd1b08d?status=all&date=2024-10-05 HTTP/1.1" 200 2 "https://time.fyi/" "Mozilla/5.0 (Windows NT 10.0; Win64; x64) AppleWebKit/537.36 (KHTML, like Gecko) Chrome/129.0.0.0 Safari/537.36"
152.58.26.123 - - [04/Oct/2024:03:13:59 +0000] "OPTIONS /v1-list-previous-pending-tasks/66ff5d7265c85844abd1b08d?date=2024-10-04 HTTP/1.1" 200 8 "https://time.fyi/" "Mozilla/5.0 (Windows NT 10.0; Win64; x64) AppleWebKit/537.36 (KHTML, like Gecko) Chrome/129.0.0.0 Safari/537.36"
152.58.26.123 - - [04/Oct/2024:03:14:00 +0000] "GET /v1-list-previous-pending-tasks/66ff5d7265c85844abd1b08d?date=2024-10-04 HTTP/1.1" 200 2 "https://time.fyi/" "Mozilla/5.0 (Windows NT 10.0; Win64; x64) AppleWebKit/537.36 (KHTML, like Gecko) Chrome/129.0.0.0 Safari/537.36"
36.141.34.62 - - [04/Oct/2024:03:14:01 +0000] "GET /phpunit/phpunit/src/Util/PHP/eval-stdin.php HTTP/1.1" 404 48 "-" "Custom-AsyncHttpClient"
36.141.34.62 - - [04/Oct/2024:03:14:02 +0000] "GET /phpunit/phpunit/Util/PHP/eval-stdin.php HTTP/1.1" 404 48 "-" "Custom-AsyncHttpClient"
159.89.185.30 - - [04/Oct/2024:03:14:04 +0000] "GET /v1-health HTTP/1.1" 200 51 "-" "DigitalOcean Uptime Probe 0.22.0 (https://digitalocean.com)"
36.141.34.62 - - [04/Oct/2024:03:14:04 +0000] "GET /phpunit/src/Util/PHP/eval-stdin.php HTTP/1.1" 404 48 "-" "Custom-AsyncHttpClient"
36.141.34.62 - - [04/Oct/2024:03:14:06 +0000] "GET /phpunit/Util/PHP/eval-stdin.php HTTP/1.1" 404 48 "-" "Custom-AsyncHttpClient"
36.141.34.62 - - [04/Oct/2024:03:14:08 +0000] "GET /lib/phpunit/phpunit/src/Util/PHP/eval-stdin.php HTTP/1.1" 404 48 "-" "Custom-AsyncHttpClient"
36.141.34.62 - - [04/Oct/2024:03:14:10 +0000] "GET /lib/phpunit/phpunit/Util/PHP/eval-stdin.php HTTP/1.1" 404 48 "-" "Custom-AsyncHttpClient"
36.141.34.62 - - [04/Oct/2024:03:14:12 +0000] "GET /lib/phpunit/src/Util/PHP/eval-stdin.php HTTP/1.1" 404 48 "-" "Custom-AsyncHttpClient"
36.141.34.62 - - [04/Oct/2024:03:14:13 +0000] "GET /lib/phpunit/Util/PHP/eval-stdin.php HTTP/1.1" 404 48 "-" "Custom-AsyncHttpClient"
36.141.34.62 - - [04/Oct/2024:03:14:14 +0000] "GET /lib/vendor/phpunit/phpunit/src/Util/PHP/eval-stdin.php HTTP/1.1" 404 48 "-" "Custom-AsyncHttpClient"
36.141.34.62 - - [04/Oct/2024:03:14:16 +0000] "GET /laravel/vendor/phpunit/phpunit/src/Util/PHP/eval-stdin.php HTTP/1.1" 404 48 "-" "Custom-AsyncHttpClient"
178.128.94.113 - - [04/Oct/2024:03:14:18 +0000] "GET /v1-health HTTP/1.1" 200 51 "-" "DigitalOcean Uptime Probe 0.22.0 (https://digitalocean.com)"
36.141.34.62 - - [04/Oct/2024:03:14:18 +0000] "GET /www/vendor/phpunit/phpunit/src/Util/PHP/eval-stdin.php HTTP/1.1" 404 48 "-" "Custom-AsyncHttpClient"
36.141.34.62 - - [04/Oct/2024:03:14:19 +0000] "GET /ws/vendor/phpunit/phpunit/src/Util/PHP/eval-stdin.php HTTP/1.1" 404 48 "-" "Custom-AsyncHttpClient"
36.141.34.62 - - [04/Oct/2024:03:14:21 +0000] "GET /yii/vendor/phpunit/phpunit/src/Util/PHP/eval-stdin.php HTTP/1.1" 404 48 "-" "Custom-AsyncHttpClient"
142.93.136.176 - - [04/Oct/2024:03:14:22 +0000] "GET /v1-health HTTP/1.1" 200 51 "-" "DigitalOcean Uptime Probe 0.22.0 (https://digitalocean.com)"
138.68.248.85 - - [04/Oct/2024:03:14:22 +0000] "GET /v1-health HTTP/1.1" 200 51 "-" "DigitalOcean Uptime Probe 0.22.0 (https://digitalocean.com)"
36.141.34.62 - - [04/Oct/2024:03:14:23 +0000] "GET /zend/vendor/phpunit/phpunit/src/Util/PHP/eval-stdin.php HTTP/1.1" 404 48 "-" "Custom-AsyncHttpClient"
36.141.34.62 - - [04/Oct/2024:03:14:25 +0000] "GET /ws/ec/vendor/phpunit/phpunit/src/Util/PHP/eval-stdin.php HTTP/1.1" 404 48 "-" "Custom-AsyncHttpClient"
36.141.34.62 - - [04/Oct/2024:03:14:26 +0000] "GET /V2/vendor/phpunit/phpunit/src/Util/PHP/eval-stdin.php HTTP/1.1" 404 48 "-" "Custom-AsyncHttpClient"
36.141.34.62 - - [04/Oct/2024:03:14:28 +0000] "GET /tests/vendor/phpunit/phpunit/src/Util/PHP/eval-stdin.php HTTP/1.1" 404 48 "-" "Custom-AsyncHttpClient"
36.141.34.62 - - [04/Oct/2024:03:14:29 +0000] "GET /test/vendor/phpunit/phpunit/src/Util/PHP/eval-stdin.php HTTP/1.1" 404 48 "-" "Custom-AsyncHttpClient"
36.141.34.62 - - [04/Oct/2024:03:14:31 +0000] "GET /testing/vendor/phpunit/phpunit/src/Util/PHP/eval-stdin.php HTTP/1.1" 404 48 "-" "Custom-AsyncHttpClient"
36.141.34.62 - - [04/Oct/2024:03:14:33 +0000] "GET /api/vendor/phpunit/phpunit/src/Util/PHP/eval-stdin.php HTTP/1.1" 404 48 "-" "Custom-AsyncHttpClient"
36.141.34.62 - - [04/Oct/2024:03:14:35 +0000] "GET /demo/vendor/phpunit/phpunit/src/Util/PHP/eval-stdin.php HTTP/1.1" 404 48 "-" "Custom-AsyncHttpClient"
36.141.34.62 - - [04/Oct/2024:03:14:37 +0000] "GET /cms/vendor/phpunit/phpunit/src/Util/PHP/eval-stdin.php HTTP/1.1" 404 48 "-" "Custom-AsyncHttpClient"
36.141.34.62 - - [04/Oct/2024:03:14:38 +0000] "GET /crm/vendor/phpunit/phpunit/src/Util/PHP/eval-stdin.php HTTP/1.1" 404 48 "-" "Custom-AsyncHttpClient"
152.58.26.123 - - [04/Oct/2024:03:14:39 +0000] "OPTIONS /v1-upsert-task/66ff5d7265c85844abd1b08d HTTP/1.1" 200 4 "https://time.fyi/" "Mozilla/5.0 (Windows NT 10.0; Win64; x64) AppleWebKit/537.36 (KHTML, like Gecko) Chrome/129.0.0.0 Safari/537.36"
152.58.26.123 - - [04/Oct/2024:03:14:40 +0000] "POST /v1-upsert-task/66ff5d7265c85844abd1b08d HTTP/1.1" 200 315 "https://time.fyi/" "Mozilla/5.0 (Windows NT 10.0; Win64; x64) AppleWebKit/537.36 (KHTML, like Gecko) Chrome/129.0.0.0 Safari/537.36"
36.141.34.62 - - [04/Oct/2024:03:14:40 +0000] "GET /admin/vendor/phpunit/phpunit/src/Util/PHP/eval-stdin.php HTTP/1.1" 404 48 "-" "Custom-AsyncHttpClient"
152.58.26.123 - - [04/Oct/2024:03:14:40 +0000] "GET /v1-list-all-tasks/66ff5d7265c85844abd1b08d?status=all&date=2024-10-04 HTTP/1.1" 200 317 "https://time.fyi/" "Mozilla/5.0 (Windows NT 10.0; Win64; x64) AppleWebKit/537.36 (KHTML, like Gecko) Chrome/129.0.0.0 Safari/537.36"
36.141.34.62 - - [04/Oct/2024:03:14:42 +0000] "GET /backup/vendor/phpunit/phpunit/src/Util/PHP/eval-stdin.php HTTP/1.1" 404 48 "-" "Custom-AsyncHttpClient"
36.141.34.62 - - [04/Oct/2024:03:14:44 +0000] "GET /blog/vendor/phpunit/phpunit/src/Util/PHP/eval-stdin.php HTTP/1.1" 404 48 "-" "Custom-AsyncHttpClient"
36.141.34.62 - - [04/Oct/2024:03:14:45 +0000] "GET /workspace/drupal/vendor/phpunit/phpunit/src/Util/PHP/eval-stdin.php HTTP/1.1" 404 48 "-" "Custom-AsyncHttpClient"
36.141.34.62 - - [04/Oct/2024:03:14:46 +0000] "GET /panel/vendor/phpunit/phpunit/src/Util/PHP/eval-stdin.php HTTP/1.1" 404 48 "-" "Custom-AsyncHttpClient"
36.141.34.62 - - [04/Oct/2024:03:14:47 +0000] "GET /public/vendor/phpunit/phpunit/src/Util/PHP/eval-stdin.php HTTP/1.1" 404 48 "-" "Custom-AsyncHttpClient"
36.141.34.62 - - [04/Oct/2024:03:14:49 +0000] "GET /apps/vendor/phpunit/phpunit/src/Util/PHP/eval-stdin.php HTTP/1.1" 404 48 "-" "Custom-AsyncHttpClient"
36.141.34.62 - - [04/Oct/2024:03:14:50 +0000] "GET /app/vendor/phpunit/phpunit/src/Util/PHP/eval-stdin.php HTTP/1.1" 404 48 "-" "Custom-AsyncHttpClient"
36.141.34.62 - - [04/Oct/2024:03:14:51 +0000] "GET /index.php?s=/index/\x5Cthink\x5Capp/invokefunction&function=call_user_func_array&vars[0]=md5&vars[1][]=Hello HTTP/1.1" 404 48 "-" "Custom-AsyncHttpClient"
36.141.34.62 - - [04/Oct/2024:03:14:52 +0000] "GET /public/index.php?s=/index/\x5Cthink\x5Capp/invokefunction&function=call_user_func_array&vars[0]=md5&vars[1][]=Hello HTTP/1.1" 404 48 "-" "Custom-AsyncHttpClient"
36.141.34.62 - - [04/Oct/2024:03:14:54 +0000] "GET /index.php?lang=../../../../../../../../usr/local/lib/php/pearcmd&+config-create+/&/<?echo(md5(\x22hi\x22));?>+/tmp/index1.php HTTP/1.1" 404 48 "-" "Custom-AsyncHttpClient"
36.141.34.62 - - [04/Oct/2024:03:14:56 +0000] "GET /index.php?lang=../../../../../../../../tmp/index1 HTTP/1.1" 404 48 "-" "Custom-AsyncHttpClient"
152.58.26.123 - - [04/Oct/2024:03:15:02 +0000] "OPTIONS /v1-my-billing-details HTTP/1.1" 200 8 "https://time.fyi/" "Mozilla/5.0 (Windows NT 10.0; Win64; x64) AppleWebKit/537.36 (KHTML, like Gecko) Chrome/129.0.0.0 Safari/537.36"
152.58.26.123 - - [04/Oct/2024:03:15:02 +0000] "GET /v1-my-billing-details HTTP/1.1" 200 17 "https://time.fyi/" "Mozilla/5.0 (Windows NT 10.0; Win64; x64) AppleWebKit/537.36 (KHTML, like Gecko) Chrome/129.0.0.0 Safari/537.36"
159.89.185.30 - - [04/Oct/2024:03:15:04 +0000] "GET /v1-health HTTP/1.1" 200 51 "-" "DigitalOcean Uptime Probe 0.22.0 (https://digitalocean.com)"
95.214.55.138 - - [04/Oct/2024:03:15:06 +0000] "GET / HTTP/1.1" 200 409 "-" "Mozilla/5.0 (Windows NT 10.0; Win64; x64) AppleWebKit/537.36 (KHTML, like Gecko) Chrome/90.0.4430.85 Safari/537.36 Edg/90.0.818.46"
178.128.94.113 - - [04/Oct/2024:03:15:18 +0000] "GET /v1-health HTTP/1.1" 200 51 "-" "DigitalOcean Uptime Probe 0.22.0 (https://digitalocean.com)"
142.93.136.176 - - [04/Oct/2024:03:15:22 +0000] "GET /v1-health HTTP/1.1" 200 51 "-" "DigitalOcean Uptime Probe 0.22.0 (https://digitalocean.com)"
138.68.248.85 - - [04/Oct/2024:03:15:22 +0000] "GET /v1-health HTTP/1.1" 200 51 "-" "DigitalOcean Uptime Probe 0.22.0 (https://digitalocean.com)"
108.61.224.36 - - [04/Oct/2024:03:16:01 +0000] "GET /v1-health HTTP/1.1" 200 51 "-" "Mozilla/5.0 (Windows NT 10.0; Win64; x64) AppleWebKit/537.36 (KHTML, like Gecko) Chrome/129.0.0.0 Safari/537.36 (StatusCake)"
159.89.185.30 - - [04/Oct/2024:03:16:04 +0000] "GET /v1-health HTTP/1.1" 200 51 "-" "DigitalOcean Uptime Probe 0.22.0 (https://digitalocean.com)"
178.128.94.113 - - [04/Oct/2024:03:16:18 +0000] "GET /v1-health HTTP/1.1" 200 51 "-" "DigitalOcean Uptime Probe 0.22.0 (https://digitalocean.com)"
142.93.136.176 - - [04/Oct/2024:03:16:22 +0000] "GET /v1-health HTTP/1.1" 200 51 "-" "DigitalOcean Uptime Probe 0.22.0 (https://digitalocean.com)"
138.68.248.85 - - [04/Oct/2024:03:16:22 +0000] "GET /v1-health HTTP/1.1" 200 51 "-" "DigitalOcean Uptime Probe 0.22.0 (https://digitalocean.com)"
159.89.185.30 - - [04/Oct/2024:03:17:04 +0000] "GET /v1-health HTTP/1.1" 200 51 "-" "DigitalOcean Uptime Probe 0.22.0 (https://digitalocean.com)"
178.128.94.113 - - [04/Oct/2024:03:17:18 +0000] "GET /v1-health HTTP/1.1" 200 51 "-" "DigitalOcean Uptime Probe 0.22.0 (https://digitalocean.com)"
142.93.136.176 - - [04/Oct/2024:03:17:22 +0000] "GET /v1-health HTTP/1.1" 200 51 "-" "DigitalOcean Uptime Probe 0.22.0 (https://digitalocean.com)"
138.68.248.85 - - [04/Oct/2024:03:17:22 +0000] "GET /v1-health HTTP/1.1" 200 51 "-" "DigitalOcean Uptime Probe 0.22.0 (https://digitalocean.com)"
95.214.55.138 - - [04/Oct/2024:03:17:22 +0000] "GET / HTTP/1.1" 200 409 "-" "Mozilla/5.0 (Windows NT 10.0; Win64; x64) AppleWebKit/537.36 (KHTML, like Gecko) Chrome/90.0.4430.85 Safari/537.36 Edg/90.0.818.46"
159.89.185.30 - - [04/Oct/2024:03:18:04 +0000] "GET /v1-health HTTP/1.1" 200 51 "-" "DigitalOcean Uptime Probe 0.22.0 (https://digitalocean.com)"
178.128.94.113 - - [04/Oct/2024:03:18:18 +0000] "GET /v1-health HTTP/1.1" 200 51 "-" "DigitalOcean Uptime Probe 0.22.0 (https://digitalocean.com)"
142.93.136.176 - - [04/Oct/2024:03:18:22 +0000] "GET /v1-health HTTP/1.1" 200 51 "-" "DigitalOcean Uptime Probe 0.22.0 (https://digitalocean.com)"
138.68.248.85 - - [04/Oct/2024:03:18:22 +0000] "GET /v1-health HTTP/1.1" 200 51 "-" "DigitalOcean Uptime Probe 0.22.0 (https://digitalocean.com)"
159.89.185.30 - - [04/Oct/2024:03:19:04 +0000] "GET /v1-health HTTP/1.1" 200 51 "-" "DigitalOcean Uptime Probe 0.22.0 (https://digitalocean.com)"
178.128.94.113 - - [04/Oct/2024:03:19:18 +0000] "GET /v1-health HTTP/1.1" 200 51 "-" "DigitalOcean Uptime Probe 0.22.0 (https://digitalocean.com)"
141.98.11.15 - - [04/Oct/2024:03:19:20 +0000] "GET /cgi-bin/luci/;stok=/locale HTTP/1.1" 404 162 "-" "Hello"
142.93.136.176 - - [04/Oct/2024:03:19:22 +0000] "GET /v1-health HTTP/1.1" 200 51 "-" "DigitalOcean Uptime Probe 0.22.0 (https://digitalocean.com)"
138.68.248.85 - - [04/Oct/2024:03:19:22 +0000] "GET /v1-health HTTP/1.1" 200 51 "-" "DigitalOcean Uptime Probe 0.22.0 (https://digitalocean.com)"
159.89.185.30 - - [04/Oct/2024:03:20:04 +0000] "GET /v1-health HTTP/1.1" 200 51 "-" "DigitalOcean Uptime Probe 0.22.0 (https://digitalocean.com)"
178.128.94.113 - - [04/Oct/2024:03:20:18 +0000] "GET /v1-health HTTP/1.1" 200 51 "-" "DigitalOcean Uptime Probe 0.22.0 (https://digitalocean.com)"
142.93.136.176 - - [04/Oct/2024:03:20:22 +0000] "GET /v1-health HTTP/1.1" 200 51 "-" "DigitalOcean Uptime Probe 0.22.0 (https://digitalocean.com)"
138.68.248.85 - - [04/Oct/2024:03:20:22 +0000] "GET /v1-health HTTP/1.1" 200 51 "-" "DigitalOcean Uptime Probe 0.22.0 (https://digitalocean.com)"
159.89.185.30 - - [04/Oct/2024:03:21:04 +0000] "GET /v1-health HTTP/1.1" 200 51 "-" "DigitalOcean Uptime Probe 0.22.0 (https://digitalocean.com)"
174.138.57.253 - - [04/Oct/2024:03:21:05 +0000] "GET /v1-health HTTP/1.1" 200 51 "-" "Mozilla/5.0 (Windows NT 10.0; Win64; x64) AppleWebKit/537.36 (KHTML, like Gecko) Chrome/129.0.0.0 Safari/537.36 (StatusCake)"
178.128.94.113 - - [04/Oct/2024:03:21:18 +0000] "GET /v1-health HTTP/1.1" 200 51 "-" "DigitalOcean Uptime Probe 0.22.0 (https://digitalocean.com)"
142.93.136.176 - - [04/Oct/2024:03:21:22 +0000] "GET /v1-health HTTP/1.1" 200 51 "-" "DigitalOcean Uptime Probe 0.22.0 (https://digitalocean.com)"
138.68.248.85 - - [04/Oct/2024:03:21:22 +0000] "GET /v1-health HTTP/1.1" 200 51 "-" "DigitalOcean Uptime Probe 0.22.0 (https://digitalocean.com)"
159.89.185.30 - - [04/Oct/2024:03:22:04 +0000] "GET /v1-health HTTP/1.1" 200 51 "-" "DigitalOcean Uptime Probe 0.22.0 (https://digitalocean.com)"
178.128.94.113 - - [04/Oct/2024:03:22:18 +0000] "GET /v1-health HTTP/1.1" 200 51 "-" "DigitalOcean Uptime Probe 0.22.0 (https://digitalocean.com)"
142.93.136.176 - - [04/Oct/2024:03:22:22 +0000] "GET /v1-health HTTP/1.1" 200 51 "-" "DigitalOcean Uptime Probe 0.22.0 (https://digitalocean.com)"
138.68.248.85 - - [04/Oct/2024:03:22:22 +0000] "GET /v1-health HTTP/1.1" 200 51 "-" "DigitalOcean Uptime Probe 0.22.0 (https://digitalocean.com)"
159.89.185.30 - - [04/Oct/2024:03:23:04 +0000] "GET /v1-health HTTP/1.1" 200 51 "-" "DigitalOcean Uptime Probe 0.22.0 (https://digitalocean.com)"
178.128.94.113 - - [04/Oct/2024:03:23:18 +0000] "GET /v1-health HTTP/1.1" 200 51 "-" "DigitalOcean Uptime Probe 0.22.0 (https://digitalocean.com)"
142.93.136.176 - - [04/Oct/2024:03:23:22 +0000] "GET /v1-health HTTP/1.1" 200 51 "-" "DigitalOcean Uptime Probe 0.22.0 (https://digitalocean.com)"
138.68.248.85 - - [04/Oct/2024:03:23:22 +0000] "GET /v1-health HTTP/1.1" 200 51 "-" "DigitalOcean Uptime Probe 0.22.0 (https://digitalocean.com)"
159.89.185.30 - - [04/Oct/2024:03:24:04 +0000] "GET /v1-health HTTP/1.1" 200 51 "-" "DigitalOcean Uptime Probe 0.22.0 (https://digitalocean.com)"
178.128.94.113 - - [04/Oct/2024:03:24:18 +0000] "GET /v1-health HTTP/1.1" 200 51 "-" "DigitalOcean Uptime Probe 0.22.0 (https://digitalocean.com)"
142.93.136.176 - - [04/Oct/2024:03:24:22 +0000] "GET /v1-health HTTP/1.1" 200 51 "-" "DigitalOcean Uptime Probe 0.22.0 (https://digitalocean.com)"
138.68.248.85 - - [04/Oct/2024:03:24:22 +0000] "GET /v1-health HTTP/1.1" 200 51 "-" "DigitalOcean Uptime Probe 0.22.0 (https://digitalocean.com)"
65.49.20.69 - - [04/Oct/2024:03:24:33 +0000] "GET / HTTP/1.1" 404 48 "-" "Mozilla/5.0 (Windows NT 10.0; Win64; x64) AppleWebKit/537.36 (KHTML, like Gecko) Chrome/110.0.0.0 Safari/537.36"
159.89.185.30 - - [04/Oct/2024:03:25:04 +0000] "GET /v1-health HTTP/1.1" 200 51 "-" "DigitalOcean Uptime Probe 0.22.0 (https://digitalocean.com)"
178.128.94.113 - - [04/Oct/2024:03:25:18 +0000] "GET /v1-health HTTP/1.1" 200 51 "-" "DigitalOcean Uptime Probe 0.22.0 (https://digitalocean.com)"
142.93.136.176 - - [04/Oct/2024:03:25:22 +0000] "GET /v1-health HTTP/1.1" 200 51 "-" "DigitalOcean Uptime Probe 0.22.0 (https://digitalocean.com)"
138.68.248.85 - - [04/Oct/2024:03:25:22 +0000] "GET /v1-health HTTP/1.1" 200 51 "-" "DigitalOcean Uptime Probe 0.22.0 (https://digitalocean.com)"
159.89.185.30 - - [04/Oct/2024:03:26:04 +0000] "GET /v1-health HTTP/1.1" 200 51 "-" "DigitalOcean Uptime Probe 0.22.0 (https://digitalocean.com)"
34.118.59.148 - - [04/Oct/2024:03:26:08 +0000] "GET /v1-health HTTP/1.1" 200 51 "-" "Mozilla/5.0 (Windows NT 10.0; Win64; x64) AppleWebKit/537.36 (KHTML, like Gecko) Chrome/129.0.0.0 Safari/537.36 (StatusCake)"
178.128.94.113 - - [04/Oct/2024:03:26:18 +0000] "GET /v1-health HTTP/1.1" 200 51 "-" "DigitalOcean Uptime Probe 0.22.0 (https://digitalocean.com)"
142.93.136.176 - - [04/Oct/2024:03:26:22 +0000] "GET /v1-health HTTP/1.1" 200 51 "-" "DigitalOcean Uptime Probe 0.22.0 (https://digitalocean.com)"
138.68.248.85 - - [04/Oct/2024:03:26:22 +0000] "GET /v1-health HTTP/1.1" 200 51 "-" "DigitalOcean Uptime Probe 0.22.0 (https://digitalocean.com)"
159.89.185.30 - - [04/Oct/2024:03:27:04 +0000] "GET /v1-health HTTP/1.1" 200 51 "-" "DigitalOcean Uptime Probe 0.22.0 (https://digitalocean.com)"
178.128.94.113 - - [04/Oct/2024:03:27:18 +0000] "GET /v1-health HTTP/1.1" 200 51 "-" "DigitalOcean Uptime Probe 0.22.0 (https://digitalocean.com)"
142.93.136.176 - - [04/Oct/2024:03:27:22 +0000] "GET /v1-health HTTP/1.1" 200 51 "-" "DigitalOcean Uptime Probe 0.22.0 (https://digitalocean.com)"
138.68.248.85 - - [04/Oct/2024:03:27:22 +0000] "GET /v1-health HTTP/1.1" 200 51 "-" "DigitalOcean Uptime Probe 0.22.0 (https://digitalocean.com)"
159.89.185.30 - - [04/Oct/2024:03:28:04 +0000] "GET /v1-health HTTP/1.1" 200 51 "-" "DigitalOcean Uptime Probe 0.22.0 (https://digitalocean.com)"
178.128.94.113 - - [04/Oct/2024:03:28:18 +0000] "GET /v1-health HTTP/1.1" 200 51 "-" "DigitalOcean Uptime Probe 0.22.0 (https://digitalocean.com)"
142.93.136.176 - - [04/Oct/2024:03:28:22 +0000] "GET /v1-health HTTP/1.1" 200 51 "-" "DigitalOcean Uptime Probe 0.22.0 (https://digitalocean.com)"
138.68.248.85 - - [04/Oct/2024:03:28:22 +0000] "GET /v1-health HTTP/1.1" 200 51 "-" "DigitalOcean Uptime Probe 0.22.0 (https://digitalocean.com)"
159.89.185.30 - - [04/Oct/2024:03:29:04 +0000] "GET /v1-health HTTP/1.1" 200 51 "-" "DigitalOcean Uptime Probe 0.22.0 (https://digitalocean.com)"
178.128.94.113 - - [04/Oct/2024:03:29:18 +0000] "GET /v1-health HTTP/1.1" 200 51 "-" "DigitalOcean Uptime Probe 0.22.0 (https://digitalocean.com)"
142.93.136.176 - - [04/Oct/2024:03:29:22 +0000] "GET /v1-health HTTP/1.1" 200 51 "-" "DigitalOcean Uptime Probe 0.22.0 (https://digitalocean.com)"
138.68.248.85 - - [04/Oct/2024:03:29:22 +0000] "GET /v1-health HTTP/1.1" 200 51 "-" "DigitalOcean Uptime Probe 0.22.0 (https://digitalocean.com)"
159.89.185.30 - - [04/Oct/2024:03:30:04 +0000] "GET /v1-health HTTP/1.1" 200 51 "-" "DigitalOcean Uptime Probe 0.22.0 (https://digitalocean.com)"
178.128.94.113 - - [04/Oct/2024:03:30:18 +0000] "GET /v1-health HTTP/1.1" 200 51 "-" "DigitalOcean Uptime Probe 0.22.0 (https://digitalocean.com)"
142.93.136.176 - - [04/Oct/2024:03:30:22 +0000] "GET /v1-health HTTP/1.1" 200 51 "-" "DigitalOcean Uptime Probe 0.22.0 (https://digitalocean.com)"
138.68.248.85 - - [04/Oct/2024:03:30:22 +0000] "GET /v1-health HTTP/1.1" 200 51 "-" "DigitalOcean Uptime Probe 0.22.0 (https://digitalocean.com)"
159.89.185.30 - - [04/Oct/2024:03:31:04 +0000] "GET /v1-health HTTP/1.1" 200 51 "-" "DigitalOcean Uptime Probe 0.22.0 (https://digitalocean.com)"
146.190.20.1 - - [04/Oct/2024:03:31:13 +0000] "GET /v1-health HTTP/1.1" 200 51 "-" "Mozilla/5.0 (Windows NT 10.0; Win64; x64) AppleWebKit/537.36 (KHTML, like Gecko) Chrome/129.0.0.0 Safari/537.36 (StatusCake)"
178.128.94.113 - - [04/Oct/2024:03:31:18 +0000] "GET /v1-health HTTP/1.1" 200 51 "-" "DigitalOcean Uptime Probe 0.22.0 (https://digitalocean.com)"
142.93.136.176 - - [04/Oct/2024:03:31:22 +0000] "GET /v1-health HTTP/1.1" 200 51 "-" "DigitalOcean Uptime Probe 0.22.0 (https://digitalocean.com)"
138.68.248.85 - - [04/Oct/2024:03:31:22 +0000] "GET /v1-health HTTP/1.1" 200 51 "-" "DigitalOcean Uptime Probe 0.22.0 (https://digitalocean.com)"
65.49.20.69 - - [04/Oct/2024:03:31:45 +0000] "GET /webui/ HTTP/1.1" 404 48 "-" "Mozilla/5.0 (Macintosh; Intel Mac OS X 10_15_7) AppleWebKit/605.1.15 (KHTML, like Gecko) Version/16.0 Safari/605.1.15"
159.89.185.30 - - [04/Oct/2024:03:32:04 +0000] "GET /v1-health HTTP/1.1" 200 51 "-" "DigitalOcean Uptime Probe 0.22.0 (https://digitalocean.com)"
178.128.94.113 - - [04/Oct/2024:03:32:18 +0000] "GET /v1-health HTTP/1.1" 200 51 "-" "DigitalOcean Uptime Probe 0.22.0 (https://digitalocean.com)"
142.93.136.176 - - [04/Oct/2024:03:32:22 +0000] "GET /v1-health HTTP/1.1" 200 51 "-" "DigitalOcean Uptime Probe 0.22.0 (https://digitalocean.com)"
138.68.248.85 - - [04/Oct/2024:03:32:22 +0000] "GET /v1-health HTTP/1.1" 200 51 "-" "DigitalOcean Uptime Probe 0.22.0 (https://digitalocean.com)"
159.89.185.30 - - [04/Oct/2024:03:33:04 +0000] "GET /v1-health HTTP/1.1" 200 51 "-" "DigitalOcean Uptime Probe 0.22.0 (https://digitalocean.com)"
178.128.94.113 - - [04/Oct/2024:03:33:18 +0000] "GET /v1-health HTTP/1.1" 200 51 "-" "DigitalOcean Uptime Probe 0.22.0 (https://digitalocean.com)"
142.93.136.176 - - [04/Oct/2024:03:33:22 +0000] "GET /v1-health HTTP/1.1" 200 51 "-" "DigitalOcean Uptime Probe 0.22.0 (https://digitalocean.com)"
138.68.248.85 - - [04/Oct/2024:03:33:22 +0000] "GET /v1-health HTTP/1.1" 200 51 "-" "DigitalOcean Uptime Probe 0.22.0 (https://digitalocean.com)"
159.89.185.30 - - [04/Oct/2024:03:34:04 +0000] "GET /v1-health HTTP/1.1" 200 51 "-" "DigitalOcean Uptime Probe 0.22.0 (https://digitalocean.com)"
141.98.11.15 - - [04/Oct/2024:03:34:17 +0000] "GET /cgi-bin/luci/;stok=/locale HTTP/1.1" 404 162 "-" "Hello"
178.128.94.113 - - [04/Oct/2024:03:34:18 +0000] "GET /v1-health HTTP/1.1" 200 51 "-" "DigitalOcean Uptime Probe 0.22.0 (https://digitalocean.com)"
142.93.136.176 - - [04/Oct/2024:03:34:22 +0000] "GET /v1-health HTTP/1.1" 200 51 "-" "DigitalOcean Uptime Probe 0.22.0 (https://digitalocean.com)"
138.68.248.85 - - [04/Oct/2024:03:34:22 +0000] "GET /v1-health HTTP/1.1" 200 51 "-" "DigitalOcean Uptime Probe 0.22.0 (https://digitalocean.com)"
159.89.185.30 - - [04/Oct/2024:03:35:04 +0000] "GET /v1-health HTTP/1.1" 200 51 "-" "DigitalOcean Uptime Probe 0.22.0 (https://digitalocean.com)"
65.49.20.69 - - [04/Oct/2024:03:35:09 +0000] "GET /favicon.ico HTTP/1.1" 404 48 "-" "Mozilla/5.0 (Windows NT 10.0; rv:91.0) Gecko/20100101 Firefox/91.0"
178.128.94.113 - - [04/Oct/2024:03:35:18 +0000] "GET /v1-health HTTP/1.1" 200 51 "-" "DigitalOcean Uptime Probe 0.22.0 (https://digitalocean.com)"
142.93.136.176 - - [04/Oct/2024:03:35:22 +0000] "GET /v1-health HTTP/1.1" 200 51 "-" "DigitalOcean Uptime Probe 0.22.0 (https://digitalocean.com)"
138.68.248.85 - - [04/Oct/2024:03:35:22 +0000] "GET /v1-health HTTP/1.1" 200 51 "-" "DigitalOcean Uptime Probe 0.22.0 (https://digitalocean.com)"
159.89.185.30 - - [04/Oct/2024:03:36:04 +0000] "GET /v1-health HTTP/1.1" 200 51 "-" "DigitalOcean Uptime Probe 0.22.0 (https://digitalocean.com)"
178.128.94.113 - - [04/Oct/2024:03:36:18 +0000] "GET /v1-health HTTP/1.1" 200 51 "-" "DigitalOcean Uptime Probe 0.22.0 (https://digitalocean.com)"
45.32.69.14 - - [04/Oct/2024:03:36:18 +0000] "GET /v1-health HTTP/1.1" 200 51 "-" "Mozilla/5.0 (Windows NT 10.0; Win64; x64) AppleWebKit/537.36 (KHTML, like Gecko) Chrome/129.0.0.0 Safari/537.36 (StatusCake)"
142.93.136.176 - - [04/Oct/2024:03:36:22 +0000] "GET /v1-health HTTP/1.1" 200 51 "-" "DigitalOcean Uptime Probe 0.22.0 (https://digitalocean.com)"
138.68.248.85 - - [04/Oct/2024:03:36:22 +0000] "GET /v1-health HTTP/1.1" 200 51 "-" "DigitalOcean Uptime Probe 0.22.0 (https://digitalocean.com)"
159.89.185.30 - - [04/Oct/2024:03:37:04 +0000] "GET /v1-health HTTP/1.1" 200 51 "-" "DigitalOcean Uptime Probe 0.22.0 (https://digitalocean.com)"
178.128.94.113 - - [04/Oct/2024:03:37:18 +0000] "GET /v1-health HTTP/1.1" 200 51 "-" "DigitalOcean Uptime Probe 0.22.0 (https://digitalocean.com)"
142.93.136.176 - - [04/Oct/2024:03:37:22 +0000] "GET /v1-health HTTP/1.1" 200 51 "-" "DigitalOcean Uptime Probe 0.22.0 (https://digitalocean.com)"
138.68.248.85 - - [04/Oct/2024:03:37:22 +0000] "GET /v1-health HTTP/1.1" 200 51 "-" "DigitalOcean Uptime Probe 0.22.0 (https://digitalocean.com)"
65.49.20.69 - - [04/Oct/2024:03:37:31 +0000] "GET / HTTP/1.1" 404 48 "-" "Mozilla/5.0 (Windows NT 10.0; Win64; x64) AppleWebKit/537.36 (KHTML, like Gecko) Chrome/110.0.0.0 Safari/537.36"
103.151.123.145 - - [04/Oct/2024:03:37:59 +0000] "GET /.env HTTP/1.1" 404 134 "-" "Mozilla/5.0 (Linux; U; Android 4.4.2; en-US; HM NOTE 1W Build/KOT49H) AppleWebKit/534.30 (KHTML, like Gecko) Version/4.0 UCBrowser/11.0.5.850 U3/0.8.0 Mobile Safari/534.30"
103.151.123.145 - - [04/Oct/2024:03:38:00 +0000] "POST / HTTP/1.1" 405 166 "-" "Mozilla/5.0 (Linux; U; Android 4.4.2; en-US; HM NOTE 1W Build/KOT49H) AppleWebKit/534.30 (KHTML, like Gecko) Version/4.0 UCBrowser/11.0.5.850 U3/0.8.0 Mobile Safari/534.30"
103.151.123.145 - - [04/Oct/2024:03:38:01 +0000] "GET /.env HTTP/1.1" 404 48 "-" "Mozilla/5.0 (Linux; U; Android 4.4.2; en-US; HM NOTE 1W Build/KOT49H) AppleWebKit/534.30 (KHTML, like Gecko) Version/4.0 UCBrowser/11.0.5.850 U3/0.8.0 Mobile Safari/534.30"
103.151.123.145 - - [04/Oct/2024:03:38:02 +0000] "POST / HTTP/1.1" 404 48 "-" "Mozilla/5.0 (Linux; U; Android 4.4.2; en-US; HM NOTE 1W Build/KOT49H) AppleWebKit/534.30 (KHTML, like Gecko) Version/4.0 UCBrowser/11.0.5.850 U3/0.8.0 Mobile Safari/534.30"
159.89.185.30 - - [04/Oct/2024:03:38:04 +0000] "GET /v1-health HTTP/1.1" 200 51 "-" "DigitalOcean Uptime Probe 0.22.0 (https://digitalocean.com)"
103.151.123.145 - - [04/Oct/2024:03:38:07 +0000] "GET /vendor/phpunit/phpunit/src/Util/PHP/eval-stdin.php HTTP/1.1" 404 134 "-" "python-requests/2.25.1"
178.128.94.113 - - [04/Oct/2024:03:38:18 +0000] "GET /v1-health HTTP/1.1" 200 51 "-" "DigitalOcean Uptime Probe 0.22.0 (https://digitalocean.com)"
142.93.136.176 - - [04/Oct/2024:03:38:22 +0000] "GET /v1-health HTTP/1.1" 200 51 "-" "DigitalOcean Uptime Probe 0.22.0 (https://digitalocean.com)"
138.68.248.85 - - [04/Oct/2024:03:38:22 +0000] "GET /v1-health HTTP/1.1" 200 51 "-" "DigitalOcean Uptime Probe 0.22.0 (https://digitalocean.com)"
159.89.185.30 - - [04/Oct/2024:03:39:04 +0000] "GET /v1-health HTTP/1.1" 200 51 "-" "DigitalOcean Uptime Probe 0.22.0 (https://digitalocean.com)"
178.128.94.113 - - [04/Oct/2024:03:39:18 +0000] "GET /v1-health HTTP/1.1" 200 51 "-" "DigitalOcean Uptime Probe 0.22.0 (https://digitalocean.com)"
142.93.136.176 - - [04/Oct/2024:03:39:22 +0000] "GET /v1-health HTTP/1.1" 200 51 "-" "DigitalOcean Uptime Probe 0.22.0 (https://digitalocean.com)"
138.68.248.85 - - [04/Oct/2024:03:39:22 +0000] "GET /v1-health HTTP/1.1" 200 51 "-" "DigitalOcean Uptime Probe 0.22.0 (https://digitalocean.com)"
159.89.185.30 - - [04/Oct/2024:03:40:04 +0000] "GET /v1-health HTTP/1.1" 200 51 "-" "DigitalOcean Uptime Probe 0.22.0 (https://digitalocean.com)"
178.128.94.113 - - [04/Oct/2024:03:40:18 +0000] "GET /v1-health HTTP/1.1" 200 51 "-" "DigitalOcean Uptime Probe 0.22.0 (https://digitalocean.com)"
142.93.136.176 - - [04/Oct/2024:03:40:22 +0000] "GET /v1-health HTTP/1.1" 200 51 "-" "DigitalOcean Uptime Probe 0.22.0 (https://digitalocean.com)"
138.68.248.85 - - [04/Oct/2024:03:40:22 +0000] "GET /v1-health HTTP/1.1" 200 51 "-" "DigitalOcean Uptime Probe 0.22.0 (https://digitalocean.com)"
159.89.185.30 - - [04/Oct/2024:03:41:04 +0000] "GET /v1-health HTTP/1.1" 200 51 "-" "DigitalOcean Uptime Probe 0.22.0 (https://digitalocean.com)"
178.128.94.113 - - [04/Oct/2024:03:41:18 +0000] "GET /v1-health HTTP/1.1" 200 51 "-" "DigitalOcean Uptime Probe 0.22.0 (https://digitalocean.com)"
142.93.136.176 - - [04/Oct/2024:03:41:22 +0000] "GET /v1-health HTTP/1.1" 200 51 "-" "DigitalOcean Uptime Probe 0.22.0 (https://digitalocean.com)"
138.68.248.85 - - [04/Oct/2024:03:41:22 +0000] "GET /v1-health HTTP/1.1" 200 51 "-" "DigitalOcean Uptime Probe 0.22.0 (https://digitalocean.com)"
146.190.20.13 - - [04/Oct/2024:03:41:23 +0000] "GET /v1-health HTTP/1.1" 200 51 "-" "Mozilla/5.0 (Windows NT 10.0; Win64; x64) AppleWebKit/537.36 (KHTML, like Gecko) Chrome/129.0.0.0 Safari/537.36 (StatusCake)"
65.49.20.69 - - [04/Oct/2024:03:41:46 +0000] "GET /geoserver/web/ HTTP/1.1" 404 48 "-" "Mozilla/5.0 (Macintosh; Intel Mac OS X 10_15_7) AppleWebKit/605.1.15 (KHTML, like Gecko) Version/16.0 Safari/605.1.15"
159.89.185.30 - - [04/Oct/2024:03:42:04 +0000] "GET /v1-health HTTP/1.1" 200 51 "-" "DigitalOcean Uptime Probe 0.22.0 (https://digitalocean.com)"
178.128.94.113 - - [04/Oct/2024:03:42:18 +0000] "GET /v1-health HTTP/1.1" 200 51 "-" "DigitalOcean Uptime Probe 0.22.0 (https://digitalocean.com)"
142.93.136.176 - - [04/Oct/2024:03:42:22 +0000] "GET /v1-health HTTP/1.1" 200 51 "-" "DigitalOcean Uptime Probe 0.22.0 (https://digitalocean.com)"
138.68.248.85 - - [04/Oct/2024:03:42:22 +0000] "GET /v1-health HTTP/1.1" 200 51 "-" "DigitalOcean Uptime Probe 0.22.0 (https://digitalocean.com)"
159.89.185.30 - - [04/Oct/2024:03:43:04 +0000] "GET /v1-health HTTP/1.1" 200 51 "-" "DigitalOcean Uptime Probe 0.22.0 (https://digitalocean.com)"
178.128.94.113 - - [04/Oct/2024:03:43:18 +0000] "GET /v1-health HTTP/1.1" 200 51 "-" "DigitalOcean Uptime Probe 0.22.0 (https://digitalocean.com)"
142.93.136.176 - - [04/Oct/2024:03:43:22 +0000] "GET /v1-health HTTP/1.1" 200 51 "-" "DigitalOcean Uptime Probe 0.22.0 (https://digitalocean.com)"
138.68.248.85 - - [04/Oct/2024:03:43:22 +0000] "GET /v1-health HTTP/1.1" 200 51 "-" "DigitalOcean Uptime Probe 0.22.0 (https://digitalocean.com)"
159.89.185.30 - - [04/Oct/2024:03:44:04 +0000] "GET /v1-health HTTP/1.1" 200 51 "-" "DigitalOcean Uptime Probe 0.22.0 (https://digitalocean.com)"
65.49.20.69 - - [04/Oct/2024:03:44:08 +0000] "GET /.git/config HTTP/1.1" 404 48 "-" "Mozilla/5.0 (Windows NT 10.0; Win64; x64) AppleWebKit/537.36 (KHTML, like Gecko) Chrome/124.0.0.0 Safari/537.36"
178.128.94.113 - - [04/Oct/2024:03:44:18 +0000] "GET /v1-health HTTP/1.1" 200 51 "-" "DigitalOcean Uptime Probe 0.22.0 (https://digitalocean.com)"
142.93.136.176 - - [04/Oct/2024:03:44:22 +0000] "GET /v1-health HTTP/1.1" 200 51 "-" "DigitalOcean Uptime Probe 0.22.0 (https://digitalocean.com)"
138.68.248.85 - - [04/Oct/2024:03:44:22 +0000] "GET /v1-health HTTP/1.1" 200 51 "-" "DigitalOcean Uptime Probe 0.22.0 (https://digitalocean.com)"
159.89.185.30 - - [04/Oct/2024:03:45:04 +0000] "GET /v1-health HTTP/1.1" 200 51 "-" "DigitalOcean Uptime Probe 0.22.0 (https://digitalocean.com)"
178.128.94.113 - - [04/Oct/2024:03:45:18 +0000] "GET /v1-health HTTP/1.1" 200 51 "-" "DigitalOcean Uptime Probe 0.22.0 (https://digitalocean.com)"
142.93.136.176 - - [04/Oct/2024:03:45:22 +0000] "GET /v1-health HTTP/1.1" 200 51 "-" "DigitalOcean Uptime Probe 0.22.0 (https://digitalocean.com)"
138.68.248.85 - - [04/Oct/2024:03:45:22 +0000] "GET /v1-health HTTP/1.1" 200 51 "-" "DigitalOcean Uptime Probe 0.22.0 (https://digitalocean.com)"
159.89.185.30 - - [04/Oct/2024:03:46:04 +0000] "GET /v1-health HTTP/1.1" 200 51 "-" "DigitalOcean Uptime Probe 0.22.0 (https://digitalocean.com)"
178.128.94.113 - - [04/Oct/2024:03:46:18 +0000] "GET /v1-health HTTP/1.1" 200 51 "-" "DigitalOcean Uptime Probe 0.22.0 (https://digitalocean.com)"
142.93.136.176 - - [04/Oct/2024:03:46:22 +0000] "GET /v1-health HTTP/1.1" 200 51 "-" "DigitalOcean Uptime Probe 0.22.0 (https://digitalocean.com)"
138.68.248.85 - - [04/Oct/2024:03:46:22 +0000] "GET /v1-health HTTP/1.1" 200 51 "-" "DigitalOcean Uptime Probe 0.22.0 (https://digitalocean.com)"
45.32.151.21 - - [04/Oct/2024:03:46:26 +0000] "GET /v1-health HTTP/1.1" 200 51 "-" "Mozilla/5.0 (Windows NT 10.0; Win64; x64) AppleWebKit/537.36 (KHTML, like Gecko) Chrome/129.0.0.0 Safari/537.36 (StatusCake)"
159.89.185.30 - - [04/Oct/2024:03:47:04 +0000] "GET /v1-health HTTP/1.1" 200 51 "-" "DigitalOcean Uptime Probe 0.22.0 (https://digitalocean.com)"
178.128.94.113 - - [04/Oct/2024:03:47:18 +0000] "GET /v1-health HTTP/1.1" 200 51 "-" "DigitalOcean Uptime Probe 0.22.0 (https://digitalocean.com)"
142.93.136.176 - - [04/Oct/2024:03:47:22 +0000] "GET /v1-health HTTP/1.1" 200 51 "-" "DigitalOcean Uptime Probe 0.22.0 (https://digitalocean.com)"
138.68.248.85 - - [04/Oct/2024:03:47:22 +0000] "GET /v1-health HTTP/1.1" 200 51 "-" "DigitalOcean Uptime Probe 0.22.0 (https://digitalocean.com)"
159.89.185.30 - - [04/Oct/2024:03:48:04 +0000] "GET /v1-health HTTP/1.1" 200 51 "-" "DigitalOcean Uptime Probe 0.22.0 (https://digitalocean.com)"
178.128.94.113 - - [04/Oct/2024:03:48:18 +0000] "GET /v1-health HTTP/1.1" 200 51 "-" "DigitalOcean Uptime Probe 0.22.0 (https://digitalocean.com)"
142.93.136.176 - - [04/Oct/2024:03:48:22 +0000] "GET /v1-health HTTP/1.1" 200 51 "-" "DigitalOcean Uptime Probe 0.22.0 (https://digitalocean.com)"
138.68.248.85 - - [04/Oct/2024:03:48:22 +0000] "GET /v1-health HTTP/1.1" 200 51 "-" "DigitalOcean Uptime Probe 0.22.0 (https://digitalocean.com)"
159.89.185.30 - - [04/Oct/2024:03:49:04 +0000] "GET /v1-health HTTP/1.1" 200 51 "-" "DigitalOcean Uptime Probe 0.22.0 (https://digitalocean.com)"
178.128.94.113 - - [04/Oct/2024:03:49:18 +0000] "GET /v1-health HTTP/1.1" 200 51 "-" "DigitalOcean Uptime Probe 0.22.0 (https://digitalocean.com)"
142.93.136.176 - - [04/Oct/2024:03:49:22 +0000] "GET /v1-health HTTP/1.1" 200 51 "-" "DigitalOcean Uptime Probe 0.22.0 (https://digitalocean.com)"
138.68.248.85 - - [04/Oct/2024:03:49:22 +0000] "GET /v1-health HTTP/1.1" 200 51 "-" "DigitalOcean Uptime Probe 0.22.0 (https://digitalocean.com)"
159.89.185.30 - - [04/Oct/2024:03:50:04 +0000] "GET /v1-health HTTP/1.1" 200 51 "-" "DigitalOcean Uptime Probe 0.22.0 (https://digitalocean.com)"
178.128.94.113 - - [04/Oct/2024:03:50:18 +0000] "GET /v1-health HTTP/1.1" 200 51 "-" "DigitalOcean Uptime Probe 0.22.0 (https://digitalocean.com)"
142.93.136.176 - - [04/Oct/2024:03:50:22 +0000] "GET /v1-health HTTP/1.1" 200 51 "-" "DigitalOcean Uptime Probe 0.22.0 (https://digitalocean.com)"
138.68.248.85 - - [04/Oct/2024:03:50:22 +0000] "GET /v1-health HTTP/1.1" 200 51 "-" "DigitalOcean Uptime Probe 0.22.0 (https://digitalocean.com)"
159.89.185.30 - - [04/Oct/2024:03:51:04 +0000] "GET /v1-health HTTP/1.1" 200 51 "-" "DigitalOcean Uptime Probe 0.22.0 (https://digitalocean.com)"
178.128.94.113 - - [04/Oct/2024:03:51:18 +0000] "GET /v1-health HTTP/1.1" 200 51 "-" "DigitalOcean Uptime Probe 0.22.0 (https://digitalocean.com)"
142.93.136.176 - - [04/Oct/2024:03:51:22 +0000] "GET /v1-health HTTP/1.1" 200 51 "-" "DigitalOcean Uptime Probe 0.22.0 (https://digitalocean.com)"
138.68.248.85 - - [04/Oct/2024:03:51:22 +0000] "GET /v1-health HTTP/1.1" 200 51 "-" "DigitalOcean Uptime Probe 0.22.0 (https://digitalocean.com)"
159.223.175.210 - - [04/Oct/2024:03:51:30 +0000] "GET /v1-health HTTP/1.1" 200 51 "-" "Mozilla/5.0 (Windows NT 10.0; Win64; x64) AppleWebKit/537.36 (KHTML, like Gecko) Chrome/129.0.0.0 Safari/537.36 (StatusCake)"
159.89.185.30 - - [04/Oct/2024:03:52:04 +0000] "GET /v1-health HTTP/1.1" 200 51 "-" "DigitalOcean Uptime Probe 0.22.0 (https://digitalocean.com)"
178.128.94.113 - - [04/Oct/2024:03:52:18 +0000] "GET /v1-health HTTP/1.1" 200 51 "-" "DigitalOcean Uptime Probe 0.22.0 (https://digitalocean.com)"
142.93.136.176 - - [04/Oct/2024:03:52:22 +0000] "GET /v1-health HTTP/1.1" 200 51 "-" "DigitalOcean Uptime Probe 0.22.0 (https://digitalocean.com)"
138.68.248.85 - - [04/Oct/2024:03:52:22 +0000] "GET /v1-health HTTP/1.1" 200 51 "-" "DigitalOcean Uptime Probe 0.22.0 (https://digitalocean.com)"
141.98.11.79 - - [04/Oct/2024:03:52:26 +0000] "GET / HTTP/1.1" 200 615 "-" "-"
159.89.185.30 - - [04/Oct/2024:03:53:04 +0000] "GET /v1-health HTTP/1.1" 200 51 "-" "DigitalOcean Uptime Probe 0.22.0 (https://digitalocean.com)"
178.128.94.113 - - [04/Oct/2024:03:53:18 +0000] "GET /v1-health HTTP/1.1" 200 51 "-" "DigitalOcean Uptime Probe 0.22.0 (https://digitalocean.com)"
142.93.136.176 - - [04/Oct/2024:03:53:22 +0000] "GET /v1-health HTTP/1.1" 200 51 "-" "DigitalOcean Uptime Probe 0.22.0 (https://digitalocean.com)"
