159.89.185.30 - - [04/Oct/2024:01:57:04 +0000] "GET /v1-health HTTP/1.1" 200 51 "-" "DigitalOcean Uptime Probe 0.22.0 (https://digitalocean.com)"
178.128.94.113 - - [04/Oct/2024:01:57:18 +0000] "GET /v1-health HTTP/1.1" 200 51 "-" "DigitalOcean Uptime Probe 0.22.0 (https://digitalocean.com)"
142.93.136.176 - - [04/Oct/2024:01:57:22 +0000] "GET /v1-health HTTP/1.1" 200 51 "-" "DigitalOcean Uptime Probe 0.22.0 (https://digitalocean.com)"
138.68.248.85 - - [04/Oct/2024:01:57:22 +0000] "GET /v1-health HTTP/1.1" 200 51 "-" "DigitalOcean Uptime Probe 0.22.0 (https://digitalocean.com)"
159.89.185.30 - - [04/Oct/2024:01:58:04 +0000] "GET /v1-health HTTP/1.1" 200 51 "-" "DigitalOcean Uptime Probe 0.22.0 (https://digitalocean.com)"
178.128.94.113 - - [04/Oct/2024:01:58:18 +0000] "GET /v1-health HTTP/1.1" 200 51 "-" "DigitalOcean Uptime Probe 0.22.0 (https://digitalocean.com)"
142.93.136.176 - - [04/Oct/2024:01:58:22 +0000] "GET /v1-health HTTP/1.1" 200 51 "-" "DigitalOcean Uptime Probe 0.22.0 (https://digitalocean.com)"
138.68.248.85 - - [04/Oct/2024:01:58:22 +0000] "GET /v1-health HTTP/1.1" 200 51 "-" "DigitalOcean Uptime Probe 0.22.0 (https://digitalocean.com)"
159.89.185.30 - - [04/Oct/2024:01:59:04 +0000] "GET /v1-health HTTP/1.1" 200 51 "-" "DigitalOcean Uptime Probe 0.22.0 (https://digitalocean.com)"
178.128.94.113 - - [04/Oct/2024:01:59:18 +0000] "GET /v1-health HTTP/1.1" 200 51 "-" "DigitalOcean Uptime Probe 0.22.0 (https://digitalocean.com)"
142.93.136.176 - - [04/Oct/2024:01:59:22 +0000] "GET /v1-health HTTP/1.1" 200 51 "-" "DigitalOcean Uptime Probe 0.22.0 (https://digitalocean.com)"
138.68.248.85 - - [04/Oct/2024:01:59:22 +0000] "GET /v1-health HTTP/1.1" 200 51 "-" "DigitalOcean Uptime Probe 0.22.0 (https://digitalocean.com)"
18.102.1.62 - - [04/Oct/2024:01:59:57 +0000] "GET /v1-health HTTP/1.1" 200 51 "-" "Mozilla/5.0 (Windows NT 10.0; Win64; x64) AppleWebKit/537.36 (KHTML, like Gecko) Chrome/129.0.0.0 Safari/537.36 (StatusCake)"
159.89.185.30 - - [04/Oct/2024:02:00:04 +0000] "GET /v1-health HTTP/1.1" 200 51 "-" "DigitalOcean Uptime Probe 0.22.0 (https://digitalocean.com)"
178.128.94.113 - - [04/Oct/2024:02:00:18 +0000] "GET /v1-health HTTP/1.1" 200 51 "-" "DigitalOcean Uptime Probe 0.22.0 (https://digitalocean.com)"
142.93.136.176 - - [04/Oct/2024:02:00:22 +0000] "GET /v1-health HTTP/1.1" 200 51 "-" "DigitalOcean Uptime Probe 0.22.0 (https://digitalocean.com)"
138.68.248.85 - - [04/Oct/2024:02:00:22 +0000] "GET /v1-health HTTP/1.1" 200 51 "-" "DigitalOcean Uptime Probe 0.22.0 (https://digitalocean.com)"
159.89.185.30 - - [04/Oct/2024:02:01:04 +0000] "GET /v1-health HTTP/1.1" 200 51 "-" "DigitalOcean Uptime Probe 0.22.0 (https://digitalocean.com)"
178.128.94.113 - - [04/Oct/2024:02:01:18 +0000] "GET /v1-health HTTP/1.1" 200 51 "-" "DigitalOcean Uptime Probe 0.22.0 (https://digitalocean.com)"
142.93.136.176 - - [04/Oct/2024:02:01:22 +0000] "GET /v1-health HTTP/1.1" 200 51 "-" "DigitalOcean Uptime Probe 0.22.0 (https://digitalocean.com)"
138.68.248.85 - - [04/Oct/2024:02:01:22 +0000] "GET /v1-health HTTP/1.1" 200 51 "-" "DigitalOcean Uptime Probe 0.22.0 (https://digitalocean.com)"
159.89.185.30 - - [04/Oct/2024:02:02:04 +0000] "GET /v1-health HTTP/1.1" 200 51 "-" "DigitalOcean Uptime Probe 0.22.0 (https://digitalocean.com)"
178.128.94.113 - - [04/Oct/2024:02:02:18 +0000] "GET /v1-health HTTP/1.1" 200 51 "-" "DigitalOcean Uptime Probe 0.22.0 (https://digitalocean.com)"
142.93.136.176 - - [04/Oct/2024:02:02:22 +0000] "GET /v1-health HTTP/1.1" 200 51 "-" "DigitalOcean Uptime Probe 0.22.0 (https://digitalocean.com)"
138.68.248.85 - - [04/Oct/2024:02:02:22 +0000] "GET /v1-health HTTP/1.1" 200 51 "-" "DigitalOcean Uptime Probe 0.22.0 (https://digitalocean.com)"
159.89.185.30 - - [04/Oct/2024:02:03:04 +0000] "GET /v1-health HTTP/1.1" 200 51 "-" "DigitalOcean Uptime Probe 0.22.0 (https://digitalocean.com)"
178.128.94.113 - - [04/Oct/2024:02:03:18 +0000] "GET /v1-health HTTP/1.1" 200 51 "-" "DigitalOcean Uptime Probe 0.22.0 (https://digitalocean.com)"
142.93.136.176 - - [04/Oct/2024:02:03:22 +0000] "GET /v1-health HTTP/1.1" 200 51 "-" "DigitalOcean Uptime Probe 0.22.0 (https://digitalocean.com)"
138.68.248.85 - - [04/Oct/2024:02:03:22 +0000] "GET /v1-health HTTP/1.1" 200 51 "-" "DigitalOcean Uptime Probe 0.22.0 (https://digitalocean.com)"
159.89.185.30 - - [04/Oct/2024:02:04:04 +0000] "GET /v1-health HTTP/1.1" 200 51 "-" "DigitalOcean Uptime Probe 0.22.0 (https://digitalocean.com)"
178.128.94.113 - - [04/Oct/2024:02:04:18 +0000] "GET /v1-health HTTP/1.1" 200 51 "-" "DigitalOcean Uptime Probe 0.22.0 (https://digitalocean.com)"
142.93.136.176 - - [04/Oct/2024:02:04:22 +0000] "GET /v1-health HTTP/1.1" 200 51 "-" "DigitalOcean Uptime Probe 0.22.0 (https://digitalocean.com)"
138.68.248.85 - - [04/Oct/2024:02:04:22 +0000] "GET /v1-health HTTP/1.1" 200 51 "-" "DigitalOcean Uptime Probe 0.22.0 (https://digitalocean.com)"
167.99.224.153 - - [04/Oct/2024:02:05:01 +0000] "GET /v1-health HTTP/1.1" 200 51 "-" "Mozilla/5.0 (Windows NT 10.0; Win64; x64) AppleWebKit/537.36 (KHTML, like Gecko) Chrome/129.0.0.0 Safari/537.36 (StatusCake)"
159.89.185.30 - - [04/Oct/2024:02:05:04 +0000] "GET /v1-health HTTP/1.1" 200 51 "-" "DigitalOcean Uptime Probe 0.22.0 (https://digitalocean.com)"
178.128.94.113 - - [04/Oct/2024:02:05:18 +0000] "GET /v1-health HTTP/1.1" 200 51 "-" "DigitalOcean Uptime Probe 0.22.0 (https://digitalocean.com)"
142.93.136.176 - - [04/Oct/2024:02:05:22 +0000] "GET /v1-health HTTP/1.1" 200 51 "-" "DigitalOcean Uptime Probe 0.22.0 (https://digitalocean.com)"
138.68.248.85 - - [04/Oct/2024:02:05:22 +0000] "GET /v1-health HTTP/1.1" 200 51 "-" "DigitalOcean Uptime Probe 0.22.0 (https://digitalocean.com)"
159.89.185.30 - - [04/Oct/2024:02:06:04 +0000] "GET /v1-health HTTP/1.1" 200 51 "-" "DigitalOcean Uptime Probe 0.22.0 (https://digitalocean.com)"
178.128.94.113 - - [04/Oct/2024:02:06:18 +0000] "GET /v1-health HTTP/1.1" 200 51 "-" "DigitalOcean Uptime Probe 0.22.0 (https://digitalocean.com)"
142.93.136.176 - - [04/Oct/2024:02:06:22 +0000] "GET /v1-health HTTP/1.1" 200 51 "-" "DigitalOcean Uptime Probe 0.22.0 (https://digitalocean.com)"
138.68.248.85 - - [04/Oct/2024:02:06:22 +0000] "GET /v1-health HTTP/1.1" 200 51 "-" "DigitalOcean Uptime Probe 0.22.0 (https://digitalocean.com)"
35.203.210.250 - - [04/Oct/2024:02:06:51 +0000] "GET / HTTP/1.1" 200 409 "-" "Expanse, a Palo Alto Networks company, searches across the global IPv4 space multiple times per day to identify customers&#39; presences on the Internet. If you would like to be excluded from our scans, please send IP addresses/domains to: scaninfo@paloaltonetworks.com"
159.89.185.30 - - [04/Oct/2024:02:07:04 +0000] "GET /v1-health HTTP/1.1" 200 51 "-" "DigitalOcean Uptime Probe 0.22.0 (https://digitalocean.com)"
178.128.94.113 - - [04/Oct/2024:02:07:18 +0000] "GET /v1-health HTTP/1.1" 200 51 "-" "DigitalOcean Uptime Probe 0.22.0 (https://digitalocean.com)"
142.93.136.176 - - [04/Oct/2024:02:07:22 +0000] "GET /v1-health HTTP/1.1" 200 51 "-" "DigitalOcean Uptime Probe 0.22.0 (https://digitalocean.com)"
138.68.248.85 - - [04/Oct/2024:02:07:22 +0000] "GET /v1-health HTTP/1.1" 200 51 "-" "DigitalOcean Uptime Probe 0.22.0 (https://digitalocean.com)"
159.89.185.30 - - [04/Oct/2024:02:08:04 +0000] "GET /v1-health HTTP/1.1" 200 51 "-" "DigitalOcean Uptime Probe 0.22.0 (https://digitalocean.com)"
178.128.94.113 - - [04/Oct/2024:02:08:18 +0000] "GET /v1-health HTTP/1.1" 200 51 "-" "DigitalOcean Uptime Probe 0.22.0 (https://digitalocean.com)"
142.93.136.176 - - [04/Oct/2024:02:08:22 +0000] "GET /v1-health HTTP/1.1" 200 51 "-" "DigitalOcean Uptime Probe 0.22.0 (https://digitalocean.com)"
138.68.248.85 - - [04/Oct/2024:02:08:22 +0000] "GET /v1-health HTTP/1.1" 200 51 "-" "DigitalOcean Uptime Probe 0.22.0 (https://digitalocean.com)"
159.89.185.30 - - [04/Oct/2024:02:09:04 +0000] "GET /v1-health HTTP/1.1" 200 51 "-" "DigitalOcean Uptime Probe 0.22.0 (https://digitalocean.com)"
178.128.94.113 - - [04/Oct/2024:02:09:18 +0000] "GET /v1-health HTTP/1.1" 200 51 "-" "DigitalOcean Uptime Probe 0.22.0 (https://digitalocean.com)"
142.93.136.176 - - [04/Oct/2024:02:09:22 +0000] "GET /v1-health HTTP/1.1" 200 51 "-" "DigitalOcean Uptime Probe 0.22.0 (https://digitalocean.com)"
138.68.248.85 - - [04/Oct/2024:02:09:22 +0000] "GET /v1-health HTTP/1.1" 200 51 "-" "DigitalOcean Uptime Probe 0.22.0 (https://digitalocean.com)"
54.164.116.73 - - [04/Oct/2024:02:09:48 +0000] "GET /.git/config HTTP/1.1" 404 134 "-" "python-requests/2.25.1"
143.110.222.166 - - [04/Oct/2024:02:09:49 +0000] "GET / HTTP/1.1" 200 409 "-" "Mozilla/5.0 (iPhone; CPU iPhone OS 16_1 like Mac OS X) AppleWebKit/605.1.15 (KHTML, like Gecko) Version/16.1 Mobile/15E148 Safari/604.1"
159.89.185.30 - - [04/Oct/2024:02:10:04 +0000] "GET /v1-health HTTP/1.1" 200 51 "-" "DigitalOcean Uptime Probe 0.22.0 (https://digitalocean.com)"
165.227.74.224 - - [04/Oct/2024:02:10:04 +0000] "GET /v1-health HTTP/1.1" 200 51 "-" "Mozilla/5.0 (Windows NT 10.0; Win64; x64) AppleWebKit/537.36 (KHTML, like Gecko) Chrome/129.0.0.0 Safari/537.36 (StatusCake)"
178.128.94.113 - - [04/Oct/2024:02:10:18 +0000] "GET /v1-health HTTP/1.1" 200 51 "-" "DigitalOcean Uptime Probe 0.22.0 (https://digitalocean.com)"
142.93.136.176 - - [04/Oct/2024:02:10:22 +0000] "GET /v1-health HTTP/1.1" 200 51 "-" "DigitalOcean Uptime Probe 0.22.0 (https://digitalocean.com)"
138.68.248.85 - - [04/Oct/2024:02:10:22 +0000] "GET /v1-health HTTP/1.1" 200 51 "-" "DigitalOcean Uptime Probe 0.22.0 (https://digitalocean.com)"
159.89.185.30 - - [04/Oct/2024:02:11:04 +0000] "GET /v1-health HTTP/1.1" 200 51 "-" "DigitalOcean Uptime Probe 0.22.0 (https://digitalocean.com)"
178.128.94.113 - - [04/Oct/2024:02:11:18 +0000] "GET /v1-health HTTP/1.1" 200 51 "-" "DigitalOcean Uptime Probe 0.22.0 (https://digitalocean.com)"
142.93.136.176 - - [04/Oct/2024:02:11:22 +0000] "GET /v1-health HTTP/1.1" 200 51 "-" "DigitalOcean Uptime Probe 0.22.0 (https://digitalocean.com)"
138.68.248.85 - - [04/Oct/2024:02:11:22 +0000] "GET /v1-health HTTP/1.1" 200 51 "-" "DigitalOcean Uptime Probe 0.22.0 (https://digitalocean.com)"
159.89.185.30 - - [04/Oct/2024:02:12:04 +0000] "GET /v1-health HTTP/1.1" 200 51 "-" "DigitalOcean Uptime Probe 0.22.0 (https://digitalocean.com)"
178.128.94.113 - - [04/Oct/2024:02:12:18 +0000] "GET /v1-health HTTP/1.1" 200 51 "-" "DigitalOcean Uptime Probe 0.22.0 (https://digitalocean.com)"
142.93.136.176 - - [04/Oct/2024:02:12:22 +0000] "GET /v1-health HTTP/1.1" 200 51 "-" "DigitalOcean Uptime Probe 0.22.0 (https://digitalocean.com)"
138.68.248.85 - - [04/Oct/2024:02:12:22 +0000] "GET /v1-health HTTP/1.1" 200 51 "-" "DigitalOcean Uptime Probe 0.22.0 (https://digitalocean.com)"
80.66.83.48 - - [04/Oct/2024:02:12:27 +0000] "\x04\x01\x00PPBS0\x00" 400 166 "-" "-"
80.66.83.48 - - [04/Oct/2024:02:12:27 +0000] "\x05\x01\x00" 400 166 "-" "-"
80.66.83.48 - - [04/Oct/2024:02:12:27 +0000] "CONNECT 80.66.83.48:80 HTTP/1.1" 400 166 "-" "-"
159.89.185.30 - - [04/Oct/2024:02:13:04 +0000] "GET /v1-health HTTP/1.1" 200 51 "-" "DigitalOcean Uptime Probe 0.22.0 (https://digitalocean.com)"
178.128.94.113 - - [04/Oct/2024:02:13:18 +0000] "GET /v1-health HTTP/1.1" 200 51 "-" "DigitalOcean Uptime Probe 0.22.0 (https://digitalocean.com)"
142.93.136.176 - - [04/Oct/2024:02:13:22 +0000] "GET /v1-health HTTP/1.1" 200 51 "-" "DigitalOcean Uptime Probe 0.22.0 (https://digitalocean.com)"
138.68.248.85 - - [04/Oct/2024:02:13:22 +0000] "GET /v1-health HTTP/1.1" 200 51 "-" "DigitalOcean Uptime Probe 0.22.0 (https://digitalocean.com)"
159.89.185.30 - - [04/Oct/2024:02:14:04 +0000] "GET /v1-health HTTP/1.1" 200 51 "-" "DigitalOcean Uptime Probe 0.22.0 (https://digitalocean.com)"
198.235.24.107 - - [04/Oct/2024:02:14:12 +0000] "GET / HTTP/1.1" 404 48 "-" "Expanse, a Palo Alto Networks company, searches across the global IPv4 space multiple times per day to identify customers&#39; presences on the Internet. If you would like to be excluded from our scans, please send IP addresses/domains to: scaninfo@paloaltonetworks.com"
178.128.94.113 - - [04/Oct/2024:02:14:18 +0000] "GET /v1-health HTTP/1.1" 200 51 "-" "DigitalOcean Uptime Probe 0.22.0 (https://digitalocean.com)"
142.93.136.176 - - [04/Oct/2024:02:14:22 +0000] "GET /v1-health HTTP/1.1" 200 51 "-" "DigitalOcean Uptime Probe 0.22.0 (https://digitalocean.com)"
138.68.248.85 - - [04/Oct/2024:02:14:22 +0000] "GET /v1-health HTTP/1.1" 200 51 "-" "DigitalOcean Uptime Probe 0.22.0 (https://digitalocean.com)"
159.89.185.30 - - [04/Oct/2024:02:15:04 +0000] "GET /v1-health HTTP/1.1" 200 51 "-" "DigitalOcean Uptime Probe 0.22.0 (https://digitalocean.com)"
45.77.235.246 - - [04/Oct/2024:02:15:08 +0000] "GET /v1-health HTTP/1.1" 200 51 "-" "Mozilla/5.0 (Windows NT 10.0; Win64; x64) AppleWebKit/537.36 (KHTML, like Gecko) Chrome/129.0.0.0 Safari/537.36 (StatusCake)"
178.128.94.113 - - [04/Oct/2024:02:15:18 +0000] "GET /v1-health HTTP/1.1" 200 51 "-" "DigitalOcean Uptime Probe 0.22.0 (https://digitalocean.com)"
142.93.136.176 - - [04/Oct/2024:02:15:22 +0000] "GET /v1-health HTTP/1.1" 200 51 "-" "DigitalOcean Uptime Probe 0.22.0 (https://digitalocean.com)"
138.68.248.85 - - [04/Oct/2024:02:15:22 +0000] "GET /v1-health HTTP/1.1" 200 51 "-" "DigitalOcean Uptime Probe 0.22.0 (https://digitalocean.com)"
159.89.185.30 - - [04/Oct/2024:02:16:04 +0000] "GET /v1-health HTTP/1.1" 200 51 "-" "DigitalOcean Uptime Probe 0.22.0 (https://digitalocean.com)"
34.140.251.235 - - [04/Oct/2024:02:16:09 +0000] "GET / HTTP/1.1" 404 48 "-" "python-requests/2.32.3"
178.128.94.113 - - [04/Oct/2024:02:16:18 +0000] "GET /v1-health HTTP/1.1" 200 51 "-" "DigitalOcean Uptime Probe 0.22.0 (https://digitalocean.com)"
142.93.136.176 - - [04/Oct/2024:02:16:22 +0000] "GET /v1-health HTTP/1.1" 200 51 "-" "DigitalOcean Uptime Probe 0.22.0 (https://digitalocean.com)"
138.68.248.85 - - [04/Oct/2024:02:16:22 +0000] "GET /v1-health HTTP/1.1" 200 51 "-" "DigitalOcean Uptime Probe 0.22.0 (https://digitalocean.com)"
86.134.118.70 - - [04/Oct/2024:02:17:04 +0000] "OPTIONS /v1-complete-pomodoro HTTP/1.1" 200 4 "https://time.fyi/" "Mozilla/5.0 (Macintosh; Intel Mac OS X 10_15_7) AppleWebKit/537.36 (KHTML, like Gecko) Chrome/128.0.0.0 Safari/537.36"
159.89.185.30 - - [04/Oct/2024:02:17:04 +0000] "GET /v1-health HTTP/1.1" 200 51 "-" "DigitalOcean Uptime Probe 0.22.0 (https://digitalocean.com)"
86.134.118.70 - - [04/Oct/2024:02:17:04 +0000] "POST /v1-complete-pomodoro HTTP/1.1" 200 15 "https://time.fyi/" "Mozilla/5.0 (Macintosh; Intel Mac OS X 10_15_7) AppleWebKit/537.36 (KHTML, like Gecko) Chrome/128.0.0.0 Safari/537.36"
86.134.118.70 - - [04/Oct/2024:02:17:04 +0000] "GET /v1-list-pomodoro-history?startDate=2024-10-04&endDate=2024-10-05 HTTP/1.1" 200 279 "https://time.fyi/" "Mozilla/5.0 (Macintosh; Intel Mac OS X 10_15_7) AppleWebKit/537.36 (KHTML, like Gecko) Chrome/128.0.0.0 Safari/537.36"
178.128.94.113 - - [04/Oct/2024:02:17:18 +0000] "GET /v1-health HTTP/1.1" 200 51 "-" "DigitalOcean Uptime Probe 0.22.0 (https://digitalocean.com)"
142.93.136.176 - - [04/Oct/2024:02:17:22 +0000] "GET /v1-health HTTP/1.1" 200 51 "-" "DigitalOcean Uptime Probe 0.22.0 (https://digitalocean.com)"
35.203.211.128 - - [04/Oct/2024:02:17:22 +0000] "GET / HTTP/1.1" 200 409 "-" "Expanse, a Palo Alto Networks company, searches across the global IPv4 space multiple times per day to identify customers&#39; presences on the Internet. If you would like to be excluded from our scans, please send IP addresses/domains to: scaninfo@paloaltonetworks.com"
138.68.248.85 - - [04/Oct/2024:02:17:22 +0000] "GET /v1-health HTTP/1.1" 200 51 "-" "DigitalOcean Uptime Probe 0.22.0 (https://digitalocean.com)"
143.110.222.166 - - [04/Oct/2024:02:17:57 +0000] "GET / HTTP/1.1" 200 409 "-" "Mozilla/5.0 (iPhone; CPU iPhone OS 16_1 like Mac OS X) AppleWebKit/605.1.15 (KHTML, like Gecko) Version/16.1 Mobile/15E148 Safari/604.1"
159.89.185.30 - - [04/Oct/2024:02:18:04 +0000] "GET /v1-health HTTP/1.1" 200 51 "-" "DigitalOcean Uptime Probe 0.22.0 (https://digitalocean.com)"
178.128.94.113 - - [04/Oct/2024:02:18:18 +0000] "GET /v1-health HTTP/1.1" 200 51 "-" "DigitalOcean Uptime Probe 0.22.0 (https://digitalocean.com)"
142.93.136.176 - - [04/Oct/2024:02:18:22 +0000] "GET /v1-health HTTP/1.1" 200 51 "-" "DigitalOcean Uptime Probe 0.22.0 (https://digitalocean.com)"
138.68.248.85 - - [04/Oct/2024:02:18:22 +0000] "GET /v1-health HTTP/1.1" 200 51 "-" "DigitalOcean Uptime Probe 0.22.0 (https://digitalocean.com)"
159.89.185.30 - - [04/Oct/2024:02:19:04 +0000] "GET /v1-health HTTP/1.1" 200 51 "-" "DigitalOcean Uptime Probe 0.22.0 (https://digitalocean.com)"
178.128.94.113 - - [04/Oct/2024:02:19:18 +0000] "GET /v1-health HTTP/1.1" 200 51 "-" "DigitalOcean Uptime Probe 0.22.0 (https://digitalocean.com)"
142.93.136.176 - - [04/Oct/2024:02:19:22 +0000] "GET /v1-health HTTP/1.1" 200 51 "-" "DigitalOcean Uptime Probe 0.22.0 (https://digitalocean.com)"
138.68.248.85 - - [04/Oct/2024:02:19:22 +0000] "GET /v1-health HTTP/1.1" 200 51 "-" "DigitalOcean Uptime Probe 0.22.0 (https://digitalocean.com)"
159.89.185.30 - - [04/Oct/2024:02:20:04 +0000] "GET /v1-health HTTP/1.1" 200 51 "-" "DigitalOcean Uptime Probe 0.22.0 (https://digitalocean.com)"
34.78.123.120 - - [04/Oct/2024:02:20:12 +0000] "GET /v1-health HTTP/1.1" 200 51 "-" "Mozilla/5.0 (Windows NT 10.0; Win64; x64) AppleWebKit/537.36 (KHTML, like Gecko) Chrome/129.0.0.0 Safari/537.36 (StatusCake)"
178.128.94.113 - - [04/Oct/2024:02:20:18 +0000] "GET /v1-health HTTP/1.1" 200 51 "-" "DigitalOcean Uptime Probe 0.22.0 (https://digitalocean.com)"
142.93.136.176 - - [04/Oct/2024:02:20:22 +0000] "GET /v1-health HTTP/1.1" 200 51 "-" "DigitalOcean Uptime Probe 0.22.0 (https://digitalocean.com)"
138.68.248.85 - - [04/Oct/2024:02:20:22 +0000] "GET /v1-health HTTP/1.1" 200 51 "-" "DigitalOcean Uptime Probe 0.22.0 (https://digitalocean.com)"
159.89.185.30 - - [04/Oct/2024:02:21:04 +0000] "GET /v1-health HTTP/1.1" 200 51 "-" "DigitalOcean Uptime Probe 0.22.0 (https://digitalocean.com)"
93.174.93.12 - - [04/Oct/2024:02:21:14 +0000] "GET / HTTP/1.0" 200 615 "-" "Mozilla/5.0 (Windows NT 10.0; Win64; x64) AppleWebKit/537.36 (KHTML, like Gecko) Chrome/70.0.3538.110 Safari/537.36"
178.128.94.113 - - [04/Oct/2024:02:21:18 +0000] "GET /v1-health HTTP/1.1" 200 51 "-" "DigitalOcean Uptime Probe 0.22.0 (https://digitalocean.com)"
142.93.136.176 - - [04/Oct/2024:02:21:22 +0000] "GET /v1-health HTTP/1.1" 200 51 "-" "DigitalOcean Uptime Probe 0.22.0 (https://digitalocean.com)"
138.68.248.85 - - [04/Oct/2024:02:21:22 +0000] "GET /v1-health HTTP/1.1" 200 51 "-" "DigitalOcean Uptime Probe 0.22.0 (https://digitalocean.com)"
159.89.185.30 - - [04/Oct/2024:02:22:04 +0000] "GET /v1-health HTTP/1.1" 200 51 "-" "DigitalOcean Uptime Probe 0.22.0 (https://digitalocean.com)"
178.128.94.113 - - [04/Oct/2024:02:22:18 +0000] "GET /v1-health HTTP/1.1" 200 51 "-" "DigitalOcean Uptime Probe 0.22.0 (https://digitalocean.com)"
142.93.136.176 - - [04/Oct/2024:02:22:22 +0000] "GET /v1-health HTTP/1.1" 200 51 "-" "DigitalOcean Uptime Probe 0.22.0 (https://digitalocean.com)"
138.68.248.85 - - [04/Oct/2024:02:22:22 +0000] "GET /v1-health HTTP/1.1" 200 51 "-" "DigitalOcean Uptime Probe 0.22.0 (https://digitalocean.com)"
141.98.11.79 - - [04/Oct/2024:02:22:37 +0000] "GET / HTTP/1.1" 200 615 "-" "-"
159.89.185.30 - - [04/Oct/2024:02:23:04 +0000] "GET /v1-health HTTP/1.1" 200 51 "-" "DigitalOcean Uptime Probe 0.22.0 (https://digitalocean.com)"
178.128.94.113 - - [04/Oct/2024:02:23:18 +0000] "GET /v1-health HTTP/1.1" 200 51 "-" "DigitalOcean Uptime Probe 0.22.0 (https://digitalocean.com)"
142.93.136.176 - - [04/Oct/2024:02:23:22 +0000] "GET /v1-health HTTP/1.1" 200 51 "-" "DigitalOcean Uptime Probe 0.22.0 (https://digitalocean.com)"
138.68.248.85 - - [04/Oct/2024:02:23:22 +0000] "GET /v1-health HTTP/1.1" 200 51 "-" "DigitalOcean Uptime Probe 0.22.0 (https://digitalocean.com)"
159.89.185.30 - - [04/Oct/2024:02:24:04 +0000] "GET /v1-health HTTP/1.1" 200 51 "-" "DigitalOcean Uptime Probe 0.22.0 (https://digitalocean.com)"
178.128.94.113 - - [04/Oct/2024:02:24:18 +0000] "GET /v1-health HTTP/1.1" 200 51 "-" "DigitalOcean Uptime Probe 0.22.0 (https://digitalocean.com)"
138.68.248.85 - - [04/Oct/2024:02:24:22 +0000] "GET /v1-health HTTP/1.1" 200 51 "-" "DigitalOcean Uptime Probe 0.22.0 (https://digitalocean.com)"
142.93.136.176 - - [04/Oct/2024:02:24:22 +0000] "GET /v1-health HTTP/1.1" 200 51 "-" "DigitalOcean Uptime Probe 0.22.0 (https://digitalocean.com)"
159.89.185.30 - - [04/Oct/2024:02:25:04 +0000] "GET /v1-health HTTP/1.1" 200 51 "-" "DigitalOcean Uptime Probe 0.22.0 (https://digitalocean.com)"
199.247.9.63 - - [04/Oct/2024:02:25:18 +0000] "GET /v1-health HTTP/1.1" 200 51 "-" "Mozilla/5.0 (Windows NT 10.0; Win64; x64) AppleWebKit/537.36 (KHTML, like Gecko) Chrome/129.0.0.0 Safari/537.36 (StatusCake)"
178.128.94.113 - - [04/Oct/2024:02:25:18 +0000] "GET /v1-health HTTP/1.1" 200 51 "-" "DigitalOcean Uptime Probe 0.22.0 (https://digitalocean.com)"
142.93.136.176 - - [04/Oct/2024:02:25:22 +0000] "GET /v1-health HTTP/1.1" 200 51 "-" "DigitalOcean Uptime Probe 0.22.0 (https://digitalocean.com)"
138.68.248.85 - - [04/Oct/2024:02:25:22 +0000] "GET /v1-health HTTP/1.1" 200 51 "-" "DigitalOcean Uptime Probe 0.22.0 (https://digitalocean.com)"
54.37.79.75 - - [04/Oct/2024:02:25:38 +0000] "GET /.env HTTP/1.1" 404 196 "-" "Mozilla/5.0 (X11; Linux x86_64) AppleWebKit/537.36 (KHTML, like Gecko) Chrome/81.0.4044.129 Safari/537.36"
54.37.79.75 - - [04/Oct/2024:02:25:38 +0000] "POST / HTTP/1.1" 405 568 "-" "Mozilla/5.0 (X11; Linux x86_64) AppleWebKit/537.36 (KHTML, like Gecko) Chrome/81.0.4044.129 Safari/537.36"
159.89.185.30 - - [04/Oct/2024:02:26:04 +0000] "GET /v1-health HTTP/1.1" 200 51 "-" "DigitalOcean Uptime Probe 0.22.0 (https://digitalocean.com)"
178.128.94.113 - - [04/Oct/2024:02:26:18 +0000] "GET /v1-health HTTP/1.1" 200 51 "-" "DigitalOcean Uptime Probe 0.22.0 (https://digitalocean.com)"
142.93.136.176 - - [04/Oct/2024:02:26:22 +0000] "GET /v1-health HTTP/1.1" 200 51 "-" "DigitalOcean Uptime Probe 0.22.0 (https://digitalocean.com)"
138.68.248.85 - - [04/Oct/2024:02:26:22 +0000] "GET /v1-health HTTP/1.1" 200 51 "-" "DigitalOcean Uptime Probe 0.22.0 (https://digitalocean.com)"
159.89.185.30 - - [04/Oct/2024:02:27:04 +0000] "GET /v1-health HTTP/1.1" 200 51 "-" "DigitalOcean Uptime Probe 0.22.0 (https://digitalocean.com)"
178.128.94.113 - - [04/Oct/2024:02:27:18 +0000] "GET /v1-health HTTP/1.1" 200 51 "-" "DigitalOcean Uptime Probe 0.22.0 (https://digitalocean.com)"
142.93.136.176 - - [04/Oct/2024:02:27:22 +0000] "GET /v1-health HTTP/1.1" 200 51 "-" "DigitalOcean Uptime Probe 0.22.0 (https://digitalocean.com)"
138.68.248.85 - - [04/Oct/2024:02:27:22 +0000] "GET /v1-health HTTP/1.1" 200 51 "-" "DigitalOcean Uptime Probe 0.22.0 (https://digitalocean.com)"
159.89.185.30 - - [04/Oct/2024:02:28:04 +0000] "GET /v1-health HTTP/1.1" 200 51 "-" "DigitalOcean Uptime Probe 0.22.0 (https://digitalocean.com)"
178.128.94.113 - - [04/Oct/2024:02:28:18 +0000] "GET /v1-health HTTP/1.1" 200 51 "-" "DigitalOcean Uptime Probe 0.22.0 (https://digitalocean.com)"
142.93.136.176 - - [04/Oct/2024:02:28:22 +0000] "GET /v1-health HTTP/1.1" 200 51 "-" "DigitalOcean Uptime Probe 0.22.0 (https://digitalocean.com)"
138.68.248.85 - - [04/Oct/2024:02:28:22 +0000] "GET /v1-health HTTP/1.1" 200 51 "-" "DigitalOcean Uptime Probe 0.22.0 (https://digitalocean.com)"
159.89.185.30 - - [04/Oct/2024:02:29:04 +0000] "GET /v1-health HTTP/1.1" 200 51 "-" "DigitalOcean Uptime Probe 0.22.0 (https://digitalocean.com)"
178.128.94.113 - - [04/Oct/2024:02:29:18 +0000] "GET /v1-health HTTP/1.1" 200 51 "-" "DigitalOcean Uptime Probe 0.22.0 (https://digitalocean.com)"
142.93.136.176 - - [04/Oct/2024:02:29:22 +0000] "GET /v1-health HTTP/1.1" 200 51 "-" "DigitalOcean Uptime Probe 0.22.0 (https://digitalocean.com)"
138.68.248.85 - - [04/Oct/2024:02:29:22 +0000] "GET /v1-health HTTP/1.1" 200 51 "-" "DigitalOcean Uptime Probe 0.22.0 (https://digitalocean.com)"
159.89.185.30 - - [04/Oct/2024:02:30:04 +0000] "GET /v1-health HTTP/1.1" 200 51 "-" "DigitalOcean Uptime Probe 0.22.0 (https://digitalocean.com)"
178.128.94.113 - - [04/Oct/2024:02:30:18 +0000] "GET /v1-health HTTP/1.1" 200 51 "-" "DigitalOcean Uptime Probe 0.22.0 (https://digitalocean.com)"
142.93.136.176 - - [04/Oct/2024:02:30:22 +0000] "GET /v1-health HTTP/1.1" 200 51 "-" "DigitalOcean Uptime Probe 0.22.0 (https://digitalocean.com)"
138.68.248.85 - - [04/Oct/2024:02:30:22 +0000] "GET /v1-health HTTP/1.1" 200 51 "-" "DigitalOcean Uptime Probe 0.22.0 (https://digitalocean.com)"
13.48.238.157 - - [04/Oct/2024:02:30:22 +0000] "GET /v1-health HTTP/1.1" 200 51 "-" "Mozilla/5.0 (Windows NT 10.0; Win64; x64) AppleWebKit/537.36 (KHTML, like Gecko) Chrome/129.0.0.0 Safari/537.36 (StatusCake)"
159.89.185.30 - - [04/Oct/2024:02:31:04 +0000] "GET /v1-health HTTP/1.1" 200 51 "-" "DigitalOcean Uptime Probe 0.22.0 (https://digitalocean.com)"
178.128.94.113 - - [04/Oct/2024:02:31:18 +0000] "GET /v1-health HTTP/1.1" 200 51 "-" "DigitalOcean Uptime Probe 0.22.0 (https://digitalocean.com)"
142.93.136.176 - - [04/Oct/2024:02:31:22 +0000] "GET /v1-health HTTP/1.1" 200 51 "-" "DigitalOcean Uptime Probe 0.22.0 (https://digitalocean.com)"
138.68.248.85 - - [04/Oct/2024:02:31:22 +0000] "GET /v1-health HTTP/1.1" 200 51 "-" "DigitalOcean Uptime Probe 0.22.0 (https://digitalocean.com)"
159.89.185.30 - - [04/Oct/2024:02:32:04 +0000] "GET /v1-health HTTP/1.1" 200 51 "-" "DigitalOcean Uptime Probe 0.22.0 (https://digitalocean.com)"
178.128.94.113 - - [04/Oct/2024:02:32:18 +0000] "GET /v1-health HTTP/1.1" 200 51 "-" "DigitalOcean Uptime Probe 0.22.0 (https://digitalocean.com)"
142.93.136.176 - - [04/Oct/2024:02:32:22 +0000] "GET /v1-health HTTP/1.1" 200 51 "-" "DigitalOcean Uptime Probe 0.22.0 (https://digitalocean.com)"
138.68.248.85 - - [04/Oct/2024:02:32:22 +0000] "GET /v1-health HTTP/1.1" 200 51 "-" "DigitalOcean Uptime Probe 0.22.0 (https://digitalocean.com)"
159.89.185.30 - - [04/Oct/2024:02:33:04 +0000] "GET /v1-health HTTP/1.1" 200 51 "-" "DigitalOcean Uptime Probe 0.22.0 (https://digitalocean.com)"
178.128.94.113 - - [04/Oct/2024:02:33:18 +0000] "GET /v1-health HTTP/1.1" 200 51 "-" "DigitalOcean Uptime Probe 0.22.0 (https://digitalocean.com)"
142.93.136.176 - - [04/Oct/2024:02:33:22 +0000] "GET /v1-health HTTP/1.1" 200 51 "-" "DigitalOcean Uptime Probe 0.22.0 (https://digitalocean.com)"
138.68.248.85 - - [04/Oct/2024:02:33:22 +0000] "GET /v1-health HTTP/1.1" 200 51 "-" "DigitalOcean Uptime Probe 0.22.0 (https://digitalocean.com)"
107.170.30.146 - - [04/Oct/2024:02:33:56 +0000] "\x16\x03\x01\x00{\x01\x00\x00w\x03\x03\xA5Tf\x86\xC6E'\xAE\x0EP\xA8\xEC\xEF\x8A\xA2\xE3\x02\x13G\xC4!\xDC\xF1\xFF.r#\x02X}\x03\x10\x00\x00\x1A\xC0/\xC0+\xC0\x11\xC0\x07\xC0\x13\xC0\x09\xC0\x14\xC0" 400 166 "-" "-"
107.170.30.146 - - [04/Oct/2024:02:33:56 +0000] "\x16\x03\x01\x00{\x01\x00\x00w\x03\x03\xBAv$\xA0A\xCF\xB32/\xA6cM_p\xF62\xD7 q\x81,\xCC\x07\x89\x0Fa\xE9\xF4\x09\xAE\xD7\x0E\x00\x00\x1A\xC0/\xC0+\xC0\x11\xC0\x07\xC0\x13\xC0\x09\xC0\x14\xC0" 400 166 "-" "-"
107.170.30.146 - - [04/Oct/2024:02:33:56 +0000] "GET / HTTP/1.1" 200 409 "-" "Mozilla/5.0 (Windows NT 10.0; Win64; x64) AppleWebKit/537.36 (KHTML, like Gecko) Chrome/108.0.0.0 Safari/537.36"
107.170.30.146 - - [04/Oct/2024:02:33:57 +0000] "GET /form.html HTTP/1.1" 404 134 "-" "curl/8.1.2"
107.170.30.146 - - [04/Oct/2024:02:33:57 +0000] "GET /upl.php HTTP/1.1" 404 134 "-" "Mozilla/5.0"
107.170.30.146 - - [04/Oct/2024:02:33:57 +0000] "GET /t4 HTTP/1.1" 404 134 "-" "Mozilla/5.0"
107.170.30.146 - - [04/Oct/2024:02:33:57 +0000] "GET /geoip/ HTTP/1.1" 404 196 "-" "Mozilla/5.0 (Windows NT 10.0; Win64; x64) AppleWebKit/537.36 (KHTML, like Gecko) Chrome/108.0.0.0 Safari/537.36"
107.170.30.146 - - [04/Oct/2024:02:33:57 +0000] "GET /favicon.ico HTTP/1.1" 404 196 "-" "Mozilla/5.0 (Windows NT 10.0; Win64; x64) AppleWebKit/537.36 (KHTML, like Gecko) Chrome/108.0.0.0 Safari/537.36"
107.170.30.146 - - [04/Oct/2024:02:33:57 +0000] "GET /1.php HTTP/1.1" 404 196 "-" "Mozilla/5.0 (Windows NT 10.0; Win64; x64) AppleWebKit/537.36 (KHTML, like Gecko) Chrome/108.0.0.0 Safari/537.36"
107.170.30.146 - - [04/Oct/2024:02:33:57 +0000] "GET /systembc/password.php HTTP/1.1" 404 196 "-" "Mozilla/5.0 (Windows NT 10.0; Win64; x64) AppleWebKit/537.36 (KHTML, like Gecko) Chrome/108.0.0.0 Safari/537.36"
107.170.30.146 - - [04/Oct/2024:02:33:58 +0000] "GET /password.php HTTP/1.1" 404 196 "-" "Mozilla/5.0 (Windows NT 10.0; Win64; x64) AppleWebKit/537.36 (KHTML, like Gecko) Chrome/108.0.0.0 Safari/537.36"
159.89.185.30 - - [04/Oct/2024:02:34:04 +0000] "GET /v1-health HTTP/1.1" 200 51 "-" "DigitalOcean Uptime Probe 0.22.0 (https://digitalocean.com)"
178.128.94.113 - - [04/Oct/2024:02:34:18 +0000] "GET /v1-health HTTP/1.1" 200 51 "-" "DigitalOcean Uptime Probe 0.22.0 (https://digitalocean.com)"
142.93.136.176 - - [04/Oct/2024:02:34:22 +0000] "GET /v1-health HTTP/1.1" 200 51 "-" "DigitalOcean Uptime Probe 0.22.0 (https://digitalocean.com)"
138.68.248.85 - - [04/Oct/2024:02:34:22 +0000] "GET /v1-health HTTP/1.1" 200 51 "-" "DigitalOcean Uptime Probe 0.22.0 (https://digitalocean.com)"
159.89.185.30 - - [04/Oct/2024:02:35:04 +0000] "GET /v1-health HTTP/1.1" 200 51 "-" "DigitalOcean Uptime Probe 0.22.0 (https://digitalocean.com)"
178.128.94.113 - - [04/Oct/2024:02:35:18 +0000] "GET /v1-health HTTP/1.1" 200 51 "-" "DigitalOcean Uptime Probe 0.22.0 (https://digitalocean.com)"
142.93.136.176 - - [04/Oct/2024:02:35:22 +0000] "GET /v1-health HTTP/1.1" 200 51 "-" "DigitalOcean Uptime Probe 0.22.0 (https://digitalocean.com)"
138.68.248.85 - - [04/Oct/2024:02:35:22 +0000] "GET /v1-health HTTP/1.1" 200 51 "-" "DigitalOcean Uptime Probe 0.22.0 (https://digitalocean.com)"
45.32.171.24 - - [04/Oct/2024:02:35:27 +0000] "GET /v1-health HTTP/1.1" 200 51 "-" "Mozilla/5.0 (Windows NT 10.0; Win64; x64) AppleWebKit/537.36 (KHTML, like Gecko) Chrome/129.0.0.0 Safari/537.36 (StatusCake)"
159.89.185.30 - - [04/Oct/2024:02:36:04 +0000] "GET /v1-health HTTP/1.1" 200 51 "-" "DigitalOcean Uptime Probe 0.22.0 (https://digitalocean.com)"
178.128.94.113 - - [04/Oct/2024:02:36:18 +0000] "GET /v1-health HTTP/1.1" 200 51 "-" "DigitalOcean Uptime Probe 0.22.0 (https://digitalocean.com)"
142.93.136.176 - - [04/Oct/2024:02:36:22 +0000] "GET /v1-health HTTP/1.1" 200 51 "-" "DigitalOcean Uptime Probe 0.22.0 (https://digitalocean.com)"
138.68.248.85 - - [04/Oct/2024:02:36:22 +0000] "GET /v1-health HTTP/1.1" 200 51 "-" "DigitalOcean Uptime Probe 0.22.0 (https://digitalocean.com)"
159.89.185.30 - - [04/Oct/2024:02:37:04 +0000] "GET /v1-health HTTP/1.1" 200 51 "-" "DigitalOcean Uptime Probe 0.22.0 (https://digitalocean.com)"
178.128.94.113 - - [04/Oct/2024:02:37:18 +0000] "GET /v1-health HTTP/1.1" 200 51 "-" "DigitalOcean Uptime Probe 0.22.0 (https://digitalocean.com)"
142.93.136.176 - - [04/Oct/2024:02:37:22 +0000] "GET /v1-health HTTP/1.1" 200 51 "-" "DigitalOcean Uptime Probe 0.22.0 (https://digitalocean.com)"
138.68.248.85 - - [04/Oct/2024:02:37:22 +0000] "GET /v1-health HTTP/1.1" 200 51 "-" "DigitalOcean Uptime Probe 0.22.0 (https://digitalocean.com)"
45.84.89.2 - - [04/Oct/2024:02:37:25 +0000] "GET / HTTP/1.1" 200 615 "-" "Mozilla/6.0 (Windows NT 10.0; Win64; x64) AppleWebKit/537.36 (KHTML, like Gecko) Chrome/127.0.0.0 Safari/537.36 Inspici (www.inspici.com)"
159.89.185.30 - - [04/Oct/2024:02:38:04 +0000] "GET /v1-health HTTP/1.1" 200 51 "-" "DigitalOcean Uptime Probe 0.22.0 (https://digitalocean.com)"
172.104.11.34 - - [04/Oct/2024:02:38:18 +0000] "GET / HTTP/1.1" 200 409 "-" "Mozilla/5.0 (Macintosh; Intel Mac OS X 13_1) AppleWebKit/537.36 (KHTML, like Gecko) Chrome/108.0.0.0 Safari/537.36"
178.128.94.113 - - [04/Oct/2024:02:38:18 +0000] "GET /v1-health HTTP/1.1" 200 51 "-" "DigitalOcean Uptime Probe 0.22.0 (https://digitalocean.com)"
142.93.136.176 - - [04/Oct/2024:02:38:22 +0000] "GET /v1-health HTTP/1.1" 200 51 "-" "DigitalOcean Uptime Probe 0.22.0 (https://digitalocean.com)"
138.68.248.85 - - [04/Oct/2024:02:38:22 +0000] "GET /v1-health HTTP/1.1" 200 51 "-" "DigitalOcean Uptime Probe 0.22.0 (https://digitalocean.com)"
66.175.213.4 - - [04/Oct/2024:02:38:54 +0000] "GET / HTTP/1.1" 404 48 "-" "Mozilla/5.0 (Macintosh; Intel Mac OS X 13_1) AppleWebKit/537.36 (KHTML, like Gecko) Chrome/108.0.0.0 Safari/537.36"
159.89.185.30 - - [04/Oct/2024:02:39:04 +0000] "GET /v1-health HTTP/1.1" 200 51 "-" "DigitalOcean Uptime Probe 0.22.0 (https://digitalocean.com)"
178.128.94.113 - - [04/Oct/2024:02:39:18 +0000] "GET /v1-health HTTP/1.1" 200 51 "-" "DigitalOcean Uptime Probe 0.22.0 (https://digitalocean.com)"
142.93.136.176 - - [04/Oct/2024:02:39:22 +0000] "GET /v1-health HTTP/1.1" 200 51 "-" "DigitalOcean Uptime Probe 0.22.0 (https://digitalocean.com)"
138.68.248.85 - - [04/Oct/2024:02:39:22 +0000] "GET /v1-health HTTP/1.1" 200 51 "-" "DigitalOcean Uptime Probe 0.22.0 (https://digitalocean.com)"
159.89.185.30 - - [04/Oct/2024:02:40:04 +0000] "GET /v1-health HTTP/1.1" 200 51 "-" "DigitalOcean Uptime Probe 0.22.0 (https://digitalocean.com)"
178.128.94.113 - - [04/Oct/2024:02:40:18 +0000] "GET /v1-health HTTP/1.1" 200 51 "-" "DigitalOcean Uptime Probe 0.22.0 (https://digitalocean.com)"
142.93.136.176 - - [04/Oct/2024:02:40:22 +0000] "GET /v1-health HTTP/1.1" 200 51 "-" "DigitalOcean Uptime Probe 0.22.0 (https://digitalocean.com)"
138.68.248.85 - - [04/Oct/2024:02:40:22 +0000] "GET /v1-health HTTP/1.1" 200 51 "-" "DigitalOcean Uptime Probe 0.22.0 (https://digitalocean.com)"
13.48.238.157 - - [04/Oct/2024:02:40:31 +0000] "GET /v1-health HTTP/1.1" 200 51 "-" "Mozilla/5.0 (Windows NT 10.0; Win64; x64) AppleWebKit/537.36 (KHTML, like Gecko) Chrome/129.0.0.0 Safari/537.36 (StatusCake)"
159.89.185.30 - - [04/Oct/2024:02:41:04 +0000] "GET /v1-health HTTP/1.1" 200 51 "-" "DigitalOcean Uptime Probe 0.22.0 (https://digitalocean.com)"
178.128.94.113 - - [04/Oct/2024:02:41:18 +0000] "GET /v1-health HTTP/1.1" 200 51 "-" "DigitalOcean Uptime Probe 0.22.0 (https://digitalocean.com)"
142.93.136.176 - - [04/Oct/2024:02:41:22 +0000] "GET /v1-health HTTP/1.1" 200 51 "-" "DigitalOcean Uptime Probe 0.22.0 (https://digitalocean.com)"
138.68.248.85 - - [04/Oct/2024:02:41:22 +0000] "GET /v1-health HTTP/1.1" 200 51 "-" "DigitalOcean Uptime Probe 0.22.0 (https://digitalocean.com)"
159.89.185.30 - - [04/Oct/2024:02:42:04 +0000] "GET /v1-health HTTP/1.1" 200 51 "-" "DigitalOcean Uptime Probe 0.22.0 (https://digitalocean.com)"
178.128.94.113 - - [04/Oct/2024:02:42:18 +0000] "GET /v1-health HTTP/1.1" 200 51 "-" "DigitalOcean Uptime Probe 0.22.0 (https://digitalocean.com)"
142.93.136.176 - - [04/Oct/2024:02:42:22 +0000] "GET /v1-health HTTP/1.1" 200 51 "-" "DigitalOcean Uptime Probe 0.22.0 (https://digitalocean.com)"
138.68.248.85 - - [04/Oct/2024:02:42:22 +0000] "GET /v1-health HTTP/1.1" 200 51 "-" "DigitalOcean Uptime Probe 0.22.0 (https://digitalocean.com)"
142.116.100.251 - - [04/Oct/2024:02:42:33 +0000] "OPTIONS /v1-task-completion/66fee0f965c85844abd1acce HTTP/1.1" 200 5 "https://time.fyi/" "Mozilla/5.0 (Windows NT 10.0; Win64; x64) AppleWebKit/537.36 (KHTML, like Gecko) Chrome/129.0.0.0 Safari/537.36"
142.116.100.251 - - [04/Oct/2024:02:42:34 +0000] "PATCH /v1-task-completion/66fee0f965c85844abd1acce HTTP/1.1" 200 349 "https://time.fyi/" "Mozilla/5.0 (Windows NT 10.0; Win64; x64) AppleWebKit/537.36 (KHTML, like Gecko) Chrome/129.0.0.0 Safari/537.36"
142.116.100.251 - - [04/Oct/2024:02:42:34 +0000] "GET /v1-list-all-tasks/66f1d28365c85844abd12bcd?status=all&date=2024-10-03 HTTP/1.1" 200 510 "https://time.fyi/" "Mozilla/5.0 (Windows NT 10.0; Win64; x64) AppleWebKit/537.36 (KHTML, like Gecko) Chrome/129.0.0.0 Safari/537.36"
142.116.100.251 - - [04/Oct/2024:02:42:34 +0000] "GET /v1-list-previous-pending-tasks/66f1d28365c85844abd12bcd?date=2024-10-03 HTTP/1.1" 304 0 "https://time.fyi/" "Mozilla/5.0 (Windows NT 10.0; Win64; x64) AppleWebKit/537.36 (KHTML, like Gecko) Chrome/129.0.0.0 Safari/537.36"
159.89.185.30 - - [04/Oct/2024:02:43:04 +0000] "GET /v1-health HTTP/1.1" 200 51 "-" "DigitalOcean Uptime Probe 0.22.0 (https://digitalocean.com)"
178.128.94.113 - - [04/Oct/2024:02:43:18 +0000] "GET /v1-health HTTP/1.1" 200 51 "-" "DigitalOcean Uptime Probe 0.22.0 (https://digitalocean.com)"
142.93.136.176 - - [04/Oct/2024:02:43:22 +0000] "GET /v1-health HTTP/1.1" 200 51 "-" "DigitalOcean Uptime Probe 0.22.0 (https://digitalocean.com)"
138.68.248.85 - - [04/Oct/2024:02:43:22 +0000] "GET /v1-health HTTP/1.1" 200 51 "-" "DigitalOcean Uptime Probe 0.22.0 (https://digitalocean.com)"
159.89.185.30 - - [04/Oct/2024:02:44:04 +0000] "GET /v1-health HTTP/1.1" 200 51 "-" "DigitalOcean Uptime Probe 0.22.0 (https://digitalocean.com)"
178.128.94.113 - - [04/Oct/2024:02:44:18 +0000] "GET /v1-health HTTP/1.1" 200 51 "-" "DigitalOcean Uptime Probe 0.22.0 (https://digitalocean.com)"
142.93.136.176 - - [04/Oct/2024:02:44:22 +0000] "GET /v1-health HTTP/1.1" 200 51 "-" "DigitalOcean Uptime Probe 0.22.0 (https://digitalocean.com)"
138.68.248.85 - - [04/Oct/2024:02:44:22 +0000] "GET /v1-health HTTP/1.1" 200 51 "-" "DigitalOcean Uptime Probe 0.22.0 (https://digitalocean.com)"
159.89.185.30 - - [04/Oct/2024:02:45:04 +0000] "GET /v1-health HTTP/1.1" 200 51 "-" "DigitalOcean Uptime Probe 0.22.0 (https://digitalocean.com)"
178.128.94.113 - - [04/Oct/2024:02:45:18 +0000] "GET /v1-health HTTP/1.1" 200 51 "-" "DigitalOcean Uptime Probe 0.22.0 (https://digitalocean.com)"
142.93.136.176 - - [04/Oct/2024:02:45:22 +0000] "GET /v1-health HTTP/1.1" 200 51 "-" "DigitalOcean Uptime Probe 0.22.0 (https://digitalocean.com)"
138.68.248.85 - - [04/Oct/2024:02:45:22 +0000] "GET /v1-health HTTP/1.1" 200 51 "-" "DigitalOcean Uptime Probe 0.22.0 (https://digitalocean.com)"
107.191.47.131 - - [04/Oct/2024:02:45:37 +0000] "GET /v1-health HTTP/1.1" 200 51 "-" "Mozilla/5.0 (Windows NT 10.0; Win64; x64) AppleWebKit/537.36 (KHTML, like Gecko) Chrome/129.0.0.0 Safari/537.36 (StatusCake)"
159.89.185.30 - - [04/Oct/2024:02:46:04 +0000] "GET /v1-health HTTP/1.1" 200 51 "-" "DigitalOcean Uptime Probe 0.22.0 (https://digitalocean.com)"
178.128.94.113 - - [04/Oct/2024:02:46:18 +0000] "GET /v1-health HTTP/1.1" 200 51 "-" "DigitalOcean Uptime Probe 0.22.0 (https://digitalocean.com)"
142.93.136.176 - - [04/Oct/2024:02:46:22 +0000] "GET /v1-health HTTP/1.1" 200 51 "-" "DigitalOcean Uptime Probe 0.22.0 (https://digitalocean.com)"
138.68.248.85 - - [04/Oct/2024:02:46:22 +0000] "GET /v1-health HTTP/1.1" 200 51 "-" "DigitalOcean Uptime Probe 0.22.0 (https://digitalocean.com)"
159.89.185.30 - - [04/Oct/2024:02:47:04 +0000] "GET /v1-health HTTP/1.1" 200 51 "-" "DigitalOcean Uptime Probe 0.22.0 (https://digitalocean.com)"
178.128.94.113 - - [04/Oct/2024:02:47:18 +0000] "GET /v1-health HTTP/1.1" 200 51 "-" "DigitalOcean Uptime Probe 0.22.0 (https://digitalocean.com)"
142.93.136.176 - - [04/Oct/2024:02:47:22 +0000] "GET /v1-health HTTP/1.1" 200 51 "-" "DigitalOcean Uptime Probe 0.22.0 (https://digitalocean.com)"
138.68.248.85 - - [04/Oct/2024:02:47:22 +0000] "GET /v1-health HTTP/1.1" 200 51 "-" "DigitalOcean Uptime Probe 0.22.0 (https://digitalocean.com)"
142.116.100.251 - - [04/Oct/2024:02:47:59 +0000] "OPTIONS /v1-delete-task/66fb2fde65c85844abd178d3 HTTP/1.1" 200 6 "https://time.fyi/" "Mozilla/5.0 (Windows NT 10.0; Win64; x64) AppleWebKit/537.36 (KHTML, like Gecko) Chrome/129.0.0.0 Safari/537.36"
142.116.100.251 - - [04/Oct/2024:02:47:59 +0000] "DELETE /v1-delete-task/66fb2fde65c85844abd178d3 HTTP/1.1" 200 40 "https://time.fyi/" "Mozilla/5.0 (Windows NT 10.0; Win64; x64) AppleWebKit/537.36 (KHTML, like Gecko) Chrome/129.0.0.0 Safari/537.36"
142.116.100.251 - - [04/Oct/2024:02:47:59 +0000] "OPTIONS /v1-delete-task/66fee0f365c85844abd1acc5 HTTP/1.1" 200 6 "https://time.fyi/" "Mozilla/5.0 (Windows NT 10.0; Win64; x64) AppleWebKit/537.36 (KHTML, like Gecko) Chrome/129.0.0.0 Safari/537.36"
142.116.100.251 - - [04/Oct/2024:02:48:00 +0000] "DELETE /v1-delete-task/66fee0f365c85844abd1acc5 HTTP/1.1" 200 40 "https://time.fyi/" "Mozilla/5.0 (Windows NT 10.0; Win64; x64) AppleWebKit/537.36 (KHTML, like Gecko) Chrome/129.0.0.0 Safari/537.36"
142.116.100.251 - - [04/Oct/2024:02:48:00 +0000] "OPTIONS /v1-list-all-tasks/66f1d28365c85844abd12bcd?status=all&date=2024-10-03 HTTP/1.1" 200 8 "https://time.fyi/" "Mozilla/5.0 (Windows NT 10.0; Win64; x64) AppleWebKit/537.36 (KHTML, like Gecko) Chrome/129.0.0.0 Safari/537.36"
142.116.100.251 - - [04/Oct/2024:02:48:00 +0000] "GET /v1-list-all-tasks/66f1d28365c85844abd12bcd?status=all&date=2024-10-03 HTTP/1.1" 200 406 "https://time.fyi/" "Mozilla/5.0 (Windows NT 10.0; Win64; x64) AppleWebKit/537.36 (KHTML, like Gecko) Chrome/129.0.0.0 Safari/537.36"
142.116.100.251 - - [04/Oct/2024:02:48:00 +0000] "GET /v1-list-all-tasks/66f1d28365c85844abd12bcd?status=all&date=2024-10-03 HTTP/1.1" 304 0 "https://time.fyi/" "Mozilla/5.0 (Windows NT 10.0; Win64; x64) AppleWebKit/537.36 (KHTML, like Gecko) Chrome/129.0.0.0 Safari/537.36"
142.116.100.251 - - [04/Oct/2024:02:48:00 +0000] "OPTIONS /v1-delete-task/66fee0f965c85844abd1acce HTTP/1.1" 200 6 "https://time.fyi/" "Mozilla/5.0 (Windows NT 10.0; Win64; x64) AppleWebKit/537.36 (KHTML, like Gecko) Chrome/129.0.0.0 Safari/537.36"
142.116.100.251 - - [04/Oct/2024:02:48:00 +0000] "DELETE /v1-delete-task/66fee0f965c85844abd1acce HTTP/1.1" 200 40 "https://time.fyi/" "Mozilla/5.0 (Windows NT 10.0; Win64; x64) AppleWebKit/537.36 (KHTML, like Gecko) Chrome/129.0.0.0 Safari/537.36"
142.116.100.251 - - [04/Oct/2024:02:48:00 +0000] "GET /v1-list-all-tasks/66f1d28365c85844abd12bcd?status=all&date=2024-10-03 HTTP/1.1" 200 351 "https://time.fyi/" "Mozilla/5.0 (Windows NT 10.0; Win64; x64) AppleWebKit/537.36 (KHTML, like Gecko) Chrome/129.0.0.0 Safari/537.36"
159.89.185.30 - - [04/Oct/2024:02:48:04 +0000] "GET /v1-health HTTP/1.1" 200 51 "-" "DigitalOcean Uptime Probe 0.22.0 (https://digitalocean.com)"
178.128.94.113 - - [04/Oct/2024:02:48:18 +0000] "GET /v1-health HTTP/1.1" 200 51 "-" "DigitalOcean Uptime Probe 0.22.0 (https://digitalocean.com)"
142.93.136.176 - - [04/Oct/2024:02:48:22 +0000] "GET /v1-health HTTP/1.1" 200 51 "-" "DigitalOcean Uptime Probe 0.22.0 (https://digitalocean.com)"
138.68.248.85 - - [04/Oct/2024:02:48:22 +0000] "GET /v1-health HTTP/1.1" 200 51 "-" "DigitalOcean Uptime Probe 0.22.0 (https://digitalocean.com)"
159.89.185.30 - - [04/Oct/2024:02:49:04 +0000] "GET /v1-health HTTP/1.1" 200 51 "-" "DigitalOcean Uptime Probe 0.22.0 (https://digitalocean.com)"
178.128.94.113 - - [04/Oct/2024:02:49:18 +0000] "GET /v1-health HTTP/1.1" 200 51 "-" "DigitalOcean Uptime Probe 0.22.0 (https://digitalocean.com)"
142.93.136.176 - - [04/Oct/2024:02:49:22 +0000] "GET /v1-health HTTP/1.1" 200 51 "-" "DigitalOcean Uptime Probe 0.22.0 (https://digitalocean.com)"
138.68.248.85 - - [04/Oct/2024:02:49:22 +0000] "GET /v1-health HTTP/1.1" 200 51 "-" "DigitalOcean Uptime Probe 0.22.0 (https://digitalocean.com)"
159.89.185.30 - - [04/Oct/2024:02:50:04 +0000] "GET /v1-health HTTP/1.1" 200 51 "-" "DigitalOcean Uptime Probe 0.22.0 (https://digitalocean.com)"
178.128.94.113 - - [04/Oct/2024:02:50:18 +0000] "GET /v1-health HTTP/1.1" 200 51 "-" "DigitalOcean Uptime Probe 0.22.0 (https://digitalocean.com)"
142.93.136.176 - - [04/Oct/2024:02:50:22 +0000] "GET /v1-health HTTP/1.1" 200 51 "-" "DigitalOcean Uptime Probe 0.22.0 (https://digitalocean.com)"
138.68.248.85 - - [04/Oct/2024:02:50:22 +0000] "GET /v1-health HTTP/1.1" 200 51 "-" "DigitalOcean Uptime Probe 0.22.0 (https://digitalocean.com)"
45.77.23.81 - - [04/Oct/2024:02:50:42 +0000] "GET /v1-health HTTP/1.1" 200 51 "-" "Mozilla/5.0 (Windows NT 10.0; Win64; x64) AppleWebKit/537.36 (KHTML, like Gecko) Chrome/129.0.0.0 Safari/537.36 (StatusCake)"
159.89.185.30 - - [04/Oct/2024:02:51:04 +0000] "GET /v1-health HTTP/1.1" 200 51 "-" "DigitalOcean Uptime Probe 0.22.0 (https://digitalocean.com)"
178.128.94.113 - - [04/Oct/2024:02:51:18 +0000] "GET /v1-health HTTP/1.1" 200 51 "-" "DigitalOcean Uptime Probe 0.22.0 (https://digitalocean.com)"
142.93.136.176 - - [04/Oct/2024:02:51:22 +0000] "GET /v1-health HTTP/1.1" 200 51 "-" "DigitalOcean Uptime Probe 0.22.0 (https://digitalocean.com)"
138.68.248.85 - - [04/Oct/2024:02:51:22 +0000] "GET /v1-health HTTP/1.1" 200 51 "-" "DigitalOcean Uptime Probe 0.22.0 (https://digitalocean.com)"
159.89.185.30 - - [04/Oct/2024:02:52:04 +0000] "GET /v1-health HTTP/1.1" 200 51 "-" "DigitalOcean Uptime Probe 0.22.0 (https://digitalocean.com)"
178.128.94.113 - - [04/Oct/2024:02:52:18 +0000] "GET /v1-health HTTP/1.1" 200 51 "-" "DigitalOcean Uptime Probe 0.22.0 (https://digitalocean.com)"
142.93.136.176 - - [04/Oct/2024:02:52:22 +0000] "GET /v1-health HTTP/1.1" 200 51 "-" "DigitalOcean Uptime Probe 0.22.0 (https://digitalocean.com)"
138.68.248.85 - - [04/Oct/2024:02:52:22 +0000] "GET /v1-health HTTP/1.1" 200 51 "-" "DigitalOcean Uptime Probe 0.22.0 (https://digitalocean.com)"
159.89.185.30 - - [04/Oct/2024:02:53:04 +0000] "GET /v1-health HTTP/1.1" 200 51 "-" "DigitalOcean Uptime Probe 0.22.0 (https://digitalocean.com)"
178.128.94.113 - - [04/Oct/2024:02:53:18 +0000] "GET /v1-health HTTP/1.1" 200 51 "-" "DigitalOcean Uptime Probe 0.22.0 (https://digitalocean.com)"
142.93.136.176 - - [04/Oct/2024:02:53:22 +0000] "GET /v1-health HTTP/1.1" 200 51 "-" "DigitalOcean Uptime Probe 0.22.0 (https://digitalocean.com)"
138.68.248.85 - - [04/Oct/2024:02:53:22 +0000] "GET /v1-health HTTP/1.1" 200 51 "-" "DigitalOcean Uptime Probe 0.22.0 (https://digitalocean.com)"
159.89.185.30 - - [04/Oct/2024:02:54:04 +0000] "GET /v1-health HTTP/1.1" 200 51 "-" "DigitalOcean Uptime Probe 0.22.0 (https://digitalocean.com)"
178.128.94.113 - - [04/Oct/2024:02:54:18 +0000] "GET /v1-health HTTP/1.1" 200 51 "-" "DigitalOcean Uptime Probe 0.22.0 (https://digitalocean.com)"
142.93.136.176 - - [04/Oct/2024:02:54:22 +0000] "GET /v1-health HTTP/1.1" 200 51 "-" "DigitalOcean Uptime Probe 0.22.0 (https://digitalocean.com)"
138.68.248.85 - - [04/Oct/2024:02:54:22 +0000] "GET /v1-health HTTP/1.1" 200 51 "-" "DigitalOcean Uptime Probe 0.22.0 (https://digitalocean.com)"
159.89.185.30 - - [04/Oct/2024:02:55:04 +0000] "GET /v1-health HTTP/1.1" 200 51 "-" "DigitalOcean Uptime Probe 0.22.0 (https://digitalocean.com)"
178.128.94.113 - - [04/Oct/2024:02:55:18 +0000] "GET /v1-health HTTP/1.1" 200 51 "-" "DigitalOcean Uptime Probe 0.22.0 (https://digitalocean.com)"
142.93.136.176 - - [04/Oct/2024:02:55:22 +0000] "GET /v1-health HTTP/1.1" 200 51 "-" "DigitalOcean Uptime Probe 0.22.0 (https://digitalocean.com)"
138.68.248.85 - - [04/Oct/2024:02:55:22 +0000] "GET /v1-health HTTP/1.1" 200 51 "-" "DigitalOcean Uptime Probe 0.22.0 (https://digitalocean.com)"
198.211.122.64 - - [04/Oct/2024:02:55:47 +0000] "GET /v1-health HTTP/1.1" 200 51 "-" "Mozilla/5.0 (Windows NT 10.0; Win64; x64) AppleWebKit/537.36 (KHTML, like Gecko) Chrome/129.0.0.0 Safari/537.36 (StatusCake)"
159.89.185.30 - - [04/Oct/2024:02:56:04 +0000] "GET /v1-health HTTP/1.1" 200 51 "-" "DigitalOcean Uptime Probe 0.22.0 (https://digitalocean.com)"
178.128.94.113 - - [04/Oct/2024:02:56:18 +0000] "GET /v1-health HTTP/1.1" 200 51 "-" "DigitalOcean Uptime Probe 0.22.0 (https://digitalocean.com)"
142.93.136.176 - - [04/Oct/2024:02:56:22 +0000] "GET /v1-health HTTP/1.1" 200 51 "-" "DigitalOcean Uptime Probe 0.22.0 (https://digitalocean.com)"
138.68.248.85 - - [04/Oct/2024:02:56:22 +0000] "GET /v1-health HTTP/1.1" 200 51 "-" "DigitalOcean Uptime Probe 0.22.0 (https://digitalocean.com)"
159.89.185.30 - - [04/Oct/2024:02:57:04 +0000] "GET /v1-health HTTP/1.1" 200 51 "-" "DigitalOcean Uptime Probe 0.22.0 (https://digitalocean.com)"
178.128.94.113 - - [04/Oct/2024:02:57:18 +0000] "GET /v1-health HTTP/1.1" 200 51 "-" "DigitalOcean Uptime Probe 0.22.0 (https://digitalocean.com)"
142.93.136.176 - - [04/Oct/2024:02:57:22 +0000] "GET /v1-health HTTP/1.1" 200 51 "-" "DigitalOcean Uptime Probe 0.22.0 (https://digitalocean.com)"
138.68.248.85 - - [04/Oct/2024:02:57:22 +0000] "GET /v1-health HTTP/1.1" 200 51 "-" "DigitalOcean Uptime Probe 0.22.0 (https://digitalocean.com)"
159.89.185.30 - - [04/Oct/2024:02:58:04 +0000] "GET /v1-health HTTP/1.1" 200 51 "-" "DigitalOcean Uptime Probe 0.22.0 (https://digitalocean.com)"
178.128.94.113 - - [04/Oct/2024:02:58:18 +0000] "GET /v1-health HTTP/1.1" 200 51 "-" "DigitalOcean Uptime Probe 0.22.0 (https://digitalocean.com)"
142.93.136.176 - - [04/Oct/2024:02:58:22 +0000] "GET /v1-health HTTP/1.1" 200 51 "-" "DigitalOcean Uptime Probe 0.22.0 (https://digitalocean.com)"
138.68.248.85 - - [04/Oct/2024:02:58:22 +0000] "GET /v1-health HTTP/1.1" 200 51 "-" "DigitalOcean Uptime Probe 0.22.0 (https://digitalocean.com)"
159.89.185.30 - - [04/Oct/2024:02:59:04 +0000] "GET /v1-health HTTP/1.1" 200 51 "-" "DigitalOcean Uptime Probe 0.22.0 (https://digitalocean.com)"
178.128.94.113 - - [04/Oct/2024:02:59:18 +0000] "GET /v1-health HTTP/1.1" 200 51 "-" "DigitalOcean Uptime Probe 0.22.0 (https://digitalocean.com)"
142.93.136.176 - - [04/Oct/2024:02:59:22 +0000] "GET /v1-health HTTP/1.1" 200 51 "-" "DigitalOcean Uptime Probe 0.22.0 (https://digitalocean.com)"
138.68.248.85 - - [04/Oct/2024:02:59:22 +0000] "GET /v1-health HTTP/1.1" 200 51 "-" "DigitalOcean Uptime Probe 0.22.0 (https://digitalocean.com)"
159.89.185.30 - - [04/Oct/2024:03:00:04 +0000] "GET /v1-health HTTP/1.1" 200 51 "-" "DigitalOcean Uptime Probe 0.22.0 (https://digitalocean.com)"
178.128.94.113 - - [04/Oct/2024:03:00:18 +0000] "GET /v1-health HTTP/1.1" 200 51 "-" "DigitalOcean Uptime Probe 0.22.0 (https://digitalocean.com)"
142.93.136.176 - - [04/Oct/2024:03:00:22 +0000] "GET /v1-health HTTP/1.1" 200 51 "-" "DigitalOcean Uptime Probe 0.22.0 (https://digitalocean.com)"
138.68.248.85 - - [04/Oct/2024:03:00:22 +0000] "GET /v1-health HTTP/1.1" 200 51 "-" "DigitalOcean Uptime Probe 0.22.0 (https://digitalocean.com)"
54.194.6.253 - - [04/Oct/2024:03:00:50 +0000] "GET /v1-health HTTP/1.1" 200 51 "-" "Mozilla/5.0 (Windows NT 10.0; Win64; x64) AppleWebKit/537.36 (KHTML, like Gecko) Chrome/129.0.0.0 Safari/537.36 (StatusCake)"
159.89.185.30 - - [04/Oct/2024:03:01:04 +0000] "GET /v1-health HTTP/1.1" 200 51 "-" "DigitalOcean Uptime Probe 0.22.0 (https://digitalocean.com)"
