138.68.248.85 - - [04/Oct/2024:06:25:22 +0000] "GET /v1-health HTTP/1.1" 200 51 "-" "DigitalOcean Uptime Probe 0.22.0 (https://digitalocean.com)"
159.89.185.30 - - [04/Oct/2024:06:26:04 +0000] "GET /v1-health HTTP/1.1" 200 51 "-" "DigitalOcean Uptime Probe 0.22.0 (https://digitalocean.com)"
178.128.94.113 - - [04/Oct/2024:06:26:18 +0000] "GET /v1-health HTTP/1.1" 200 51 "-" "DigitalOcean Uptime Probe 0.22.0 (https://digitalocean.com)"
142.93.136.176 - - [04/Oct/2024:06:26:22 +0000] "GET /v1-health HTTP/1.1" 200 51 "-" "DigitalOcean Uptime Probe 0.22.0 (https://digitalocean.com)"
138.68.248.85 - - [04/Oct/2024:06:26:22 +0000] "GET /v1-health HTTP/1.1" 200 51 "-" "DigitalOcean Uptime Probe 0.22.0 (https://digitalocean.com)"
47.84.79.4 - - [04/Oct/2024:06:26:30 +0000] "POST /cgi-bin/.%2e/.%2e/.%2e/.%2e/.%2e/.%2e/.%2e/.%2e/.%2e/.%2e/bin/sh HTTP/1.1" 400 166 "-" "-"
47.84.79.4 - - [04/Oct/2024:06:26:32 +0000] "POST /cgi-bin/%%32%65%%32%65/%%32%65%%32%65/%%32%65%%32%65/%%32%65%%32%65/%%32%65%%32%65/%%32%65%%32%65/%%32%65%%32%65/bin/sh HTTP/1.1" 400 166 "-" "-"
47.84.79.4 - - [04/Oct/2024:06:26:33 +0000] "POST /hello.world?%ADd+allow_url_include%3d1+%ADd+auto_prepend_file%3dphp://input HTTP/1.1" 404 48 "-" "Custom-AsyncHttpClient"
47.84.79.4 - - [04/Oct/2024:06:26:33 +0000] "GET /vendor/phpunit/phpunit/src/Util/PHP/eval-stdin.php HTTP/1.1" 404 48 "-" "Custom-AsyncHttpClient"
47.84.79.4 - - [04/Oct/2024:06:26:34 +0000] "GET /vendor/phpunit/phpunit/Util/PHP/eval-stdin.php HTTP/1.1" 404 48 "-" "Custom-AsyncHttpClient"
47.84.79.4 - - [04/Oct/2024:06:26:34 +0000] "GET /vendor/phpunit/src/Util/PHP/eval-stdin.php HTTP/1.1" 404 48 "-" "Custom-AsyncHttpClient"
47.84.79.4 - - [04/Oct/2024:06:26:35 +0000] "GET /vendor/phpunit/Util/PHP/eval-stdin.php HTTP/1.1" 404 48 "-" "Custom-AsyncHttpClient"
47.84.79.4 - - [04/Oct/2024:06:26:35 +0000] "GET /vendor/phpunit/phpunit/LICENSE/eval-stdin.php HTTP/1.1" 404 48 "-" "Custom-AsyncHttpClient"
47.84.79.4 - - [04/Oct/2024:06:26:36 +0000] "GET /vendor/vendor/phpunit/phpunit/src/Util/PHP/eval-stdin.php HTTP/1.1" 404 48 "-" "Custom-AsyncHttpClient"
47.84.79.4 - - [04/Oct/2024:06:26:36 +0000] "GET /phpunit/phpunit/src/Util/PHP/eval-stdin.php HTTP/1.1" 404 48 "-" "Custom-AsyncHttpClient"
47.84.79.4 - - [04/Oct/2024:06:26:37 +0000] "GET /phpunit/phpunit/Util/PHP/eval-stdin.php HTTP/1.1" 404 48 "-" "Custom-AsyncHttpClient"
47.84.79.4 - - [04/Oct/2024:06:26:37 +0000] "GET /phpunit/src/Util/PHP/eval-stdin.php HTTP/1.1" 404 48 "-" "Custom-AsyncHttpClient"
47.84.79.4 - - [04/Oct/2024:06:26:38 +0000] "GET /phpunit/Util/PHP/eval-stdin.php HTTP/1.1" 404 48 "-" "Custom-AsyncHttpClient"
47.84.79.4 - - [04/Oct/2024:06:26:38 +0000] "GET /lib/phpunit/phpunit/src/Util/PHP/eval-stdin.php HTTP/1.1" 404 48 "-" "Custom-AsyncHttpClient"
47.84.79.4 - - [04/Oct/2024:06:26:39 +0000] "GET /lib/phpunit/phpunit/Util/PHP/eval-stdin.php HTTP/1.1" 404 48 "-" "Custom-AsyncHttpClient"
47.84.79.4 - - [04/Oct/2024:06:26:39 +0000] "GET /lib/phpunit/src/Util/PHP/eval-stdin.php HTTP/1.1" 404 48 "-" "Custom-AsyncHttpClient"
47.84.79.4 - - [04/Oct/2024:06:26:40 +0000] "GET /lib/phpunit/Util/PHP/eval-stdin.php HTTP/1.1" 404 48 "-" "Custom-AsyncHttpClient"
47.84.79.4 - - [04/Oct/2024:06:26:40 +0000] "GET /lib/vendor/phpunit/phpunit/src/Util/PHP/eval-stdin.php HTTP/1.1" 404 48 "-" "Custom-AsyncHttpClient"
47.84.79.4 - - [04/Oct/2024:06:26:41 +0000] "GET /laravel/vendor/phpunit/phpunit/src/Util/PHP/eval-stdin.php HTTP/1.1" 404 48 "-" "Custom-AsyncHttpClient"
47.84.79.4 - - [04/Oct/2024:06:26:41 +0000] "GET /www/vendor/phpunit/phpunit/src/Util/PHP/eval-stdin.php HTTP/1.1" 404 48 "-" "Custom-AsyncHttpClient"
47.84.79.4 - - [04/Oct/2024:06:26:42 +0000] "GET /ws/vendor/phpunit/phpunit/src/Util/PHP/eval-stdin.php HTTP/1.1" 404 48 "-" "Custom-AsyncHttpClient"
47.84.79.4 - - [04/Oct/2024:06:26:42 +0000] "GET /yii/vendor/phpunit/phpunit/src/Util/PHP/eval-stdin.php HTTP/1.1" 404 48 "-" "Custom-AsyncHttpClient"
47.84.79.4 - - [04/Oct/2024:06:26:43 +0000] "GET /zend/vendor/phpunit/phpunit/src/Util/PHP/eval-stdin.php HTTP/1.1" 404 48 "-" "Custom-AsyncHttpClient"
47.84.79.4 - - [04/Oct/2024:06:26:43 +0000] "GET /ws/ec/vendor/phpunit/phpunit/src/Util/PHP/eval-stdin.php HTTP/1.1" 404 48 "-" "Custom-AsyncHttpClient"
47.84.79.4 - - [04/Oct/2024:06:26:43 +0000] "GET /V2/vendor/phpunit/phpunit/src/Util/PHP/eval-stdin.php HTTP/1.1" 404 48 "-" "Custom-AsyncHttpClient"
47.84.79.4 - - [04/Oct/2024:06:26:44 +0000] "GET /tests/vendor/phpunit/phpunit/src/Util/PHP/eval-stdin.php HTTP/1.1" 404 48 "-" "Custom-AsyncHttpClient"
47.84.79.4 - - [04/Oct/2024:06:26:44 +0000] "GET /test/vendor/phpunit/phpunit/src/Util/PHP/eval-stdin.php HTTP/1.1" 404 48 "-" "Custom-AsyncHttpClient"
47.84.79.4 - - [04/Oct/2024:06:26:45 +0000] "GET /testing/vendor/phpunit/phpunit/src/Util/PHP/eval-stdin.php HTTP/1.1" 404 48 "-" "Custom-AsyncHttpClient"
47.84.79.4 - - [04/Oct/2024:06:26:45 +0000] "GET /api/vendor/phpunit/phpunit/src/Util/PHP/eval-stdin.php HTTP/1.1" 404 48 "-" "Custom-AsyncHttpClient"
47.84.79.4 - - [04/Oct/2024:06:26:46 +0000] "GET /demo/vendor/phpunit/phpunit/src/Util/PHP/eval-stdin.php HTTP/1.1" 404 48 "-" "Custom-AsyncHttpClient"
47.84.79.4 - - [04/Oct/2024:06:26:46 +0000] "GET /cms/vendor/phpunit/phpunit/src/Util/PHP/eval-stdin.php HTTP/1.1" 404 48 "-" "Custom-AsyncHttpClient"
47.84.79.4 - - [04/Oct/2024:06:26:48 +0000] "GET /crm/vendor/phpunit/phpunit/src/Util/PHP/eval-stdin.php HTTP/1.1" 404 48 "-" "Custom-AsyncHttpClient"
47.84.79.4 - - [04/Oct/2024:06:26:48 +0000] "GET /admin/vendor/phpunit/phpunit/src/Util/PHP/eval-stdin.php HTTP/1.1" 404 48 "-" "Custom-AsyncHttpClient"
47.84.79.4 - - [04/Oct/2024:06:26:49 +0000] "GET /backup/vendor/phpunit/phpunit/src/Util/PHP/eval-stdin.php HTTP/1.1" 404 48 "-" "Custom-AsyncHttpClient"
47.84.79.4 - - [04/Oct/2024:06:26:49 +0000] "GET /blog/vendor/phpunit/phpunit/src/Util/PHP/eval-stdin.php HTTP/1.1" 404 48 "-" "Custom-AsyncHttpClient"
47.84.79.4 - - [04/Oct/2024:06:26:50 +0000] "GET /workspace/drupal/vendor/phpunit/phpunit/src/Util/PHP/eval-stdin.php HTTP/1.1" 404 48 "-" "Custom-AsyncHttpClient"
47.84.79.4 - - [04/Oct/2024:06:26:50 +0000] "GET /panel/vendor/phpunit/phpunit/src/Util/PHP/eval-stdin.php HTTP/1.1" 404 48 "-" "Custom-AsyncHttpClient"
47.84.79.4 - - [04/Oct/2024:06:26:51 +0000] "GET /public/vendor/phpunit/phpunit/src/Util/PHP/eval-stdin.php HTTP/1.1" 404 48 "-" "Custom-AsyncHttpClient"
47.84.79.4 - - [04/Oct/2024:06:26:51 +0000] "GET /apps/vendor/phpunit/phpunit/src/Util/PHP/eval-stdin.php HTTP/1.1" 404 48 "-" "Custom-AsyncHttpClient"
47.84.79.4 - - [04/Oct/2024:06:26:52 +0000] "GET /app/vendor/phpunit/phpunit/src/Util/PHP/eval-stdin.php HTTP/1.1" 404 48 "-" "Custom-AsyncHttpClient"
47.84.79.4 - - [04/Oct/2024:06:26:52 +0000] "GET /index.php?s=/index/\x5Cthink\x5Capp/invokefunction&function=call_user_func_array&vars[0]=md5&vars[1][]=Hello HTTP/1.1" 404 48 "-" "Custom-AsyncHttpClient"
47.84.79.4 - - [04/Oct/2024:06:26:53 +0000] "GET /public/index.php?s=/index/\x5Cthink\x5Capp/invokefunction&function=call_user_func_array&vars[0]=md5&vars[1][]=Hello HTTP/1.1" 404 48 "-" "Custom-AsyncHttpClient"
47.84.79.4 - - [04/Oct/2024:06:26:53 +0000] "GET /index.php?lang=../../../../../../../../usr/local/lib/php/pearcmd&+config-create+/&/<?echo(md5(\x22hi\x22));?>+/tmp/index1.php HTTP/1.1" 404 48 "-" "Custom-AsyncHttpClient"
47.84.79.4 - - [04/Oct/2024:06:26:54 +0000] "GET /index.php?lang=../../../../../../../../tmp/index1 HTTP/1.1" 404 48 "-" "Custom-AsyncHttpClient"
65.49.1.12 - - [04/Oct/2024:06:26:55 +0000] "GET /geoserver/web/ HTTP/1.1" 404 48 "-" "Mozilla/5.0 (Windows NT 6.1; rv:102.0) Gecko/20100101 Goanna/6.6 Firefox/102.0 PaleMoon/33.0.0"
159.89.185.30 - - [04/Oct/2024:06:27:04 +0000] "GET /v1-health HTTP/1.1" 200 51 "-" "DigitalOcean Uptime Probe 0.22.0 (https://digitalocean.com)"
178.128.94.113 - - [04/Oct/2024:06:27:18 +0000] "GET /v1-health HTTP/1.1" 200 51 "-" "DigitalOcean Uptime Probe 0.22.0 (https://digitalocean.com)"
142.93.136.176 - - [04/Oct/2024:06:27:22 +0000] "GET /v1-health HTTP/1.1" 200 51 "-" "DigitalOcean Uptime Probe 0.22.0 (https://digitalocean.com)"
138.68.248.85 - - [04/Oct/2024:06:27:22 +0000] "GET /v1-health HTTP/1.1" 200 51 "-" "DigitalOcean Uptime Probe 0.22.0 (https://digitalocean.com)"
141.98.11.79 - - [04/Oct/2024:06:27:32 +0000] "GET / HTTP/1.1" 200 615 "-" "-"
159.89.185.30 - - [04/Oct/2024:06:28:04 +0000] "GET /v1-health HTTP/1.1" 200 51 "-" "DigitalOcean Uptime Probe 0.22.0 (https://digitalocean.com)"
223.236.148.200 - - [04/Oct/2024:06:28:08 +0000] "GET /v1-me HTTP/1.1" 304 0 "https://time.fyi/" "Mozilla/5.0 (Windows NT 6.1; Win64; x64) AppleWebKit/537.36 (KHTML, like Gecko) Chrome/109.0.0.0 Safari/537.36 Edg/109.0.1518.140"
223.236.148.200 - - [04/Oct/2024:06:28:08 +0000] "GET /v1-list-my-timezones HTTP/1.1" 304 0 "https://time.fyi/" "Mozilla/5.0 (Windows NT 6.1; Win64; x64) AppleWebKit/537.36 (KHTML, like Gecko) Chrome/109.0.0.0 Safari/537.36 Edg/109.0.1518.140"
223.236.148.200 - - [04/Oct/2024:06:28:10 +0000] "GET /v1-list-timezone-teams HTTP/1.1" 304 0 "https://time.fyi/" "Mozilla/5.0 (Windows NT 6.1; Win64; x64) AppleWebKit/537.36 (KHTML, like Gecko) Chrome/109.0.0.0 Safari/537.36 Edg/109.0.1518.140"
178.128.94.113 - - [04/Oct/2024:06:28:18 +0000] "GET /v1-health HTTP/1.1" 200 51 "-" "DigitalOcean Uptime Probe 0.22.0 (https://digitalocean.com)"
223.236.148.200 - - [04/Oct/2024:06:28:19 +0000] "GET /v1-list-workspaces HTTP/1.1" 304 0 "https://time.fyi/" "Mozilla/5.0 (Windows NT 6.1; Win64; x64) AppleWebKit/537.36 (KHTML, like Gecko) Chrome/109.0.0.0 Safari/537.36 Edg/109.0.1518.140"
223.236.148.200 - - [04/Oct/2024:06:28:19 +0000] "GET /v1-me HTTP/1.1" 304 0 "https://time.fyi/" "Mozilla/5.0 (Windows NT 6.1; Win64; x64) AppleWebKit/537.36 (KHTML, like Gecko) Chrome/109.0.0.0 Safari/537.36 Edg/109.0.1518.140"
223.236.148.200 - - [04/Oct/2024:06:28:20 +0000] "GET /v1-list-projects/66fc0d5a65c85844abd18f24 HTTP/1.1" 304 0 "https://time.fyi/" "Mozilla/5.0 (Windows NT 6.1; Win64; x64) AppleWebKit/537.36 (KHTML, like Gecko) Chrome/109.0.0.0 Safari/537.36 Edg/109.0.1518.140"
223.236.148.200 - - [04/Oct/2024:06:28:21 +0000] "GET /v1-list-all-tasks/66fc0d5a65c85844abd18f26?status=all&date=2024-10-05 HTTP/1.1" 304 0 "https://time.fyi/" "Mozilla/5.0 (Windows NT 6.1; Win64; x64) AppleWebKit/537.36 (KHTML, like Gecko) Chrome/109.0.0.0 Safari/537.36 Edg/109.0.1518.140"
223.236.148.200 - - [04/Oct/2024:06:28:21 +0000] "GET /v1-list-all-tasks/66fc0d5a65c85844abd18f26?status=all&date=2024-10-03 HTTP/1.1" 304 0 "https://time.fyi/" "Mozilla/5.0 (Windows NT 6.1; Win64; x64) AppleWebKit/537.36 (KHTML, like Gecko) Chrome/109.0.0.0 Safari/537.36 Edg/109.0.1518.140"
223.236.148.200 - - [04/Oct/2024:06:28:21 +0000] "GET /v1-list-all-tasks/66fc0d5a65c85844abd18f26?status=all&date=2024-10-04 HTTP/1.1" 304 0 "https://time.fyi/" "Mozilla/5.0 (Windows NT 6.1; Win64; x64) AppleWebKit/537.36 (KHTML, like Gecko) Chrome/109.0.0.0 Safari/537.36 Edg/109.0.1518.140"
223.236.148.200 - - [04/Oct/2024:06:28:21 +0000] "GET /v1-list-previous-pending-tasks/66fc0d5a65c85844abd18f26?date=2024-10-04 HTTP/1.1" 304 0 "https://time.fyi/" "Mozilla/5.0 (Windows NT 6.1; Win64; x64) AppleWebKit/537.36 (KHTML, like Gecko) Chrome/109.0.0.0 Safari/537.36 Edg/109.0.1518.140"
142.93.136.176 - - [04/Oct/2024:06:28:22 +0000] "GET /v1-health HTTP/1.1" 200 51 "-" "DigitalOcean Uptime Probe 0.22.0 (https://digitalocean.com)"
138.68.248.85 - - [04/Oct/2024:06:28:22 +0000] "GET /v1-health HTTP/1.1" 200 51 "-" "DigitalOcean Uptime Probe 0.22.0 (https://digitalocean.com)"
108.61.173.0 - - [04/Oct/2024:06:28:29 +0000] "GET /v1-health HTTP/1.1" 200 51 "-" "Mozilla/5.0 (Windows NT 10.0; Win64; x64) AppleWebKit/537.36 (KHTML, like Gecko) Chrome/129.0.0.0 Safari/537.36 (StatusCake)"
65.49.1.18 - - [04/Oct/2024:06:28:34 +0000] "GET /.git/config HTTP/1.1" 404 48 "-" "Mozilla/5.0 (X11; Linux x86_64; rv:91.0) Gecko/20100101 Firefox/91.0"
159.89.185.30 - - [04/Oct/2024:06:29:04 +0000] "GET /v1-health HTTP/1.1" 200 51 "-" "DigitalOcean Uptime Probe 0.22.0 (https://digitalocean.com)"
178.128.94.113 - - [04/Oct/2024:06:29:18 +0000] "GET /v1-health HTTP/1.1" 200 51 "-" "DigitalOcean Uptime Probe 0.22.0 (https://digitalocean.com)"
223.236.148.200 - - [04/Oct/2024:06:29:20 +0000] "POST /v1-upsert-task/66fc0d5a65c85844abd18f26 HTTP/1.1" 200 320 "https://time.fyi/" "Mozilla/5.0 (Windows NT 6.1; Win64; x64) AppleWebKit/537.36 (KHTML, like Gecko) Chrome/109.0.0.0 Safari/537.36 Edg/109.0.1518.140"
223.236.148.200 - - [04/Oct/2024:06:29:21 +0000] "GET /v1-list-all-tasks/66fc0d5a65c85844abd18f26?status=all&date=2024-10-04 HTTP/1.1" 200 475 "https://time.fyi/" "Mozilla/5.0 (Windows NT 6.1; Win64; x64) AppleWebKit/537.36 (KHTML, like Gecko) Chrome/109.0.0.0 Safari/537.36 Edg/109.0.1518.140"
142.93.136.176 - - [04/Oct/2024:06:29:22 +0000] "GET /v1-health HTTP/1.1" 200 51 "-" "DigitalOcean Uptime Probe 0.22.0 (https://digitalocean.com)"
138.68.248.85 - - [04/Oct/2024:06:29:22 +0000] "GET /v1-health HTTP/1.1" 200 51 "-" "DigitalOcean Uptime Probe 0.22.0 (https://digitalocean.com)"
159.89.185.30 - - [04/Oct/2024:06:30:04 +0000] "GET /v1-health HTTP/1.1" 200 51 "-" "DigitalOcean Uptime Probe 0.22.0 (https://digitalocean.com)"
178.128.94.113 - - [04/Oct/2024:06:30:18 +0000] "GET /v1-health HTTP/1.1" 200 51 "-" "DigitalOcean Uptime Probe 0.22.0 (https://digitalocean.com)"
142.93.136.176 - - [04/Oct/2024:06:30:22 +0000] "GET /v1-health HTTP/1.1" 200 51 "-" "DigitalOcean Uptime Probe 0.22.0 (https://digitalocean.com)"
138.68.248.85 - - [04/Oct/2024:06:30:22 +0000] "GET /v1-health HTTP/1.1" 200 51 "-" "DigitalOcean Uptime Probe 0.22.0 (https://digitalocean.com)"
159.89.185.30 - - [04/Oct/2024:06:31:04 +0000] "GET /v1-health HTTP/1.1" 200 51 "-" "DigitalOcean Uptime Probe 0.22.0 (https://digitalocean.com)"
178.128.94.113 - - [04/Oct/2024:06:31:18 +0000] "GET /v1-health HTTP/1.1" 200 51 "-" "DigitalOcean Uptime Probe 0.22.0 (https://digitalocean.com)"
142.93.136.176 - - [04/Oct/2024:06:31:22 +0000] "GET /v1-health HTTP/1.1" 200 51 "-" "DigitalOcean Uptime Probe 0.22.0 (https://digitalocean.com)"
138.68.248.85 - - [04/Oct/2024:06:31:22 +0000] "GET /v1-health HTTP/1.1" 200 51 "-" "DigitalOcean Uptime Probe 0.22.0 (https://digitalocean.com)"
159.89.185.30 - - [04/Oct/2024:06:32:04 +0000] "GET /v1-health HTTP/1.1" 200 51 "-" "DigitalOcean Uptime Probe 0.22.0 (https://digitalocean.com)"
178.128.94.113 - - [04/Oct/2024:06:32:18 +0000] "GET /v1-health HTTP/1.1" 200 51 "-" "DigitalOcean Uptime Probe 0.22.0 (https://digitalocean.com)"
142.93.136.176 - - [04/Oct/2024:06:32:22 +0000] "GET /v1-health HTTP/1.1" 200 51 "-" "DigitalOcean Uptime Probe 0.22.0 (https://digitalocean.com)"
138.68.248.85 - - [04/Oct/2024:06:32:22 +0000] "GET /v1-health HTTP/1.1" 200 51 "-" "DigitalOcean Uptime Probe 0.22.0 (https://digitalocean.com)"
159.89.185.30 - - [04/Oct/2024:06:33:04 +0000] "GET /v1-health HTTP/1.1" 200 51 "-" "DigitalOcean Uptime Probe 0.22.0 (https://digitalocean.com)"
178.128.94.113 - - [04/Oct/2024:06:33:18 +0000] "GET /v1-health HTTP/1.1" 200 51 "-" "DigitalOcean Uptime Probe 0.22.0 (https://digitalocean.com)"
142.93.136.176 - - [04/Oct/2024:06:33:22 +0000] "GET /v1-health HTTP/1.1" 200 51 "-" "DigitalOcean Uptime Probe 0.22.0 (https://digitalocean.com)"
138.68.248.85 - - [04/Oct/2024:06:33:22 +0000] "GET /v1-health HTTP/1.1" 200 51 "-" "DigitalOcean Uptime Probe 0.22.0 (https://digitalocean.com)"
207.148.13.55 - - [04/Oct/2024:06:33:33 +0000] "GET /v1-health HTTP/1.1" 200 51 "-" "Mozilla/5.0 (Windows NT 10.0; Win64; x64) AppleWebKit/537.36 (KHTML, like Gecko) Chrome/129.0.0.0 Safari/537.36 (StatusCake)"
159.89.185.30 - - [04/Oct/2024:06:34:04 +0000] "GET /v1-health HTTP/1.1" 200 51 "-" "DigitalOcean Uptime Probe 0.22.0 (https://digitalocean.com)"
178.128.94.113 - - [04/Oct/2024:06:34:18 +0000] "GET /v1-health HTTP/1.1" 200 51 "-" "DigitalOcean Uptime Probe 0.22.0 (https://digitalocean.com)"
142.93.136.176 - - [04/Oct/2024:06:34:22 +0000] "GET /v1-health HTTP/1.1" 200 51 "-" "DigitalOcean Uptime Probe 0.22.0 (https://digitalocean.com)"
138.68.248.85 - - [04/Oct/2024:06:34:22 +0000] "GET /v1-health HTTP/1.1" 200 51 "-" "DigitalOcean Uptime Probe 0.22.0 (https://digitalocean.com)"
159.89.185.30 - - [04/Oct/2024:06:35:04 +0000] "GET /v1-health HTTP/1.1" 200 51 "-" "DigitalOcean Uptime Probe 0.22.0 (https://digitalocean.com)"
178.128.94.113 - - [04/Oct/2024:06:35:18 +0000] "GET /v1-health HTTP/1.1" 200 51 "-" "DigitalOcean Uptime Probe 0.22.0 (https://digitalocean.com)"
142.93.136.176 - - [04/Oct/2024:06:35:22 +0000] "GET /v1-health HTTP/1.1" 200 51 "-" "DigitalOcean Uptime Probe 0.22.0 (https://digitalocean.com)"
138.68.248.85 - - [04/Oct/2024:06:35:22 +0000] "GET /v1-health HTTP/1.1" 200 51 "-" "DigitalOcean Uptime Probe 0.22.0 (https://digitalocean.com)"
159.89.185.30 - - [04/Oct/2024:06:36:04 +0000] "GET /v1-health HTTP/1.1" 200 51 "-" "DigitalOcean Uptime Probe 0.22.0 (https://digitalocean.com)"
178.128.94.113 - - [04/Oct/2024:06:36:18 +0000] "GET /v1-health HTTP/1.1" 200 51 "-" "DigitalOcean Uptime Probe 0.22.0 (https://digitalocean.com)"
142.93.136.176 - - [04/Oct/2024:06:36:22 +0000] "GET /v1-health HTTP/1.1" 200 51 "-" "DigitalOcean Uptime Probe 0.22.0 (https://digitalocean.com)"
138.68.248.85 - - [04/Oct/2024:06:36:22 +0000] "GET /v1-health HTTP/1.1" 200 51 "-" "DigitalOcean Uptime Probe 0.22.0 (https://digitalocean.com)"
159.89.185.30 - - [04/Oct/2024:06:37:04 +0000] "GET /v1-health HTTP/1.1" 200 51 "-" "DigitalOcean Uptime Probe 0.22.0 (https://digitalocean.com)"
185.224.128.59 - - [04/Oct/2024:06:37:06 +0000] "GET /cgi-bin/luci/;stok=/locale HTTP/1.1" 404 162 "-" "-"
167.94.146.53 - - [04/Oct/2024:06:37:11 +0000] "GET / HTTP/1.1" 404 48 "-" "-"
167.94.146.53 - - [04/Oct/2024:06:37:15 +0000] "GET / HTTP/1.1" 404 48 "-" "Mozilla/5.0 (compatible; CensysInspect/1.1; +https://about.censys.io/)"
178.128.94.113 - - [04/Oct/2024:06:37:18 +0000] "GET /v1-health HTTP/1.1" 200 51 "-" "DigitalOcean Uptime Probe 0.22.0 (https://digitalocean.com)"
142.93.136.176 - - [04/Oct/2024:06:37:22 +0000] "GET /v1-health HTTP/1.1" 200 51 "-" "DigitalOcean Uptime Probe 0.22.0 (https://digitalocean.com)"
138.68.248.85 - - [04/Oct/2024:06:37:22 +0000] "GET /v1-health HTTP/1.1" 200 51 "-" "DigitalOcean Uptime Probe 0.22.0 (https://digitalocean.com)"
159.89.185.30 - - [04/Oct/2024:06:38:04 +0000] "GET /v1-health HTTP/1.1" 200 51 "-" "DigitalOcean Uptime Probe 0.22.0 (https://digitalocean.com)"
178.128.94.113 - - [04/Oct/2024:06:38:18 +0000] "GET /v1-health HTTP/1.1" 200 51 "-" "DigitalOcean Uptime Probe 0.22.0 (https://digitalocean.com)"
142.93.136.176 - - [04/Oct/2024:06:38:22 +0000] "GET /v1-health HTTP/1.1" 200 51 "-" "DigitalOcean Uptime Probe 0.22.0 (https://digitalocean.com)"
138.68.248.85 - - [04/Oct/2024:06:38:22 +0000] "GET /v1-health HTTP/1.1" 200 51 "-" "DigitalOcean Uptime Probe 0.22.0 (https://digitalocean.com)"
159.89.82.33 - - [04/Oct/2024:06:38:37 +0000] "GET /v1-health HTTP/1.1" 200 51 "-" "Mozilla/5.0 (Windows NT 10.0; Win64; x64) AppleWebKit/537.36 (KHTML, like Gecko) Chrome/129.0.0.0 Safari/537.36 (StatusCake)"
159.89.185.30 - - [04/Oct/2024:06:39:04 +0000] "GET /v1-health HTTP/1.1" 200 51 "-" "DigitalOcean Uptime Probe 0.22.0 (https://digitalocean.com)"
178.128.94.113 - - [04/Oct/2024:06:39:18 +0000] "GET /v1-health HTTP/1.1" 200 51 "-" "DigitalOcean Uptime Probe 0.22.0 (https://digitalocean.com)"
142.93.136.176 - - [04/Oct/2024:06:39:22 +0000] "GET /v1-health HTTP/1.1" 200 51 "-" "DigitalOcean Uptime Probe 0.22.0 (https://digitalocean.com)"
138.68.248.85 - - [04/Oct/2024:06:39:22 +0000] "GET /v1-health HTTP/1.1" 200 51 "-" "DigitalOcean Uptime Probe 0.22.0 (https://digitalocean.com)"
159.89.185.30 - - [04/Oct/2024:06:40:04 +0000] "GET /v1-health HTTP/1.1" 200 51 "-" "DigitalOcean Uptime Probe 0.22.0 (https://digitalocean.com)"
178.128.94.113 - - [04/Oct/2024:06:40:18 +0000] "GET /v1-health HTTP/1.1" 200 51 "-" "DigitalOcean Uptime Probe 0.22.0 (https://digitalocean.com)"
142.93.136.176 - - [04/Oct/2024:06:40:22 +0000] "GET /v1-health HTTP/1.1" 200 51 "-" "DigitalOcean Uptime Probe 0.22.0 (https://digitalocean.com)"
138.68.248.85 - - [04/Oct/2024:06:40:22 +0000] "GET /v1-health HTTP/1.1" 200 51 "-" "DigitalOcean Uptime Probe 0.22.0 (https://digitalocean.com)"
159.89.185.30 - - [04/Oct/2024:06:41:04 +0000] "GET /v1-health HTTP/1.1" 200 51 "-" "DigitalOcean Uptime Probe 0.22.0 (https://digitalocean.com)"
178.128.94.113 - - [04/Oct/2024:06:41:18 +0000] "GET /v1-health HTTP/1.1" 200 51 "-" "DigitalOcean Uptime Probe 0.22.0 (https://digitalocean.com)"
142.93.136.176 - - [04/Oct/2024:06:41:22 +0000] "GET /v1-health HTTP/1.1" 200 51 "-" "DigitalOcean Uptime Probe 0.22.0 (https://digitalocean.com)"
138.68.248.85 - - [04/Oct/2024:06:41:22 +0000] "GET /v1-health HTTP/1.1" 200 51 "-" "DigitalOcean Uptime Probe 0.22.0 (https://digitalocean.com)"
159.89.185.30 - - [04/Oct/2024:06:42:04 +0000] "GET /v1-health HTTP/1.1" 200 51 "-" "DigitalOcean Uptime Probe 0.22.0 (https://digitalocean.com)"
45.156.30.144 - - [04/Oct/2024:06:42:08 +0000] "OPTIONS /v1-me HTTP/1.1" 200 8 "https://time.fyi/" "Mozilla/5.0 (Linux; Android 10; K) AppleWebKit/537.36 (KHTML, like Gecko) Chrome/129.0.0.0 Mobile Safari/537.36"
45.156.30.144 - - [04/Oct/2024:06:42:08 +0000] "OPTIONS /v1-list-my-timezones HTTP/1.1" 200 8 "https://time.fyi/" "Mozilla/5.0 (Linux; Android 10; K) AppleWebKit/537.36 (KHTML, like Gecko) Chrome/129.0.0.0 Mobile Safari/537.36"
45.156.30.144 - - [04/Oct/2024:06:42:08 +0000] "GET /v1-me HTTP/1.1" 200 201 "https://time.fyi/" "Mozilla/5.0 (Linux; Android 10; K) AppleWebKit/537.36 (KHTML, like Gecko) Chrome/129.0.0.0 Mobile Safari/537.36"
45.156.30.144 - - [04/Oct/2024:06:42:08 +0000] "GET /v1-list-my-timezones HTTP/1.1" 200 156 "https://time.fyi/" "Mozilla/5.0 (Linux; Android 10; K) AppleWebKit/537.36 (KHTML, like Gecko) Chrome/129.0.0.0 Mobile Safari/537.36"
45.156.30.144 - - [04/Oct/2024:06:42:09 +0000] "OPTIONS /v1-list-timezone-teams HTTP/1.1" 200 8 "https://time.fyi/" "Mozilla/5.0 (Linux; Android 10; K) AppleWebKit/537.36 (KHTML, like Gecko) Chrome/129.0.0.0 Mobile Safari/537.36"
45.156.30.144 - - [04/Oct/2024:06:42:09 +0000] "GET /v1-list-timezone-teams HTTP/1.1" 200 2 "https://time.fyi/" "Mozilla/5.0 (Linux; Android 10; K) AppleWebKit/537.36 (KHTML, like Gecko) Chrome/129.0.0.0 Mobile Safari/537.36"
176.241.18.250 - - [04/Oct/2024:06:42:17 +0000] "OPTIONS /v1-me HTTP/1.1" 200 8 "https://time.fyi/" "Mozilla/5.0 (X11; Linux x86_64) AppleWebKit/537.36 (KHTML, like Gecko) Chrome/129.0.0.0 Safari/537.36"
176.241.18.250 - - [04/Oct/2024:06:42:17 +0000] "OPTIONS /v1-list-workspaces HTTP/1.1" 200 8 "https://time.fyi/" "Mozilla/5.0 (X11; Linux x86_64) AppleWebKit/537.36 (KHTML, like Gecko) Chrome/129.0.0.0 Safari/537.36"
176.241.18.250 - - [04/Oct/2024:06:42:17 +0000] "GET /v1-me HTTP/1.1" 304 0 "https://time.fyi/" "Mozilla/5.0 (X11; Linux x86_64) AppleWebKit/537.36 (KHTML, like Gecko) Chrome/129.0.0.0 Safari/537.36"
176.241.18.250 - - [04/Oct/2024:06:42:17 +0000] "GET /v1-list-workspaces HTTP/1.1" 304 0 "https://time.fyi/" "Mozilla/5.0 (X11; Linux x86_64) AppleWebKit/537.36 (KHTML, like Gecko) Chrome/129.0.0.0 Safari/537.36"
176.241.18.250 - - [04/Oct/2024:06:42:18 +0000] "OPTIONS /v1-list-projects/66eeb1fd65c85844abd0ebfb HTTP/1.1" 200 8 "https://time.fyi/" "Mozilla/5.0 (X11; Linux x86_64) AppleWebKit/537.36 (KHTML, like Gecko) Chrome/129.0.0.0 Safari/537.36"
176.241.18.250 - - [04/Oct/2024:06:42:18 +0000] "GET /v1-list-projects/66eeb1fd65c85844abd0ebfb HTTP/1.1" 304 0 "https://time.fyi/" "Mozilla/5.0 (X11; Linux x86_64) AppleWebKit/537.36 (KHTML, like Gecko) Chrome/129.0.0.0 Safari/537.36"
178.128.94.113 - - [04/Oct/2024:06:42:18 +0000] "GET /v1-health HTTP/1.1" 200 51 "-" "DigitalOcean Uptime Probe 0.22.0 (https://digitalocean.com)"
176.241.18.250 - - [04/Oct/2024:06:42:18 +0000] "OPTIONS /v1-list-all-tasks/66eeb1fd65c85844abd0ebfd?status=all&date=2024-10-03 HTTP/1.1" 200 8 "https://time.fyi/" "Mozilla/5.0 (X11; Linux x86_64) AppleWebKit/537.36 (KHTML, like Gecko) Chrome/129.0.0.0 Safari/537.36"
176.241.18.250 - - [04/Oct/2024:06:42:19 +0000] "OPTIONS /v1-list-all-tasks/66eeb1fd65c85844abd0ebfd?status=all&date=2024-10-04 HTTP/1.1" 200 8 "https://time.fyi/" "Mozilla/5.0 (X11; Linux x86_64) AppleWebKit/537.36 (KHTML, like Gecko) Chrome/129.0.0.0 Safari/537.36"
176.241.18.250 - - [04/Oct/2024:06:42:19 +0000] "OPTIONS /v1-list-all-tasks/66eeb1fd65c85844abd0ebfd?status=all&date=2024-10-05 HTTP/1.1" 200 8 "https://time.fyi/" "Mozilla/5.0 (X11; Linux x86_64) AppleWebKit/537.36 (KHTML, like Gecko) Chrome/129.0.0.0 Safari/537.36"
176.241.18.250 - - [04/Oct/2024:06:42:19 +0000] "OPTIONS /v1-list-all-tasks/66eeb1fd65c85844abd0ebfd?status=all&date=2024-10-06 HTTP/1.1" 200 8 "https://time.fyi/" "Mozilla/5.0 (X11; Linux x86_64) AppleWebKit/537.36 (KHTML, like Gecko) Chrome/129.0.0.0 Safari/537.36"
176.241.18.250 - - [04/Oct/2024:06:42:19 +0000] "GET /v1-list-all-tasks/66eeb1fd65c85844abd0ebfd?status=all&date=2024-10-04 HTTP/1.1" 200 585 "https://time.fyi/" "Mozilla/5.0 (X11; Linux x86_64) AppleWebKit/537.36 (KHTML, like Gecko) Chrome/129.0.0.0 Safari/537.36"
176.241.18.250 - - [04/Oct/2024:06:42:19 +0000] "GET /v1-list-all-tasks/66eeb1fd65c85844abd0ebfd?status=all&date=2024-10-03 HTTP/1.1" 304 0 "https://time.fyi/" "Mozilla/5.0 (X11; Linux x86_64) AppleWebKit/537.36 (KHTML, like Gecko) Chrome/129.0.0.0 Safari/537.36"
176.241.18.250 - - [04/Oct/2024:06:42:19 +0000] "GET /v1-list-all-tasks/66eeb1fd65c85844abd0ebfd?status=all&date=2024-10-05 HTTP/1.1" 304 0 "https://time.fyi/" "Mozilla/5.0 (X11; Linux x86_64) AppleWebKit/537.36 (KHTML, like Gecko) Chrome/129.0.0.0 Safari/537.36"
176.241.18.250 - - [04/Oct/2024:06:42:19 +0000] "GET /v1-list-all-tasks/66eeb1fd65c85844abd0ebfd?status=all&date=2024-10-06 HTTP/1.1" 200 2 "https://time.fyi/" "Mozilla/5.0 (X11; Linux x86_64) AppleWebKit/537.36 (KHTML, like Gecko) Chrome/129.0.0.0 Safari/537.36"
176.241.18.250 - - [04/Oct/2024:06:42:19 +0000] "OPTIONS /v1-list-previous-pending-tasks/66eeb1fd65c85844abd0ebfd?date=2024-10-04 HTTP/1.1" 200 8 "https://time.fyi/" "Mozilla/5.0 (X11; Linux x86_64) AppleWebKit/537.36 (KHTML, like Gecko) Chrome/129.0.0.0 Safari/537.36"
176.241.18.250 - - [04/Oct/2024:06:42:19 +0000] "GET /v1-list-previous-pending-tasks/66eeb1fd65c85844abd0ebfd?date=2024-10-04 HTTP/1.1" 200 2 "https://time.fyi/" "Mozilla/5.0 (X11; Linux x86_64) AppleWebKit/537.36 (KHTML, like Gecko) Chrome/129.0.0.0 Safari/537.36"
142.93.136.176 - - [04/Oct/2024:06:42:22 +0000] "GET /v1-health HTTP/1.1" 200 51 "-" "DigitalOcean Uptime Probe 0.22.0 (https://digitalocean.com)"
138.68.248.85 - - [04/Oct/2024:06:42:22 +0000] "GET /v1-health HTTP/1.1" 200 51 "-" "DigitalOcean Uptime Probe 0.22.0 (https://digitalocean.com)"
176.241.18.250 - - [04/Oct/2024:06:42:36 +0000] "GET /v1-me HTTP/1.1" 304 0 "https://time.fyi/" "Mozilla/5.0 (X11; Linux x86_64) AppleWebKit/537.36 (KHTML, like Gecko) Chrome/129.0.0.0 Safari/537.36"
176.241.18.250 - - [04/Oct/2024:06:42:36 +0000] "OPTIONS /v1-list-my-timezones HTTP/1.1" 200 8 "https://time.fyi/" "Mozilla/5.0 (X11; Linux x86_64) AppleWebKit/537.36 (KHTML, like Gecko) Chrome/129.0.0.0 Safari/537.36"
176.241.18.250 - - [04/Oct/2024:06:42:36 +0000] "GET /v1-list-my-timezones HTTP/1.1" 304 0 "https://time.fyi/" "Mozilla/5.0 (X11; Linux x86_64) AppleWebKit/537.36 (KHTML, like Gecko) Chrome/129.0.0.0 Safari/537.36"
176.241.18.250 - - [04/Oct/2024:06:42:37 +0000] "OPTIONS /v1-list-timezone-teams HTTP/1.1" 200 8 "https://time.fyi/" "Mozilla/5.0 (X11; Linux x86_64) AppleWebKit/537.36 (KHTML, like Gecko) Chrome/129.0.0.0 Safari/537.36"
176.241.18.250 - - [04/Oct/2024:06:42:38 +0000] "GET /v1-list-timezone-teams HTTP/1.1" 304 0 "https://time.fyi/" "Mozilla/5.0 (X11; Linux x86_64) AppleWebKit/537.36 (KHTML, like Gecko) Chrome/129.0.0.0 Safari/537.36"
176.241.18.250 - - [04/Oct/2024:06:42:42 +0000] "GET /v1-me HTTP/1.1" 304 0 "https://time.fyi/" "Mozilla/5.0 (X11; Linux x86_64) AppleWebKit/537.36 (KHTML, like Gecko) Chrome/129.0.0.0 Safari/537.36"
176.241.18.250 - - [04/Oct/2024:06:42:42 +0000] "GET /v1-list-workspaces HTTP/1.1" 304 0 "https://time.fyi/" "Mozilla/5.0 (X11; Linux x86_64) AppleWebKit/537.36 (KHTML, like Gecko) Chrome/129.0.0.0 Safari/537.36"
176.241.18.250 - - [04/Oct/2024:06:42:43 +0000] "GET /v1-list-projects/66eeb1fd65c85844abd0ebfb HTTP/1.1" 304 0 "https://time.fyi/" "Mozilla/5.0 (X11; Linux x86_64) AppleWebKit/537.36 (KHTML, like Gecko) Chrome/129.0.0.0 Safari/537.36"
176.241.18.250 - - [04/Oct/2024:06:42:43 +0000] "GET /v1-list-all-tasks/66eeb1fd65c85844abd0ebfd?status=all&date=2024-10-04 HTTP/1.1" 304 0 "https://time.fyi/" "Mozilla/5.0 (X11; Linux x86_64) AppleWebKit/537.36 (KHTML, like Gecko) Chrome/129.0.0.0 Safari/537.36"
176.241.18.250 - - [04/Oct/2024:06:42:44 +0000] "OPTIONS /v1-list-pomodoro-history?startDate=2024-10-04&endDate=2024-10-05 HTTP/1.1" 200 8 "https://time.fyi/" "Mozilla/5.0 (X11; Linux x86_64) AppleWebKit/537.36 (KHTML, like Gecko) Chrome/129.0.0.0 Safari/537.36"
176.241.18.250 - - [04/Oct/2024:06:42:44 +0000] "GET /v1-list-pomodoro-history?startDate=2024-10-04&endDate=2024-10-05 HTTP/1.1" 200 2 "https://time.fyi/" "Mozilla/5.0 (X11; Linux x86_64) AppleWebKit/537.36 (KHTML, like Gecko) Chrome/129.0.0.0 Safari/537.36"
176.241.18.250 - - [04/Oct/2024:06:42:46 +0000] "GET /v1-list-previous-pending-tasks/66eeb1fd65c85844abd0ebfd?date=2024-10-04 HTTP/1.1" 304 0 "https://time.fyi/" "Mozilla/5.0 (X11; Linux x86_64) AppleWebKit/537.36 (KHTML, like Gecko) Chrome/129.0.0.0 Safari/537.36"
176.241.18.250 - - [04/Oct/2024:06:42:49 +0000] "GET /v1-me HTTP/1.1" 304 0 "https://time.fyi/" "Mozilla/5.0 (X11; Linux x86_64) AppleWebKit/537.36 (KHTML, like Gecko) Chrome/129.0.0.0 Safari/537.36"
176.241.18.250 - - [04/Oct/2024:06:42:50 +0000] "GET /v1-list-workspaces HTTP/1.1" 304 0 "https://time.fyi/" "Mozilla/5.0 (X11; Linux x86_64) AppleWebKit/537.36 (KHTML, like Gecko) Chrome/129.0.0.0 Safari/537.36"
176.241.18.250 - - [04/Oct/2024:06:42:51 +0000] "GET /v1-list-projects/66eeb1fd65c85844abd0ebfb HTTP/1.1" 304 0 "https://time.fyi/" "Mozilla/5.0 (X11; Linux x86_64) AppleWebKit/537.36 (KHTML, like Gecko) Chrome/129.0.0.0 Safari/537.36"
176.241.18.250 - - [04/Oct/2024:06:42:53 +0000] "GET /v1-list-all-tasks/66eeb1fd65c85844abd0ebfd?status=all&date=2024-10-03 HTTP/1.1" 304 0 "https://time.fyi/" "Mozilla/5.0 (X11; Linux x86_64) AppleWebKit/537.36 (KHTML, like Gecko) Chrome/129.0.0.0 Safari/537.36"
176.241.18.250 - - [04/Oct/2024:06:42:53 +0000] "GET /v1-list-all-tasks/66eeb1fd65c85844abd0ebfd?status=all&date=2024-10-04 HTTP/1.1" 304 0 "https://time.fyi/" "Mozilla/5.0 (X11; Linux x86_64) AppleWebKit/537.36 (KHTML, like Gecko) Chrome/129.0.0.0 Safari/537.36"
176.241.18.250 - - [04/Oct/2024:06:42:53 +0000] "GET /v1-list-all-tasks/66eeb1fd65c85844abd0ebfd?status=all&date=2024-10-05 HTTP/1.1" 304 0 "https://time.fyi/" "Mozilla/5.0 (X11; Linux x86_64) AppleWebKit/537.36 (KHTML, like Gecko) Chrome/129.0.0.0 Safari/537.36"
176.241.18.250 - - [04/Oct/2024:06:42:54 +0000] "GET /v1-list-all-tasks/66eeb1fd65c85844abd0ebfd?status=all&date=2024-10-06 HTTP/1.1" 304 0 "https://time.fyi/" "Mozilla/5.0 (X11; Linux x86_64) AppleWebKit/537.36 (KHTML, like Gecko) Chrome/129.0.0.0 Safari/537.36"
176.241.18.250 - - [04/Oct/2024:06:42:54 +0000] "OPTIONS /v1-list-dumped-tasks/66eeb1fd65c85844abd0ebfd HTTP/1.1" 200 8 "https://time.fyi/" "Mozilla/5.0 (X11; Linux x86_64) AppleWebKit/537.36 (KHTML, like Gecko) Chrome/129.0.0.0 Safari/537.36"
176.241.18.250 - - [04/Oct/2024:06:42:54 +0000] "GET /v1-list-dumped-tasks/66eeb1fd65c85844abd0ebfd HTTP/1.1" 304 0 "https://time.fyi/" "Mozilla/5.0 (X11; Linux x86_64) AppleWebKit/537.36 (KHTML, like Gecko) Chrome/129.0.0.0 Safari/537.36"
141.98.11.79 - - [04/Oct/2024:06:42:56 +0000] "GET / HTTP/1.1" 200 615 "-" "-"
176.241.18.250 - - [04/Oct/2024:06:42:59 +0000] "GET /v1-list-previous-pending-tasks/66eeb1fd65c85844abd0ebfd?date=2024-10-04 HTTP/1.1" 304 0 "https://time.fyi/" "Mozilla/5.0 (X11; Linux x86_64) AppleWebKit/537.36 (KHTML, like Gecko) Chrome/129.0.0.0 Safari/537.36"
159.89.185.30 - - [04/Oct/2024:06:43:04 +0000] "GET /v1-health HTTP/1.1" 200 51 "-" "DigitalOcean Uptime Probe 0.22.0 (https://digitalocean.com)"
176.241.18.250 - - [04/Oct/2024:06:43:12 +0000] "OPTIONS /v1-list-all-routines/66eeb1fd65c85844abd0ebfd HTTP/1.1" 200 8 "https://time.fyi/" "Mozilla/5.0 (X11; Linux x86_64) AppleWebKit/537.36 (KHTML, like Gecko) Chrome/129.0.0.0 Safari/537.36"
176.241.18.250 - - [04/Oct/2024:06:43:12 +0000] "GET /v1-list-all-routines/66eeb1fd65c85844abd0ebfd HTTP/1.1" 200 339 "https://time.fyi/" "Mozilla/5.0 (X11; Linux x86_64) AppleWebKit/537.36 (KHTML, like Gecko) Chrome/129.0.0.0 Safari/537.36"
178.128.94.113 - - [04/Oct/2024:06:43:18 +0000] "GET /v1-health HTTP/1.1" 200 51 "-" "DigitalOcean Uptime Probe 0.22.0 (https://digitalocean.com)"
142.93.136.176 - - [04/Oct/2024:06:43:22 +0000] "GET /v1-health HTTP/1.1" 200 51 "-" "DigitalOcean Uptime Probe 0.22.0 (https://digitalocean.com)"
138.68.248.85 - - [04/Oct/2024:06:43:22 +0000] "GET /v1-health HTTP/1.1" 200 51 "-" "DigitalOcean Uptime Probe 0.22.0 (https://digitalocean.com)"
176.241.18.250 - - [04/Oct/2024:06:43:29 +0000] "GET /v1-me HTTP/1.1" 304 0 "https://time.fyi/" "Mozilla/5.0 (X11; Linux x86_64) AppleWebKit/537.36 (KHTML, like Gecko) Chrome/129.0.0.0 Safari/537.36"
176.241.18.250 - - [04/Oct/2024:06:43:30 +0000] "GET /v1-list-my-timezones HTTP/1.1" 304 0 "https://time.fyi/" "Mozilla/5.0 (X11; Linux x86_64) AppleWebKit/537.36 (KHTML, like Gecko) Chrome/129.0.0.0 Safari/537.36"
176.241.18.250 - - [04/Oct/2024:06:43:32 +0000] "GET /v1-me HTTP/1.1" 304 0 "https://time.fyi/" "Mozilla/5.0 (X11; Linux x86_64) AppleWebKit/537.36 (KHTML, like Gecko) Chrome/129.0.0.0 Safari/537.36"
176.241.18.250 - - [04/Oct/2024:06:43:32 +0000] "OPTIONS /v1-list-timer-presets HTTP/1.1" 200 8 "https://time.fyi/" "Mozilla/5.0 (X11; Linux x86_64) AppleWebKit/537.36 (KHTML, like Gecko) Chrome/129.0.0.0 Safari/537.36"
176.241.18.250 - - [04/Oct/2024:06:43:32 +0000] "GET /v1-list-timer-presets HTTP/1.1" 200 2 "https://time.fyi/" "Mozilla/5.0 (X11; Linux x86_64) AppleWebKit/537.36 (KHTML, like Gecko) Chrome/129.0.0.0 Safari/537.36"
176.241.18.250 - - [04/Oct/2024:06:43:36 +0000] "GET /v1-me HTTP/1.1" 304 0 "https://time.fyi/" "Mozilla/5.0 (X11; Linux x86_64) AppleWebKit/537.36 (KHTML, like Gecko) Chrome/129.0.0.0 Safari/537.36"
176.241.18.250 - - [04/Oct/2024:06:43:39 +0000] "GET /v1-me HTTP/1.1" 304 0 "https://time.fyi/" "Mozilla/5.0 (X11; Linux x86_64) AppleWebKit/537.36 (KHTML, like Gecko) Chrome/129.0.0.0 Safari/537.36"
176.241.18.250 - - [04/Oct/2024:06:43:39 +0000] "GET /v1-list-workspaces HTTP/1.1" 304 0 "https://time.fyi/" "Mozilla/5.0 (X11; Linux x86_64) AppleWebKit/537.36 (KHTML, like Gecko) Chrome/129.0.0.0 Safari/537.36"
176.241.18.250 - - [04/Oct/2024:06:43:39 +0000] "GET /v1-list-projects/66eeb1fd65c85844abd0ebfb HTTP/1.1" 304 0 "https://time.fyi/" "Mozilla/5.0 (X11; Linux x86_64) AppleWebKit/537.36 (KHTML, like Gecko) Chrome/129.0.0.0 Safari/537.36"
176.241.18.250 - - [04/Oct/2024:06:43:40 +0000] "GET /v1-list-all-tasks/66eeb1fd65c85844abd0ebfd?status=all&date=2024-10-03 HTTP/1.1" 304 0 "https://time.fyi/" "Mozilla/5.0 (X11; Linux x86_64) AppleWebKit/537.36 (KHTML, like Gecko) Chrome/129.0.0.0 Safari/537.36"
149.28.79.140 - - [04/Oct/2024:06:43:40 +0000] "GET /v1-health HTTP/1.1" 200 51 "-" "Mozilla/5.0 (Windows NT 10.0; Win64; x64) AppleWebKit/537.36 (KHTML, like Gecko) Chrome/129.0.0.0 Safari/537.36 (StatusCake)"
176.241.18.250 - - [04/Oct/2024:06:43:41 +0000] "GET /v1-list-all-tasks/66eeb1fd65c85844abd0ebfd?status=all&date=2024-10-05 HTTP/1.1" 304 0 "https://time.fyi/" "Mozilla/5.0 (X11; Linux x86_64) AppleWebKit/537.36 (KHTML, like Gecko) Chrome/129.0.0.0 Safari/537.36"
176.241.18.250 - - [04/Oct/2024:06:43:41 +0000] "GET /v1-list-all-tasks/66eeb1fd65c85844abd0ebfd?status=all&date=2024-10-06 HTTP/1.1" 304 0 "https://time.fyi/" "Mozilla/5.0 (X11; Linux x86_64) AppleWebKit/537.36 (KHTML, like Gecko) Chrome/129.0.0.0 Safari/537.36"
176.241.18.250 - - [04/Oct/2024:06:43:43 +0000] "GET /v1-list-all-tasks/66eeb1fd65c85844abd0ebfd?status=all&date=2024-10-04 HTTP/1.1" 304 0 "https://time.fyi/" "Mozilla/5.0 (X11; Linux x86_64) AppleWebKit/537.36 (KHTML, like Gecko) Chrome/129.0.0.0 Safari/537.36"
176.241.18.250 - - [04/Oct/2024:06:43:46 +0000] "GET /v1-list-previous-pending-tasks/66eeb1fd65c85844abd0ebfd?date=2024-10-04 HTTP/1.1" 304 0 "https://time.fyi/" "Mozilla/5.0 (X11; Linux x86_64) AppleWebKit/537.36 (KHTML, like Gecko) Chrome/129.0.0.0 Safari/537.36"
159.89.185.30 - - [04/Oct/2024:06:44:04 +0000] "GET /v1-health HTTP/1.1" 200 51 "-" "DigitalOcean Uptime Probe 0.22.0 (https://digitalocean.com)"
176.241.18.250 - - [04/Oct/2024:06:44:04 +0000] "OPTIONS /v1-list-sound-presets HTTP/1.1" 200 8 "https://time.fyi/" "Mozilla/5.0 (X11; Linux x86_64) AppleWebKit/537.36 (KHTML, like Gecko) Chrome/129.0.0.0 Safari/537.36"
176.241.18.250 - - [04/Oct/2024:06:44:05 +0000] "GET /v1-list-sound-presets HTTP/1.1" 304 0 "https://time.fyi/" "Mozilla/5.0 (X11; Linux x86_64) AppleWebKit/537.36 (KHTML, like Gecko) Chrome/129.0.0.0 Safari/537.36"
178.128.94.113 - - [04/Oct/2024:06:44:18 +0000] "GET /v1-health HTTP/1.1" 200 51 "-" "DigitalOcean Uptime Probe 0.22.0 (https://digitalocean.com)"
142.93.136.176 - - [04/Oct/2024:06:44:22 +0000] "GET /v1-health HTTP/1.1" 200 51 "-" "DigitalOcean Uptime Probe 0.22.0 (https://digitalocean.com)"
138.68.248.85 - - [04/Oct/2024:06:44:22 +0000] "GET /v1-health HTTP/1.1" 200 51 "-" "DigitalOcean Uptime Probe 0.22.0 (https://digitalocean.com)"
176.241.18.250 - - [04/Oct/2024:06:44:22 +0000] "GET /v1-list-sound-presets HTTP/1.1" 304 0 "https://time.fyi/" "Mozilla/5.0 (X11; Linux x86_64) AppleWebKit/537.36 (KHTML, like Gecko) Chrome/129.0.0.0 Safari/537.36"
176.241.18.250 - - [04/Oct/2024:06:44:28 +0000] "GET /v1-me HTTP/1.1" 304 0 "https://time.fyi/" "Mozilla/5.0 (X11; Linux x86_64) AppleWebKit/537.36 (KHTML, like Gecko) Chrome/129.0.0.0 Safari/537.36"
176.241.18.250 - - [04/Oct/2024:06:44:28 +0000] "GET /v1-list-workspaces HTTP/1.1" 304 0 "https://time.fyi/" "Mozilla/5.0 (X11; Linux x86_64) AppleWebKit/537.36 (KHTML, like Gecko) Chrome/129.0.0.0 Safari/537.36"
176.241.18.250 - - [04/Oct/2024:06:44:28 +0000] "GET /v1-list-projects/66eeb1fd65c85844abd0ebfb HTTP/1.1" 304 0 "https://time.fyi/" "Mozilla/5.0 (X11; Linux x86_64) AppleWebKit/537.36 (KHTML, like Gecko) Chrome/129.0.0.0 Safari/537.36"
176.241.18.250 - - [04/Oct/2024:06:44:29 +0000] "GET /v1-list-all-tasks/66eeb1fd65c85844abd0ebfd?status=all&date=2024-10-04 HTTP/1.1" 304 0 "https://time.fyi/" "Mozilla/5.0 (X11; Linux x86_64) AppleWebKit/537.36 (KHTML, like Gecko) Chrome/129.0.0.0 Safari/537.36"
176.241.18.250 - - [04/Oct/2024:06:44:31 +0000] "GET /v1-list-pomodoro-history?startDate=2024-10-04&endDate=2024-10-05 HTTP/1.1" 304 0 "https://time.fyi/" "Mozilla/5.0 (X11; Linux x86_64) AppleWebKit/537.36 (KHTML, like Gecko) Chrome/129.0.0.0 Safari/537.36"
176.241.18.250 - - [04/Oct/2024:06:44:33 +0000] "GET /v1-list-previous-pending-tasks/66eeb1fd65c85844abd0ebfd?date=2024-10-04 HTTP/1.1" 304 0 "https://time.fyi/" "Mozilla/5.0 (X11; Linux x86_64) AppleWebKit/537.36 (KHTML, like Gecko) Chrome/129.0.0.0 Safari/537.36"
4.246.246.216 - - [04/Oct/2024:06:44:49 +0000] "GET /owa/auth/logon.aspx HTTP/1.1" 404 48 "-" "Mozilla/5.0 zgrab/0.x"
176.241.18.250 - - [04/Oct/2024:06:44:59 +0000] "GET /v1-me HTTP/1.1" 304 0 "https://time.fyi/" "Mozilla/5.0 (X11; Linux x86_64) AppleWebKit/537.36 (KHTML, like Gecko) Chrome/129.0.0.0 Safari/537.36"
176.241.18.250 - - [04/Oct/2024:06:44:59 +0000] "GET /v1-list-my-timezones HTTP/1.1" 304 0 "https://time.fyi/" "Mozilla/5.0 (X11; Linux x86_64) AppleWebKit/537.36 (KHTML, like Gecko) Chrome/129.0.0.0 Safari/537.36"
176.241.18.250 - - [04/Oct/2024:06:44:59 +0000] "GET /v1-list-timezone-teams HTTP/1.1" 304 0 "https://time.fyi/" "Mozilla/5.0 (X11; Linux x86_64) AppleWebKit/537.36 (KHTML, like Gecko) Chrome/129.0.0.0 Safari/537.36"
159.89.185.30 - - [04/Oct/2024:06:45:04 +0000] "GET /v1-health HTTP/1.1" 200 51 "-" "DigitalOcean Uptime Probe 0.22.0 (https://digitalocean.com)"
176.241.18.250 - - [04/Oct/2024:06:45:13 +0000] "GET /v1-me HTTP/1.1" 304 0 "https://time.fyi/" "Mozilla/5.0 (X11; Linux x86_64) AppleWebKit/537.36 (KHTML, like Gecko) Chrome/129.0.0.0 Safari/537.36"
176.241.18.250 - - [04/Oct/2024:06:45:13 +0000] "GET /v1-list-workspaces HTTP/1.1" 304 0 "https://time.fyi/" "Mozilla/5.0 (X11; Linux x86_64) AppleWebKit/537.36 (KHTML, like Gecko) Chrome/129.0.0.0 Safari/537.36"
176.241.18.250 - - [04/Oct/2024:06:45:13 +0000] "GET /v1-list-projects/66eeb1fd65c85844abd0ebfb HTTP/1.1" 304 0 "https://time.fyi/" "Mozilla/5.0 (X11; Linux x86_64) AppleWebKit/537.36 (KHTML, like Gecko) Chrome/129.0.0.0 Safari/537.36"
176.241.18.250 - - [04/Oct/2024:06:45:13 +0000] "GET /v1-list-all-tasks/66eeb1fd65c85844abd0ebfd?status=all&date=2024-10-03 HTTP/1.1" 304 0 "https://time.fyi/" "Mozilla/5.0 (X11; Linux x86_64) AppleWebKit/537.36 (KHTML, like Gecko) Chrome/129.0.0.0 Safari/537.36"
176.241.18.250 - - [04/Oct/2024:06:45:14 +0000] "GET /v1-list-all-tasks/66eeb1fd65c85844abd0ebfd?status=all&date=2024-10-04 HTTP/1.1" 304 0 "https://time.fyi/" "Mozilla/5.0 (X11; Linux x86_64) AppleWebKit/537.36 (KHTML, like Gecko) Chrome/129.0.0.0 Safari/537.36"
176.241.18.250 - - [04/Oct/2024:06:45:14 +0000] "GET /v1-list-all-tasks/66eeb1fd65c85844abd0ebfd?status=all&date=2024-10-05 HTTP/1.1" 304 0 "https://time.fyi/" "Mozilla/5.0 (X11; Linux x86_64) AppleWebKit/537.36 (KHTML, like Gecko) Chrome/129.0.0.0 Safari/537.36"
176.241.18.250 - - [04/Oct/2024:06:45:14 +0000] "GET /v1-list-all-tasks/66eeb1fd65c85844abd0ebfd?status=all&date=2024-10-06 HTTP/1.1" 304 0 "https://time.fyi/" "Mozilla/5.0 (X11; Linux x86_64) AppleWebKit/537.36 (KHTML, like Gecko) Chrome/129.0.0.0 Safari/537.36"
176.241.18.250 - - [04/Oct/2024:06:45:14 +0000] "GET /v1-list-previous-pending-tasks/66eeb1fd65c85844abd0ebfd?date=2024-10-04 HTTP/1.1" 304 0 "https://time.fyi/" "Mozilla/5.0 (X11; Linux x86_64) AppleWebKit/537.36 (KHTML, like Gecko) Chrome/129.0.0.0 Safari/537.36"
178.128.94.113 - - [04/Oct/2024:06:45:18 +0000] "GET /v1-health HTTP/1.1" 200 51 "-" "DigitalOcean Uptime Probe 0.22.0 (https://digitalocean.com)"
142.93.136.176 - - [04/Oct/2024:06:45:22 +0000] "GET /v1-health HTTP/1.1" 200 51 "-" "DigitalOcean Uptime Probe 0.22.0 (https://digitalocean.com)"
138.68.248.85 - - [04/Oct/2024:06:45:22 +0000] "GET /v1-health HTTP/1.1" 200 51 "-" "DigitalOcean Uptime Probe 0.22.0 (https://digitalocean.com)"
176.241.18.250 - - [04/Oct/2024:06:45:40 +0000] "GET /v1-list-dumped-tasks/66eeb1fd65c85844abd0ebfd HTTP/1.1" 304 0 "https://time.fyi/" "Mozilla/5.0 (X11; Linux x86_64) AppleWebKit/537.36 (KHTML, like Gecko) Chrome/129.0.0.0 Safari/537.36"
159.89.185.30 - - [04/Oct/2024:06:46:04 +0000] "GET /v1-health HTTP/1.1" 200 51 "-" "DigitalOcean Uptime Probe 0.22.0 (https://digitalocean.com)"
178.128.94.113 - - [04/Oct/2024:06:46:18 +0000] "GET /v1-health HTTP/1.1" 200 51 "-" "DigitalOcean Uptime Probe 0.22.0 (https://digitalocean.com)"
142.93.136.176 - - [04/Oct/2024:06:46:22 +0000] "GET /v1-health HTTP/1.1" 200 51 "-" "DigitalOcean Uptime Probe 0.22.0 (https://digitalocean.com)"
138.68.248.85 - - [04/Oct/2024:06:46:22 +0000] "GET /v1-health HTTP/1.1" 200 51 "-" "DigitalOcean Uptime Probe 0.22.0 (https://digitalocean.com)"
159.89.185.30 - - [04/Oct/2024:06:47:04 +0000] "GET /v1-health HTTP/1.1" 200 51 "-" "DigitalOcean Uptime Probe 0.22.0 (https://digitalocean.com)"
178.128.94.113 - - [04/Oct/2024:06:47:18 +0000] "GET /v1-health HTTP/1.1" 200 51 "-" "DigitalOcean Uptime Probe 0.22.0 (https://digitalocean.com)"
142.93.136.176 - - [04/Oct/2024:06:47:22 +0000] "GET /v1-health HTTP/1.1" 200 51 "-" "DigitalOcean Uptime Probe 0.22.0 (https://digitalocean.com)"
138.68.248.85 - - [04/Oct/2024:06:47:22 +0000] "GET /v1-health HTTP/1.1" 200 51 "-" "DigitalOcean Uptime Probe 0.22.0 (https://digitalocean.com)"
185.191.126.213 - - [04/Oct/2024:06:47:25 +0000] "GET / HTTP/1.1" 200 615 "-" "-"
159.89.185.30 - - [04/Oct/2024:06:48:04 +0000] "GET /v1-health HTTP/1.1" 200 51 "-" "DigitalOcean Uptime Probe 0.22.0 (https://digitalocean.com)"
178.128.94.113 - - [04/Oct/2024:06:48:18 +0000] "GET /v1-health HTTP/1.1" 200 51 "-" "DigitalOcean Uptime Probe 0.22.0 (https://digitalocean.com)"
142.93.136.176 - - [04/Oct/2024:06:48:22 +0000] "GET /v1-health HTTP/1.1" 200 51 "-" "DigitalOcean Uptime Probe 0.22.0 (https://digitalocean.com)"
138.68.248.85 - - [04/Oct/2024:06:48:22 +0000] "GET /v1-health HTTP/1.1" 200 51 "-" "DigitalOcean Uptime Probe 0.22.0 (https://digitalocean.com)"
167.94.146.55 - - [04/Oct/2024:06:48:26 +0000] "GET / HTTP/1.1" 404 48 "-" "-"
167.94.146.55 - - [04/Oct/2024:06:48:30 +0000] "GET / HTTP/1.1" 404 48 "-" "Mozilla/5.0 (compatible; CensysInspect/1.1; +https://about.censys.io/)"
209.97.171.44 - - [04/Oct/2024:06:48:45 +0000] "GET /v1-health HTTP/1.1" 200 51 "-" "Mozilla/5.0 (Windows NT 10.0; Win64; x64) AppleWebKit/537.36 (KHTML, like Gecko) Chrome/129.0.0.0 Safari/537.36 (StatusCake)"
159.89.185.30 - - [04/Oct/2024:06:49:04 +0000] "GET /v1-health HTTP/1.1" 200 51 "-" "DigitalOcean Uptime Probe 0.22.0 (https://digitalocean.com)"
178.128.94.113 - - [04/Oct/2024:06:49:18 +0000] "GET /v1-health HTTP/1.1" 200 51 "-" "DigitalOcean Uptime Probe 0.22.0 (https://digitalocean.com)"
142.93.136.176 - - [04/Oct/2024:06:49:22 +0000] "GET /v1-health HTTP/1.1" 200 51 "-" "DigitalOcean Uptime Probe 0.22.0 (https://digitalocean.com)"
138.68.248.85 - - [04/Oct/2024:06:49:22 +0000] "GET /v1-health HTTP/1.1" 200 51 "-" "DigitalOcean Uptime Probe 0.22.0 (https://digitalocean.com)"
159.89.185.30 - - [04/Oct/2024:06:50:04 +0000] "GET /v1-health HTTP/1.1" 200 51 "-" "DigitalOcean Uptime Probe 0.22.0 (https://digitalocean.com)"
178.128.94.113 - - [04/Oct/2024:06:50:18 +0000] "GET /v1-health HTTP/1.1" 200 51 "-" "DigitalOcean Uptime Probe 0.22.0 (https://digitalocean.com)"
142.93.136.176 - - [04/Oct/2024:06:50:22 +0000] "GET /v1-health HTTP/1.1" 200 51 "-" "DigitalOcean Uptime Probe 0.22.0 (https://digitalocean.com)"
138.68.248.85 - - [04/Oct/2024:06:50:22 +0000] "GET /v1-health HTTP/1.1" 200 51 "-" "DigitalOcean Uptime Probe 0.22.0 (https://digitalocean.com)"
159.89.185.30 - - [04/Oct/2024:06:51:04 +0000] "GET /v1-health HTTP/1.1" 200 51 "-" "DigitalOcean Uptime Probe 0.22.0 (https://digitalocean.com)"
178.128.94.113 - - [04/Oct/2024:06:51:18 +0000] "GET /v1-health HTTP/1.1" 200 51 "-" "DigitalOcean Uptime Probe 0.22.0 (https://digitalocean.com)"
142.93.136.176 - - [04/Oct/2024:06:51:22 +0000] "GET /v1-health HTTP/1.1" 200 51 "-" "DigitalOcean Uptime Probe 0.22.0 (https://digitalocean.com)"
138.68.248.85 - - [04/Oct/2024:06:51:22 +0000] "GET /v1-health HTTP/1.1" 200 51 "-" "DigitalOcean Uptime Probe 0.22.0 (https://digitalocean.com)"
159.89.185.30 - - [04/Oct/2024:06:52:04 +0000] "GET /v1-health HTTP/1.1" 200 51 "-" "DigitalOcean Uptime Probe 0.22.0 (https://digitalocean.com)"
178.128.94.113 - - [04/Oct/2024:06:52:18 +0000] "GET /v1-health HTTP/1.1" 200 51 "-" "DigitalOcean Uptime Probe 0.22.0 (https://digitalocean.com)"
142.93.136.176 - - [04/Oct/2024:06:52:22 +0000] "GET /v1-health HTTP/1.1" 200 51 "-" "DigitalOcean Uptime Probe 0.22.0 (https://digitalocean.com)"
138.68.248.85 - - [04/Oct/2024:06:52:22 +0000] "GET /v1-health HTTP/1.1" 200 51 "-" "DigitalOcean Uptime Probe 0.22.0 (https://digitalocean.com)"
159.89.185.30 - - [04/Oct/2024:06:53:04 +0000] "GET /v1-health HTTP/1.1" 200 51 "-" "DigitalOcean Uptime Probe 0.22.0 (https://digitalocean.com)"
178.128.94.113 - - [04/Oct/2024:06:53:18 +0000] "GET /v1-health HTTP/1.1" 200 51 "-" "DigitalOcean Uptime Probe 0.22.0 (https://digitalocean.com)"
142.93.136.176 - - [04/Oct/2024:06:53:22 +0000] "GET /v1-health HTTP/1.1" 200 51 "-" "DigitalOcean Uptime Probe 0.22.0 (https://digitalocean.com)"
138.68.248.85 - - [04/Oct/2024:06:53:22 +0000] "GET /v1-health HTTP/1.1" 200 51 "-" "DigitalOcean Uptime Probe 0.22.0 (https://digitalocean.com)"
13.245.222.203 - - [04/Oct/2024:06:53:49 +0000] "GET /v1-health HTTP/1.1" 200 51 "-" "Mozilla/5.0 (Windows NT 10.0; Win64; x64) AppleWebKit/537.36 (KHTML, like Gecko) Chrome/129.0.0.0 Safari/537.36 (StatusCake)"
159.89.185.30 - - [04/Oct/2024:06:54:04 +0000] "GET /v1-health HTTP/1.1" 200 51 "-" "DigitalOcean Uptime Probe 0.22.0 (https://digitalocean.com)"
178.128.94.113 - - [04/Oct/2024:06:54:18 +0000] "GET /v1-health HTTP/1.1" 200 51 "-" "DigitalOcean Uptime Probe 0.22.0 (https://digitalocean.com)"
142.93.136.176 - - [04/Oct/2024:06:54:22 +0000] "GET /v1-health HTTP/1.1" 200 51 "-" "DigitalOcean Uptime Probe 0.22.0 (https://digitalocean.com)"
138.68.248.85 - - [04/Oct/2024:06:54:22 +0000] "GET /v1-health HTTP/1.1" 200 51 "-" "DigitalOcean Uptime Probe 0.22.0 (https://digitalocean.com)"
88.119.23.181 - - [04/Oct/2024:06:54:41 +0000] "OPTIONS /v1-delete-task/66fd32fe65c85844abd19c09 HTTP/1.1" 200 6 "https://time.fyi/" "Mozilla/5.0 (Macintosh; Intel Mac OS X 10_15_7) AppleWebKit/537.36 (KHTML, like Gecko) Chrome/129.0.0.0 Safari/537.36"
88.119.23.181 - - [04/Oct/2024:06:54:42 +0000] "DELETE /v1-delete-task/66fd32fe65c85844abd19c09 HTTP/1.1" 200 40 "https://time.fyi/" "Mozilla/5.0 (Macintosh; Intel Mac OS X 10_15_7) AppleWebKit/537.36 (KHTML, like Gecko) Chrome/129.0.0.0 Safari/537.36"
88.119.23.181 - - [04/Oct/2024:06:54:42 +0000] "OPTIONS /v1-list-all-tasks/66fbab1465c85844abd181c4?status=all&date=2024-10-01 HTTP/1.1" 200 8 "https://time.fyi/" "Mozilla/5.0 (Macintosh; Intel Mac OS X 10_15_7) AppleWebKit/537.36 (KHTML, like Gecko) Chrome/129.0.0.0 Safari/537.36"
88.119.23.181 - - [04/Oct/2024:06:54:43 +0000] "GET /v1-list-all-tasks/66fbab1465c85844abd181c4?status=all&date=2024-10-01 HTTP/1.1" 200 301 "https://time.fyi/" "Mozilla/5.0 (Macintosh; Intel Mac OS X 10_15_7) AppleWebKit/537.36 (KHTML, like Gecko) Chrome/129.0.0.0 Safari/537.36"
